../LoRaWAN/App/lora_app.c:497:13:OnRxData	0	static
../LoRaWAN/App/lora_app.c:534:13:OnJoinRequest	0	static
../LoRaWAN/App/lora_app.c:546:13:OnSysTimeUpdate	0	static
../LoRaWAN/App/lora_app.c:553:13:OnClassChange	0	static
../LoRaWAN/App/lora_app.c:593:13:OnTxFrameCtrlChanged	0	static
../LoRaWAN/App/lora_app.c:604:13:OnPingSlotPeriodicityChanged	0	static
../LoRaWAN/App/lora_app.c:510:13:OnTxTimerEvent	8	static
../LoRaWAN/App/lora_app.c:559:13:OnMacProcessNotify	0	static
../LoRaWAN/App/lora_app.c:571:13:OnTxPeriodicityChanged	8	static
../LoRaWAN/App/lora_app.c:733:13:OnRestoreContextRequest	0	static
../LoRaWAN/App/lora_app.c:446:13:Thd_LoraSendProcess	8	static
../LoRaWAN/App/lora_app.c:480:13:Thd_LoraStopJoin	8	static
../LoRaWAN/App/lora_app.c:463:13:Thd_LoraStoreContext	8	static
../LoRaWAN/App/lora_app.c:430:13:Thd_LmHandlerProcess	8	static
../LoRaWAN/App/lora_app.c:664:13:OnStopJoinTimerEvent	0	static
../LoRaWAN/App/lora_app.c:615:13:OnSystemReset	8	static,ignoring_inline_asm
../LoRaWAN/App/lora_app.c:700:13:OnNvmDataChange	0	static
../LoRaWAN/App/lora_app.c:718:13:OnStoreContextRequest	16	static
../LoRaWAN/App/lora_app.c:540:13:OnBeaconStatusChange	0	static
../LoRaWAN/App/lora_app.c:528:13:OnTxData	0	static
../LoRaWAN/App/lora_app.c:356:6:LoRaWAN_Init	16	static
