../MbMux/LmHandler_mbwrapper.cpp:102:24:LmHandlerErrorStatus_t LmHandlerInit(LmHandlerCallbacks_t*, uint32_t)	24	static
../MbMux/LmHandler_mbwrapper.cpp:146:24:LmHandlerErrorStatus_t LmHandlerDeInit()	16	static
../MbMux/LmHandler_mbwrapper.cpp:168:24:LmHandlerErrorStatus_t LmHandlerConfigure(LmHandlerParams_t*)	32	static
../MbMux/LmHandler_mbwrapper.cpp:202:23:LmHandlerFlagStatus_t LmHandlerJoinStatus()	16	static
../MbMux/LmHandler_mbwrapper.cpp:224:6:void LmHandlerJoin(ActivationType_t, bool)	32	static
../MbMux/LmHandler_mbwrapper.cpp:249:24:LmHandlerErrorStatus_t LmHandlerStop()	16	static
../MbMux/LmHandler_mbwrapper.cpp:271:24:LmHandlerErrorStatus_t LmHandlerHalt()	16	static
../MbMux/LmHandler_mbwrapper.cpp:293:6:bool LmHandlerIsBusy()	16	static
../MbMux/LmHandler_mbwrapper.cpp:316:24:LmHandlerErrorStatus_t LmHandlerSend(LmHandlerAppData_t*, LmHandlerMsgTypes_t, bool)	32	static
../MbMux/LmHandler_mbwrapper.cpp:360:6:void LmHandlerProcess()	16	static
../MbMux/LmHandler_mbwrapper.cpp:380:13:UTIL_TIMER_Time_t LmHandlerGetDutyCycleWaitTime()	16	static
../MbMux/LmHandler_mbwrapper.cpp:402:24:LmHandlerErrorStatus_t LmHandlerRequestClass(DeviceClass_t)	32	static
../MbMux/LmHandler_mbwrapper.cpp:428:24:LmHandlerErrorStatus_t LmHandlerGetCurrentClass(DeviceClass_t*)	32	static
../MbMux/LmHandler_mbwrapper.cpp:464:24:LmHandlerErrorStatus_t LmHandlerGetDevEUI(uint8_t*)	32	static
../MbMux/LmHandler_mbwrapper.cpp:500:24:LmHandlerErrorStatus_t LmHandlerSetDevEUI(uint8_t*)	32	static
../MbMux/LmHandler_mbwrapper.cpp:536:24:LmHandlerErrorStatus_t LmHandlerGetAppEUI(uint8_t*)	32	static
../MbMux/LmHandler_mbwrapper.cpp:572:24:LmHandlerErrorStatus_t LmHandlerSetAppEUI(uint8_t*)	32	static
../MbMux/LmHandler_mbwrapper.cpp:608:24:LmHandlerErrorStatus_t LmHandlerGetKey(KeyIdentifier_t, uint8_t*)	32	static
../MbMux/LmHandler_mbwrapper.cpp:645:24:LmHandlerErrorStatus_t LmHandlerSetKey(KeyIdentifier_t, uint8_t*)	32	static
../MbMux/LmHandler_mbwrapper.cpp:682:24:LmHandlerErrorStatus_t LmHandlerGetNetworkID(uint32_t*)	32	static
../MbMux/LmHandler_mbwrapper.cpp:718:24:LmHandlerErrorStatus_t LmHandlerSetNetworkID(uint32_t)	32	static
../MbMux/LmHandler_mbwrapper.cpp:745:24:LmHandlerErrorStatus_t LmHandlerGetDevAddr(uint32_t*)	32	static
../MbMux/LmHandler_mbwrapper.cpp:781:24:LmHandlerErrorStatus_t LmHandlerSetDevAddr(uint32_t)	32	static
../MbMux/LmHandler_mbwrapper.cpp:808:24:LmHandlerErrorStatus_t LmHandlerGetActiveRegion(LoRaMacRegion_t*)	32	static
../MbMux/LmHandler_mbwrapper.cpp:844:24:LmHandlerErrorStatus_t LmHandlerSetActiveRegion(LoRaMacRegion_t)	32	static
../MbMux/LmHandler_mbwrapper.cpp:874:24:LmHandlerErrorStatus_t LmHandlerGetAdrEnable(bool*)	32	static
../MbMux/LmHandler_mbwrapper.cpp:910:24:LmHandlerErrorStatus_t LmHandlerSetAdrEnable(bool)	32	static
../MbMux/LmHandler_mbwrapper.cpp:937:24:LmHandlerErrorStatus_t LmHandlerGetTxDatarate(int8_t*)	32	static
../MbMux/LmHandler_mbwrapper.cpp:973:24:LmHandlerErrorStatus_t LmHandlerSetTxDatarate(int8_t)	32	static
../MbMux/LmHandler_mbwrapper.cpp:1000:24:LmHandlerErrorStatus_t LmHandlerGetDutyCycleEnable(bool*)	32	static
../MbMux/LmHandler_mbwrapper.cpp:1036:24:LmHandlerErrorStatus_t LmHandlerSetDutyCycleEnable(bool)	32	static
../MbMux/LmHandler_mbwrapper.cpp:1063:24:LmHandlerErrorStatus_t LmHandlerGetRX2Params(RxChannelParams_t*)	32	static
../MbMux/LmHandler_mbwrapper.cpp:1099:24:LmHandlerErrorStatus_t LmHandlerGetTxPower(int8_t*)	32	static
../MbMux/LmHandler_mbwrapper.cpp:1135:24:LmHandlerErrorStatus_t LmHandlerGetRx1Delay(uint32_t*)	32	static
../MbMux/LmHandler_mbwrapper.cpp:1171:24:LmHandlerErrorStatus_t LmHandlerGetRx2Delay(uint32_t*)	32	static
../MbMux/LmHandler_mbwrapper.cpp:1207:24:LmHandlerErrorStatus_t LmHandlerGetJoinRx1Delay(uint32_t*)	32	static
../MbMux/LmHandler_mbwrapper.cpp:1243:24:LmHandlerErrorStatus_t LmHandlerGetJoinRx2Delay(uint32_t*)	32	static
../MbMux/LmHandler_mbwrapper.cpp:1279:24:LmHandlerErrorStatus_t LmHandlerSetRX2Params(RxChannelParams_t*)	32	static
../MbMux/LmHandler_mbwrapper.cpp:1315:24:LmHandlerErrorStatus_t LmHandlerSetTxPower(int8_t)	32	static
../MbMux/LmHandler_mbwrapper.cpp:1342:24:LmHandlerErrorStatus_t LmHandlerSetRx1Delay(uint32_t)	32	static
../MbMux/LmHandler_mbwrapper.cpp:1369:24:LmHandlerErrorStatus_t LmHandlerSetRx2Delay(uint32_t)	32	static
../MbMux/LmHandler_mbwrapper.cpp:1396:24:LmHandlerErrorStatus_t LmHandlerSetJoinRx1Delay(uint32_t)	32	static
../MbMux/LmHandler_mbwrapper.cpp:1423:24:LmHandlerErrorStatus_t LmHandlerSetJoinRx2Delay(uint32_t)	32	static
../MbMux/LmHandler_mbwrapper.cpp:1450:24:LmHandlerErrorStatus_t LmHandlerGetPingPeriodicity(uint8_t*)	32	static
../MbMux/LmHandler_mbwrapper.cpp:1486:24:LmHandlerErrorStatus_t LmHandlerSetPingPeriodicity(uint8_t)	32	static
../MbMux/LmHandler_mbwrapper.cpp:1513:24:LmHandlerErrorStatus_t LmHandlerGetBeaconState(BeaconState_t*)	32	static
../MbMux/LmHandler_mbwrapper.cpp:1549:24:LmHandlerErrorStatus_t LmHandlerLinkCheckReq()	16	static
../MbMux/LmHandler_mbwrapper.cpp:1571:24:LmHandlerErrorStatus_t LmHandlerDeviceTimeReq()	16	static
../MbMux/LmHandler_mbwrapper.cpp:1593:24:LmHandlerErrorStatus_t LmHandlerGetVersion(LmHandlerVersionType_t, uint32_t*)	32	static
../MbMux/LmHandler_mbwrapper.cpp:1630:24:LmHandlerErrorStatus_t LmHandlerNvmDataStore()	16	static
../MbMux/LmHandler_mbwrapper.cpp:1653:6:void LoraInfo_Init()	16	static
../MbMux/LmHandler_mbwrapper.cpp:1673:13:LoraInfo_t* LoraInfo_GetPtr()	16	static
../MbMux/LmHandler_mbwrapper.cpp:1687:6:void Process_Lora_Notif(MBMUX_ComParam_t*)	24	static
