../MbMux/mbmuxif_radio.cpp:113:8:int8_t MBMUXIF_RadioInit()	32	static
../MbMux/mbmuxif_radio.cpp:169:19:MBMUX_ComParam_t* MBMUXIF_GetRadioFeatureCmdComPtr()	16	static
../MbMux/mbmuxif_radio.cpp:185:6:void MBMUXIF_RadioSendCmd()	8	static
../MbMux/mbmuxif_radio.cpp:203:6:void MBMUXIF_RadioSendAck()	8	static
../MbMux/mbmuxif_radio.cpp:222:13:void MBMUXIF_IsrRadioRespRcvCb(void*)	16	static
../MbMux/mbmuxif_radio.cpp:233:13:void MBMUXIF_IsrRadioNotifRcvCb(void*)	16	static
../MbMux/mbmuxif_radio.cpp:245:13:void MBMUXIF_TaskRadioNotifRcv()	8	static
../MbMux/mbmuxif_radio.cpp:256:13:void Thd_RadioNotifRcvProcess(void*)	16	static
