../MbMux/mbmuxif_lora.cpp:113:8:int8_t MBMUXIF_LoraInit()	32	static
../MbMux/mbmuxif_lora.cpp:170:19:MBMUX_ComParam_t* MBMUXIF_GetLoraFeatureCmdComPtr()	16	static
../MbMux/mbmuxif_lora.cpp:186:6:void MBMUXIF_LoraSendCmd()	8	static
../MbMux/mbmuxif_lora.cpp:204:6:void MBMUXIF_LoraSendAck()	8	static
../MbMux/mbmuxif_lora.cpp:223:13:void MBMUXIF_IsrLoraRespRcvCb(void*)	16	static
../MbMux/mbmuxif_lora.cpp:234:13:void MBMUXIF_IsrLoraNotifRcvCb(void*)	16	static
../MbMux/mbmuxif_lora.cpp:246:13:void MBMUXIF_TaskLoraNotifRcv()	8	static
../MbMux/mbmuxif_lora.cpp:257:13:void Thd_LoraNotifRcvProcess(void*)	16	static
