../../Drivers/STM32WLxx_HAL_Driver/Inc/stm32wlxx_ll_system.h:1172:26:uint32_t LL_DBGMCU_GetRevisionID()	4	static
../MbMux/mbmuxif_sys.cpp:144:8:int8_t MBMUXIF_SystemInit()	96	static
../MbMux/mbmuxif_sys.cpp:273:8:int8_t MBMUXIF_SystemPrio_Add(FEAT_INFO_IdTypeDef)	32	static
../MbMux/mbmuxif_sys.cpp:332:6:void MBMUXIF_SetCpusSynchroFlag(uint16_t)	16	static
../MbMux/mbmuxif_sys.cpp:340:6:void MBMUXIF_WaitCm0MbmuxIsInitialized()	4	static
../MbMux/mbmuxif_sys.cpp:350:19:MBMUX_ComParam_t* MBMUXIF_GetSystemFeatureCmdComPtr(FEAT_INFO_IdTypeDef)	24	static
../MbMux/mbmuxif_sys.cpp:363:6:void MBMUXIF_SystemAllowSequencerForSysCmd()	4	static
../MbMux/mbmuxif_sys.cpp:371:6:void MBMUXIF_SystemSendCmd(FEAT_INFO_IdTypeDef)	16	static
../MbMux/mbmuxif_sys.cpp:409:6:void MBMUXIF_SystemSendAck(FEAT_INFO_IdTypeDef)	16	static
../MbMux/mbmuxif_sys.cpp:428:19:FEAT_INFO_List_t* MBMUXIF_SystemSendCm0plusInfoListReq()	16	static
../MbMux/mbmuxif_sys.cpp:454:20:FEAT_INFO_Param_t* MBMUXIF_SystemGetFeatCapabInfoPtr(FEAT_INFO_IdTypeDef)	32	static
../MbMux/mbmuxif_sys.cpp:494:8:int8_t MBMUXIF_SystemSendCm0plusRegistrationCmd(FEAT_INFO_IdTypeDef)	32	static
../MbMux/mbmuxif_sys.cpp:528:13:void MBMUXIF_IsrSystemRespRcvCb(void*)	16	static
../MbMux/mbmuxif_sys.cpp:545:13:void MBMUXIF_IsrSystemNotifRcvCb(void*)	16	static
../MbMux/mbmuxif_sys.cpp:557:13:void Thd_SysNotifRcvProcess(void*)	16	static
../MbMux/mbmuxif_sys.cpp:575:13:void MBMUXIF_TaskSystemNotifRcv()	8	static
../MbMux/mbmuxif_sys.cpp:586:13:void MBMUXIF_IsrSystemPrioARespRcvCb(void*)	16	static
../MbMux/mbmuxif_sys.cpp:593:13:void MBMUXIF_IsrSystemPrioANotifRcvCb(void*)	16	static
../MbMux/mbmuxif_sys.cpp:606:13:void MBMUXIF_IsrSystemPrioBRespRcvCb(void*)	16	static
../MbMux/mbmuxif_sys.cpp:613:13:void MBMUXIF_IsrSystemPrioBNotifRcvCb(void*)	16	static
