../Core/Src/flash_if.cpp:124:24:FLASH_IF_StatusTypedef FLASH_IF_Init(void*)	24	static
../Core/Src/flash_if.cpp:138:24:FLASH_IF_StatusTypedef FLASH_IF_DeInit()	16	static
../Core/Src/flash_if.cpp:152:24:FLASH_IF_StatusTypedef FLASH_IF_Write(void*, const void*, uint32_t)	32	static
../Core/Src/flash_if.cpp:168:24:FLASH_IF_StatusTypedef FLASH_IF_Read(void*, const void*, uint32_t)	32	static
../Core/Src/flash_if.cpp:184:24:FLASH_IF_StatusTypedef FLASH_IF_Erase(void*, uint32_t)	24	static
../Core/Src/flash_if.cpp:208:31:FLASH_IF_StatusTypedef FLASH_IF_INT_Write(void*, const void*, uint32_t)	72	static
../Core/Src/flash_if.cpp:335:31:FLASH_IF_StatusTypedef FLASH_IF_INT_Read(void*, const void*, uint32_t)	32	static
../Core/Src/flash_if.cpp:353:31:FLASH_IF_StatusTypedef FLASH_IF_INT_Erase(void*, uint32_t)	40	static
../Core/Src/flash_if.cpp:405:16:int32_t FLASH_IF_INT_IsEmpty(void*, uint32_t)	24	static
../Core/Src/flash_if.cpp:427:31:FLASH_IF_StatusTypedef FLASH_IF_INT_Clear_Error()	16	static
../Core/Src/flash_if.cpp:458:6:void HAL_FLASH_EndOfOperationCallback(uint32_t)	16	static
../Core/Src/flash_if.cpp:475:6:void HAL_FLASH_OperationErrorCallback(uint32_t)	16	static
