../../Drivers/STM32WLxx_HAL_Driver/Inc/stm32wlxx_ll_pwr.h:2196:22:void LL_PWR_ClearFlag_C1STOP_C1STB()	4	static
../Core/Src/stm32_lpm_if.cpp:78:6:void PWR_EnterOffMode()	4	static
../Core/Src/stm32_lpm_if.cpp:85:6:void PWR_ExitOffMode()	4	static
../Core/Src/stm32_lpm_if.cpp:92:6:void PWR_EnterStopMode()	8	static
../Core/Src/stm32_lpm_if.cpp:110:6:void PWR_ExitStopMode()	8	static
../Core/Src/stm32_lpm_if.cpp:129:6:void PWR_EnterSleepMode()	8	static
../Core/Src/stm32_lpm_if.cpp:145:6:void PWR_ExitSleepMode()	8	static
