../Core/Src/stm32wlxx_it.cpp:72:6:void NMI_Handler()	4	static
../Core/Src/stm32wlxx_it.cpp:87:6:void HardFault_Handler()	4	static
../Core/Src/stm32wlxx_it.cpp:102:6:void MemManage_Handler()	4	static
../Core/Src/stm32wlxx_it.cpp:117:6:void BusFault_Handler()	4	static
../Core/Src/stm32wlxx_it.cpp:132:6:void UsageFault_Handler()	4	static
../Core/Src/stm32wlxx_it.cpp:147:6:void DebugMon_Handler()	4	static
../Core/Src/stm32wlxx_it.cpp:167:6:void EXTI9_5_IRQHandler()	8	static
../Core/Src/stm32wlxx_it.cpp:182:6:void TIM2_IRQHandler()	8	static
../Core/Src/stm32wlxx_it.cpp:196:6:void I2C2_EV_IRQHandler()	8	static
../Core/Src/stm32wlxx_it.cpp:210:6:void I2C2_ER_IRQHandler()	8	static
../Core/Src/stm32wlxx_it.cpp:224:6:void IPCC_C1_RX_IRQHandler()	8	static
../Core/Src/stm32wlxx_it.cpp:238:6:void IPCC_C1_TX_IRQHandler()	8	static
