../../Drivers/STM32WLxx_HAL_Driver/Inc/stm32wlxx_ll_rtc.h:1526:26:uint32_t LL_RTC_TIME_GetSubSecond(RTC_TypeDef*)	16	static
../Core/Src/timer_if.cpp:161:21:UTIL_TIMER_Status_t TIMER_IF_Init()	16	static
../Core/Src/timer_if.cpp:175:21:UTIL_TIMER_Status_t TIMER_IF_StartTimer(uint32_t)	64	static
../Core/Src/timer_if.cpp:203:21:UTIL_TIMER_Status_t TIMER_IF_StopTimer()	16	static
../Core/Src/timer_if.cpp:219:10:uint32_t TIMER_IF_SetTimerContext()	8	static
../Core/Src/timer_if.cpp:233:10:uint32_t TIMER_IF_GetTimerContext()	4	static
../Core/Src/timer_if.cpp:244:10:uint32_t TIMER_IF_GetTimerElapsedTime()	16	static
../Core/Src/timer_if.cpp:257:10:uint32_t TIMER_IF_GetTimerValue()	16	static
../Core/Src/timer_if.cpp:273:10:uint32_t TIMER_IF_GetMinimumTimeout()	16	static
../Core/Src/timer_if.cpp:286:10:uint32_t TIMER_IF_Convert_ms2Tick(uint32_t)	32	static
../Core/Src/timer_if.cpp:299:10:uint32_t TIMER_IF_Convert_Tick2ms(uint32_t)	48	static
../Core/Src/timer_if.cpp:312:6:void TIMER_IF_DelayMs(uint32_t)	24	static,ignoring_inline_asm
../Core/Src/timer_if.cpp:330:10:uint32_t TIMER_IF_GetTime(uint16_t*)	80	static
../Core/Src/timer_if.cpp:354:6:void TIMER_IF_BkUp_Write_Seconds(uint32_t)	16	static
../Core/Src/timer_if.cpp:365:6:void TIMER_IF_BkUp_Write_SubSeconds(uint32_t)	16	static
../Core/Src/timer_if.cpp:376:10:uint32_t TIMER_IF_BkUp_Read_Seconds()	16	static
../Core/Src/timer_if.cpp:389:10:uint32_t TIMER_IF_BkUp_Read_SubSeconds()	16	static
../Core/Src/timer_if.cpp:407:17:uint32_t TIMER_IF_BkUp_Read_MSBticks()	16	static
../Core/Src/timer_if.cpp:420:24:uint32_t GetTimerTicks()	16	static
