../../Drivers/STM32WLxx_HAL_Driver/Inc/stm32wlxx_ll_bus.h:1062:22:void LL_APB1_GRP1_ForceReset(uint32_t)	16	static
../../Drivers/STM32WLxx_HAL_Driver/Inc/stm32wlxx_ll_bus.h:1107:22:void LL_APB1_GRP1_ReleaseReset(uint32_t)	16	static
../../Drivers/STM32WLxx_HAL_Driver/Inc/stm32wlxx_ll_exti.h:265:22:void LL_EXTI_EnableIT_0_31(uint32_t)	16	static
../Core/Src/usart_if.cpp:101:25:UTIL_ADV_TRACE_Status_t vcom_Init(void (*)(void*))	16	static
../Core/Src/usart_if.cpp:116:25:UTIL_ADV_TRACE_Status_t vcom_DeInit()	8	static
../Core/Src/usart_if.cpp:139:6:void vcom_Trace(uint8_t*, uint16_t)	16	static
../Core/Src/usart_if.cpp:150:25:UTIL_ADV_TRACE_Status_t vcom_Trace_DMA(uint8_t*, uint16_t)	16	static
../Core/Src/usart_if.cpp:162:25:UTIL_ADV_TRACE_Status_t vcom_ReceiveInit(void (*)(uint8_t*, uint16_t, uint8_t))	24	static
../Core/Src/usart_if.cpp:198:6:void vcom_Resume()	8	static
../Core/Src/usart_if.cpp:219:6:void HAL_UART_TxCpltCallback(UART_HandleTypeDef*)	16	static
../Core/Src/usart_if.cpp:234:6:void HAL_UART_RxCpltCallback(UART_HandleTypeDef*)	16	static
