../Core/Src/threads/fsmTask.cpp:496:6:void sendMessage(uint8_t, ModuleId_t)	40	static
../Core/Src/threads/fsmTask.cpp:513:19:HAL_StatusTypeDef updatePosition(Message*, fsmTaskParams*)	40	static
../Core/Src/threads/fsmTask.cpp:547:6:void sendPosition(uint8_t, ModuleId_t, fsmTaskParams*)	56	static
../Core/Src/threads/fsmTask.cpp:555:19:HAL_StatusTypeDef loraTxResponse(Message*)	16	static
../Core/Src/threads/fsmTask.cpp:600:6:void updateFence(fsmTaskParams*)	0	static
../Core/Src/threads/fsmTask.cpp:604:19:HAL_StatusTypeDef isInFence(fsmTaskParams*)	8	static
../Core/Src/threads/fsmTask.cpp:613:19:HAL_StatusTypeDef updateDistAndZone(Message*, fsmTaskParams*)	16	static
../Core/Src/threads/fsmTask.cpp:642:19:HAL_StatusTypeDef updateAcceleration(Message*, fsmTaskParams*)	32	static
../Core/Src/threads/fsmTask.cpp:678:10:CowState classifyMotion(Acceleration)	24	static
../Core/Src/threads/fsmTask.cpp:674:6:void updateState(fsmTaskParams*)	32	static
../Core/Src/threads/fsmTask.cpp:691:6:void updateGpsAdqTime(GpsRate)	32	static
../Core/Src/threads/fsmTask.cpp:697:6:void enterLowPowerSleep()	8	static
../Core/Src/threads/fsmTask.cpp:719:19:HAL_StatusTypeDef gpsResponse(Message*)	16	static
../Core/Src/threads/fsmTask.cpp:735:6:void sendZoneToStimulus(zone_t, ModuleId_t)	32	static
../Core/Src/threads/fsmTask.cpp:741:19:HAL_StatusTypeDef receivedStimulusResponse(Message*)	16	static
C:\ST\STM32CubeIDE_1.16.1\STM32CubeIDE\plugins\com.st.stm32cube.ide.mcu.externaltools.gnu-tools-for-stm32.12.3.rel1.win32_1.0.200.202406191623\tools\bin/../lib/gcc/arm-none-eabi/12.3.1/../../../../arm-none-eabi/include/c++/12.3.1/bits/stl_vector.h:364:7:std::_Vector_base<_Tp, _Alloc>::~_Vector_base() [with _Tp = Vertex; _Alloc = std::allocator<Vertex>]	8	static
C:\ST\STM32CubeIDE_1.16.1\STM32CubeIDE\plugins\com.st.stm32cube.ide.mcu.externaltools.gnu-tools-for-stm32.12.3.rel1.win32_1.0.200.202406191623\tools\arm-none-eabi\include\c++\12.3.1\bits\stl_uninitialized.h:655:9:static _ForwardIterator std::__uninitialized_default_n_1<true>::__uninit_default_n(_ForwardIterator, _Size) [with _ForwardIterator = Vertex*; _Size = unsigned int]	20	static
../Core/Src/threads/fsmTask.cpp:572:19:HAL_StatusTypeDef receivedFence(Message*, fsmTaskParams*)	56	static
../Core/Src/threads/fsmTask.cpp:501:19:HAL_StatusTypeDef dequeuedMessage(Message**, fsmTaskParams*)	16	static
../Core/Src/threads/fsmTask.cpp:79:6:void runStartupRoutineFSM(MainFSM_t, StartupRoutineState_t*, Message**, uint8_t, fsmTaskParams*)	24	static
../Core/Src/threads/fsmTask.cpp:14:6:void fsmTask(void*)	56	static
../Core/Src/threads/fsmTask.cpp:207:6:void runInitializeFSM(NormalOpFSM_t, InitializeState_t, Message**, uint8_t, fsmTaskParams*)	16	static
../Core/Src/threads/fsmTask.cpp:265:6:void runGreenZoneFSM(NormalOpFSM_t, GreenZoneState_t, Message**, uint8_t, fsmTaskParams*)	16	static
../Core/Src/threads/fsmTask.cpp:364:6:void runStimulusZoneFSM(NormalOpFSM_t, StimulusZone_t, Message**, uint8_t, fsmTaskParams*)	8	static
../Core/Src/threads/fsmTask.cpp:190:6:void runNormalOperationFSM(NormalOpFSM_t, InitializeState_t, GreenZoneState_t, StimulusZone_t, Message**, uint8_t, fsmTaskParams*)	16	static
../Core/Src/threads/fsmTask.cpp:397:6:void runFenceTransitionFSM(MainFSM_t, FenceTransitionState_t, Message**, uint8_t, fsmTaskParams*)	16	static
