../../Drivers/CMSIS/Include/core_cm4.h:1933:34:void __NVIC_SystemReset()	4	static,ignoring_inline_asm
../LoRaWAN/App/lora_app.cpp:341:6:void LoRaWAN_Init()	16	static
../LoRaWAN/App/lora_app.cpp:430:13:void Thd_LoraSendProcess(void*)	16	static
../LoRaWAN/App/lora_app.cpp:447:13:void Thd_LoraStoreContext(void*)	16	static
../LoRaWAN/App/lora_app.cpp:464:13:void Thd_LoraStopJoin(void*)	16	static
../LoRaWAN/App/lora_app.cpp:481:13:void OnRxData(LmHandlerAppData_t*, LmHandlerRxParams_t*)	40	static
../LoRaWAN/App/lora_app.cpp:497:13:void SendTxData()	4	static
../LoRaWAN/App/lora_app.cpp:504:13:void OnTxTimerEvent(void*)	16	static
../LoRaWAN/App/lora_app.cpp:522:13:void OnTxData(LmHandlerTxParams_t*)	16	static
../LoRaWAN/App/lora_app.cpp:528:13:void OnJoinRequest(LmHandlerJoinParams_t*)	16	static
../LoRaWAN/App/lora_app.cpp:534:13:void OnBeaconStatusChange(LmHandlerBeaconParams_t*)	16	static
../LoRaWAN/App/lora_app.cpp:540:13:void OnSysTimeUpdate()	4	static
../LoRaWAN/App/lora_app.cpp:547:13:void OnClassChange(DeviceClass_t)	16	static
../LoRaWAN/App/lora_app.cpp:553:13:void OnMacProcessNotify()	4	static
../LoRaWAN/App/lora_app.cpp:560:13:void OnTxPeriodicityChanged(uint32_t)	16	static
../LoRaWAN/App/lora_app.cpp:582:13:void OnTxFrameCtrlChanged(LmHandlerMsgTypes_t)	16	static
../LoRaWAN/App/lora_app.cpp:593:13:void OnPingSlotPeriodicityChanged(uint8_t)	16	static
../LoRaWAN/App/lora_app.cpp:604:13:void OnSystemReset()	8	static
../LoRaWAN/App/lora_app.cpp:618:13:void StopJoin()	8	static
../LoRaWAN/App/lora_app.cpp:653:13:void OnStopJoinTimerEvent(void*)	16	static
../LoRaWAN/App/lora_app.cpp:667:13:void StoreContext()	16	static
../LoRaWAN/App/lora_app.cpp:689:13:void OnNvmDataChange(LmHandlerNvmContextStates_t)	16	static
../LoRaWAN/App/lora_app.cpp:707:13:void OnStoreContextRequest(void*, uint32_t)	16	static
../LoRaWAN/App/lora_app.cpp:722:13:void OnRestoreContextRequest(void*, uint32_t)	16	static
