../../Drivers/CMSIS/Include/core_cm4.h:1933:34:void __NVIC_SystemReset()	4	static,ignoring_inline_asm
../LoRaWAN/App/lora_app.cpp:339:6:void LoRaWAN_Init()	16	static
../LoRaWAN/App/lora_app.cpp:428:13:void Thd_LoraSendProcess(void*)	16	static
../LoRaWAN/App/lora_app.cpp:445:13:void Thd_LoraStoreContext(void*)	16	static
../LoRaWAN/App/lora_app.cpp:462:13:void Thd_LoraStopJoin(void*)	16	static
../LoRaWAN/App/lora_app.cpp:479:13:void OnRxData(LmHandlerAppData_t*, LmHandlerRxParams_t*)	16	static
../LoRaWAN/App/lora_app.cpp:485:13:void SendTxData()	4	static
../LoRaWAN/App/lora_app.cpp:492:13:void OnTxTimerEvent(void*)	16	static
../LoRaWAN/App/lora_app.cpp:510:13:void OnTxData(LmHandlerTxParams_t*)	16	static
../LoRaWAN/App/lora_app.cpp:516:13:void OnJoinRequest(LmHandlerJoinParams_t*)	16	static
../LoRaWAN/App/lora_app.cpp:522:13:void OnBeaconStatusChange(LmHandlerBeaconParams_t*)	16	static
../LoRaWAN/App/lora_app.cpp:528:13:void OnSysTimeUpdate()	4	static
../LoRaWAN/App/lora_app.cpp:535:13:void OnClassChange(DeviceClass_t)	16	static
../LoRaWAN/App/lora_app.cpp:541:13:void OnMacProcessNotify()	4	static
../LoRaWAN/App/lora_app.cpp:548:13:void OnTxPeriodicityChanged(uint32_t)	16	static
../LoRaWAN/App/lora_app.cpp:570:13:void OnTxFrameCtrlChanged(LmHandlerMsgTypes_t)	16	static
../LoRaWAN/App/lora_app.cpp:581:13:void OnPingSlotPeriodicityChanged(uint8_t)	16	static
../LoRaWAN/App/lora_app.cpp:592:13:void OnSystemReset()	8	static
../LoRaWAN/App/lora_app.cpp:606:13:void StopJoin()	8	static
../LoRaWAN/App/lora_app.cpp:641:13:void OnStopJoinTimerEvent(void*)	16	static
../LoRaWAN/App/lora_app.cpp:655:13:void StoreContext()	16	static
../LoRaWAN/App/lora_app.cpp:677:13:void OnNvmDataChange(LmHandlerNvmContextStates_t)	16	static
../LoRaWAN/App/lora_app.cpp:695:13:void OnStoreContextRequest(void*, uint32_t)	16	static
../LoRaWAN/App/lora_app.cpp:710:13:void OnRestoreContextRequest(void*, uint32_t)	16	static
