2025-09-27 10:20:09,836 [INFO] Activator:176 - 


2025-09-27 10:20:09,844 [INFO] Activator:177 - !SESSION log4j initialized
2025-09-27 10:20:18,997 [INFO] LogOutputStream:77 - [STDOUT_REDIRECT] 
2025-09-27 10:20:21,155 [INFO] ApplicationProperties:184 - Using Application install path: C:\ST\STM32CubeIDE_1.16.1\STM32CubeIDE\plugins\com.st.stm32cube.common.mx_6.12.1.202409122256
2025-09-27 10:20:21,182 [INFO] DbMcusXml:78 - Set database path to: C:\ST\STM32CubeIDE_1.16.1\STM32CubeIDE\plugins\com.st.stm32cube.common.mx_6.12.1.202409122256\\db\/mcu/
2025-09-27 10:20:21,182 [INFO] ApiDb:274 - Set plugin database path to: C:\ST\STM32CubeIDE_1.16.1\STM32CubeIDE\plugins\com.st.stm32cube.common.mx_6.12.1.202409122256\\db\/plugins/boardmanager/
2025-09-27 10:20:21,183 [WARN] ApiDb:259 - Overriding images path with different value:  => C:\ST\STM32CubeIDE_1.16.1\STM32CubeIDE\plugins\com.st.stm32cube.common.mx_6.12.1.202409122256\\db\/plugins/mcufinder/images/
2025-09-27 10:20:21,191 [INFO] ApiDb:250 - Set database path to: C:\Users\nacho\.stmcufinder\plugins\mcufinder//mcu/
2025-09-27 10:20:21,193 [INFO] DbMcusAds:125 - Set database path to: C:\Users\nacho\.stmcufinder\plugins\mcufinder//mcu/
2025-09-27 10:20:21,197 [INFO] CrossReferenceDbSqlite:203 - Set database path to: C:\Users\nacho\.stmcufinder\plugins\mcufinder//mcu/cs/
2025-09-27 10:20:21,327 [INFO] RulesReader:64 - Compatibility file has been processed (297 Rules)
2025-09-27 10:20:21,427 [INFO] DbMcusXml:78 - Set database path to: C:\ST\STM32CubeIDE_1.16.1\STM32CubeIDE\plugins\com.st.stm32cube.common.mx_6.12.1.202409122256\\db\/mcu/
2025-09-27 10:20:21,427 [INFO] ApiDb:274 - Set plugin database path to: C:\ST\STM32CubeIDE_1.16.1\STM32CubeIDE\plugins\com.st.stm32cube.common.mx_6.12.1.202409122256\\db\/plugins/boardmanager/
2025-09-27 10:20:21,428 [INFO] ApiDb:261 - Set plugin images path to: C:\ST\STM32CubeIDE_1.16.1\STM32CubeIDE\plugins\com.st.stm32cube.common.mx_6.12.1.202409122256\\db\/plugins/mcufinder/images/
2025-09-27 10:20:21,428 [WARN] DbFile:41 - Overriding database path with different value: C:\Users\nacho\.stmcufinder\plugins\mcufinder/ => C:\Users\nacho\.stmcufinder\plugins\mcufinder
2025-09-27 10:20:21,428 [INFO] ApiDb:250 - Set database path to: C:\Users\nacho\.stmcufinder\plugins\mcufinder//mcu/
2025-09-27 10:20:21,428 [WARN] DbFile:41 - Overriding database path with different value: C:\Users\nacho\.stmcufinder\plugins\mcufinder/ => C:\Users\nacho\.stmcufinder\plugins\mcufinder
2025-09-27 10:20:21,428 [INFO] DbMcusAds:125 - Set database path to: C:\Users\nacho\.stmcufinder\plugins\mcufinder//mcu/
2025-09-27 10:20:21,428 [WARN] DbFile:41 - Overriding database path with different value: C:\Users\nacho\.stmcufinder\plugins\mcufinder/ => C:\Users\nacho\.stmcufinder\plugins\mcufinder
2025-09-27 10:20:21,429 [WARN] DbFile:41 - Overriding database path with different value: C:\Users\nacho\.stmcufinder\plugins\mcufinder/ => C:\Users\nacho\.stmcufinder\plugins\mcufinder
2025-09-27 10:20:21,429 [INFO] CrossReferenceDbSqlite:203 - Set database path to: C:\Users\nacho\.stmcufinder\plugins\mcufinder//mcu/cs/
2025-09-27 10:20:21,552 [INFO] MainPanel:268 - HeapMemory: 268435456
2025-09-27 10:20:21,732 [INFO] DbMcusXml:78 - Set database path to: C:\ST\STM32CubeIDE_1.16.1\STM32CubeIDE\plugins\com.st.stm32cube.common.mx_6.12.1.202409122256\\db\/mcu/
2025-09-27 10:20:21,732 [INFO] ApiDb:274 - Set plugin database path to: C:\ST\STM32CubeIDE_1.16.1\STM32CubeIDE\plugins\com.st.stm32cube.common.mx_6.12.1.202409122256\\db\/plugins/boardmanager/
2025-09-27 10:20:21,732 [INFO] ApiDb:261 - Set plugin images path to: C:\ST\STM32CubeIDE_1.16.1\STM32CubeIDE\plugins\com.st.stm32cube.common.mx_6.12.1.202409122256\\db\/plugins/mcufinder/images/
2025-09-27 10:20:21,732 [WARN] DbFile:41 - Overriding database path with different value: C:\Users\nacho\.stmcufinder\plugins\mcufinder/ => C:\Users\nacho\.stmcufinder\plugins\mcufinder
2025-09-27 10:20:21,733 [INFO] ApiDb:250 - Set database path to: C:\Users\nacho\.stmcufinder\plugins\mcufinder//mcu/
2025-09-27 10:20:21,733 [WARN] DbFile:41 - Overriding database path with different value: C:\Users\nacho\.stmcufinder\plugins\mcufinder/ => C:\Users\nacho\.stmcufinder\plugins\mcufinder
2025-09-27 10:20:21,733 [INFO] DbMcusAds:125 - Set database path to: C:\Users\nacho\.stmcufinder\plugins\mcufinder//mcu/
2025-09-27 10:20:21,733 [WARN] DbFile:41 - Overriding database path with different value: C:\Users\nacho\.stmcufinder\plugins\mcufinder/ => C:\Users\nacho\.stmcufinder\plugins\mcufinder
2025-09-27 10:20:21,733 [WARN] DbFile:41 - Overriding database path with different value: C:\Users\nacho\.stmcufinder\plugins\mcufinder/ => C:\Users\nacho\.stmcufinder\plugins\mcufinder
2025-09-27 10:20:21,733 [INFO] CrossReferenceDbSqlite:203 - Set database path to: C:\Users\nacho\.stmcufinder\plugins\mcufinder//mcu/cs/
2025-09-27 10:20:21,759 [INFO] ApplicationProperties:184 - Using Application install path: C:\ST\STM32CubeIDE_1.16.1\STM32CubeIDE\plugins\com.st.stm32cube.common.mx_6.12.1.202409122256
2025-09-27 10:20:21,762 [INFO] PluginManage:196 - Search for loadable plugins [exclusion list=, ]
2025-09-27 10:20:21,764 [INFO] PluginManage:310 - Check plugin analytics
2025-09-27 10:20:22,010 [INFO] AnalyticsPlugin:253 - Accepted Software Licenses: STM32CubeMX.6.12.1,STM32CubeMX.6.15.0
2025-09-27 10:20:22,010 [INFO] AnalyticsPlugin:255 - Accepted CMSIS Pack Licenses: 
2025-09-27 10:20:22,010 [INFO] AnalyticsPlugin:257 - Accepted Firmware Licenses: FW.WL.1.3.0
2025-09-27 10:20:22,013 [INFO] PluginManage:359 - Loaded plugin analytics (category:tool,tabindex:-1)
2025-09-27 10:20:22,014 [INFO] PluginManage:310 - Check plugin cadmodel
2025-09-27 10:20:22,045 [INFO] CADModel:105 - Init CAD model plugin
2025-09-27 10:20:22,045 [INFO] PluginManage:359 - Loaded plugin cadmodel (category:power,tabindex:5)
2025-09-27 10:20:22,045 [INFO] PluginManage:310 - Check plugin clock
2025-09-27 10:20:22,086 [INFO] PluginManage:359 - Loaded plugin clock (category:base,tabindex:2)
2025-09-27 10:20:22,086 [INFO] PluginManage:310 - Check plugin ddr
2025-09-27 10:20:22,091 [INFO] PluginManage:359 - Loaded plugin ddr (category:tool,tabindex:6)
2025-09-27 10:20:22,092 [INFO] PluginManage:310 - Check plugin filemanager
2025-09-27 10:20:22,298 [INFO] PluginManage:359 - Loaded plugin filemanager (category:base,tabindex:10)
2025-09-27 10:20:22,298 [INFO] PluginManage:310 - Check plugin ipmanager
2025-09-27 10:20:22,306 [INFO] PluginManage:359 - Loaded plugin ipmanager (category:base,tabindex:5)
2025-09-27 10:20:22,307 [INFO] PluginManage:310 - Check plugin lpbam
2025-09-27 10:20:22,332 [INFO] PluginManage:359 - Loaded plugin lpbam (category:base,tabindex:0)
2025-09-27 10:20:22,332 [INFO] PluginManage:310 - Check plugin memorymap
2025-09-27 10:20:22,365 [INFO] PluginManage:359 - Loaded plugin memorymap (category:base,tabindex:4)
2025-09-27 10:20:22,365 [INFO] PluginManage:310 - Check plugin pinoutandconfiguration
2025-09-27 10:20:22,389 [INFO] PluginManage:359 - Loaded plugin pinoutandconfiguration (category:base,tabindex:1)
2025-09-27 10:20:22,389 [INFO] PluginManage:310 - Check plugin pinoutconfig
2025-09-27 10:20:22,560 [WARN] SupportedApi:132 - Cannot load RTOS API schema: s4s-elt-must-match.1: The content of 'definitions' must match (annotation?, (simpleType | complexType)?, (unique | key | keyref)*)). A problem was found starting at: attribute.
2025-09-27 10:20:22,722 [INFO] PluginManage:359 - Loaded plugin pinoutconfig (category:base,tabindex:0)
2025-09-27 10:20:22,722 [INFO] PluginManage:310 - Check plugin power
2025-09-27 10:20:22,753 [INFO] PluginManage:359 - Loaded plugin power (category:power,tabindex:4)
2025-09-27 10:20:22,753 [INFO] PluginManage:310 - Check plugin projectmanager
2025-09-27 10:20:22,768 [INFO] PluginManage:359 - Loaded plugin projectmanager (category:projectmanager,tabindex:4)
2025-09-27 10:20:22,768 [INFO] PluginManage:310 - Check plugin rif
2025-09-27 10:20:22,793 [INFO] PluginManage:359 - Loaded plugin rif (category:base,tabindex:3)
2025-09-27 10:20:22,793 [INFO] PluginManage:310 - Check plugin thirdparty
2025-09-27 10:20:23,107 [INFO] PluginManage:359 - Loaded plugin thirdparty (category:base,tabindex:-1)
2025-09-27 10:20:23,107 [WARN] IntegrityCheckThread:84 - waiting for thirdparty lock release [integrity check]
2025-09-27 10:20:23,107 [INFO] IntegrityCheckThread:86 - entering critical section [integrity check]
2025-09-27 10:20:23,107 [INFO] PluginManage:310 - Check plugin tools
2025-09-27 10:20:23,107 [INFO] ThirdPartyUpdaterWithRetryManager:70 - Updater plugin not ready yet. [1/15]
2025-09-27 10:20:23,172 [INFO] PluginManage:359 - Loaded plugin tools (category:base,tabindex:7)
2025-09-27 10:20:23,173 [INFO] PluginManage:310 - Check plugin tutovideos
2025-09-27 10:20:23,362 [INFO] PluginManage:359 - Loaded plugin tutovideos (category:base,tabindex:-1)
2025-09-27 10:20:23,362 [INFO] PluginManage:310 - Check plugin updater
2025-09-27 10:20:23,379 [INFO] PluginManage:359 - Loaded plugin updater (category:base,tabindex:12)
2025-09-27 10:20:23,379 [INFO] PluginManage:310 - Check plugin userauth
2025-09-27 10:20:23,386 [INFO] UserAuth:113 - Init User Auth plugin
2025-09-27 10:20:23,386 [INFO] PluginManage:359 - Loaded plugin userauth (category:base,tabindex:14)
2025-09-27 10:20:23,386 [INFO] PluginManage:283 - PluginManage : Loaded plugins [18]
2025-09-27 10:20:23,715 [INFO] PinOutPanel:1561 - setPackage(No Configuration,No Configuration)
2025-09-27 10:20:23,813 [INFO] CADModel:165 - CPN selected for project level
2025-09-27 10:20:23,813 [INFO] CADModel:114 - Register for checkConnection events
2025-09-27 10:20:23,849 [INFO] IPUIPlugin:80 - create IPUIPlugin
2025-09-27 10:20:23,849 [INFO] PluginManager:220 - loadIPPluginJar : add adc
2025-09-27 10:20:23,913 [INFO] IPUIPlugin:80 - create IPUIPlugin
2025-09-27 10:20:23,913 [INFO] PluginManager:220 - loadIPPluginJar : add aes
2025-09-27 10:20:23,976 [INFO] IPUIPlugin:80 - create IPUIPlugin
2025-09-27 10:20:23,976 [INFO] PluginManager:220 - loadIPPluginJar : add can
2025-09-27 10:20:24,019 [INFO] IPUIPlugin:80 - create IPUIPlugin
2025-09-27 10:20:24,019 [INFO] PluginManager:220 - loadIPPluginJar : add comp
2025-09-27 10:20:24,079 [INFO] IPUIPlugin:80 - create IPUIPlugin
2025-09-27 10:20:24,079 [INFO] PluginManager:220 - loadIPPluginJar : add cryp
2025-09-27 10:20:24,110 [INFO] IPUIPlugin:80 - create IPUIPlugin
2025-09-27 10:20:24,111 [INFO] PluginManager:220 - loadIPPluginJar : add ddr_ctrl_phy
2025-09-27 10:20:24,191 [INFO] IPUIPlugin:80 - create IPUIPlugin
2025-09-27 10:20:24,191 [INFO] PluginManager:220 - loadIPPluginJar : add dfsdm
2025-09-27 10:20:24,213 [INFO] IPUIPlugin:80 - create IPUIPlugin
2025-09-27 10:20:24,214 [INFO] PluginManager:220 - loadIPPluginJar : add dma
2025-09-27 10:20:24,296 [INFO] IPUIPlugin:80 - create IPUIPlugin
2025-09-27 10:20:24,296 [INFO] PluginManager:220 - loadIPPluginJar : add dma3
2025-09-27 10:20:24,371 [INFO] IPUIPlugin:80 - create IPUIPlugin
2025-09-27 10:20:24,371 [INFO] PluginManager:220 - loadIPPluginJar : add extmemmanager
2025-09-27 10:20:24,414 [INFO] IPUIPlugin:80 - create IPUIPlugin
2025-09-27 10:20:24,414 [INFO] PluginManager:220 - loadIPPluginJar : add fatfs
2025-09-27 10:20:24,489 [INFO] IPUIPlugin:80 - create IPUIPlugin
2025-09-27 10:20:24,489 [INFO] PluginManager:220 - loadIPPluginJar : add fmc
2025-09-27 10:20:24,514 [INFO] IPUIPlugin:80 - create IPUIPlugin
2025-09-27 10:20:24,515 [INFO] PluginManager:220 - loadIPPluginJar : add freertos
2025-09-27 10:20:24,562 [INFO] IPUIPlugin:80 - create IPUIPlugin
2025-09-27 10:20:24,562 [INFO] PluginManager:220 - loadIPPluginJar : add genericplugin
2025-09-27 10:20:24,730 [INFO] IPUIPlugin:80 - create IPUIPlugin
2025-09-27 10:20:24,730 [INFO] PluginManager:220 - loadIPPluginJar : add gfxmmu
2025-09-27 10:20:25,030 [INFO] IPUIPlugin:80 - create IPUIPlugin
2025-09-27 10:20:25,031 [INFO] PluginManager:220 - loadIPPluginJar : add gic
2025-09-27 10:20:25,052 [INFO] IPUIPlugin:80 - create IPUIPlugin
2025-09-27 10:20:25,052 [INFO] PluginManager:220 - loadIPPluginJar : add gpio
2025-09-27 10:20:25,211 [INFO] IPUIPlugin:80 - create IPUIPlugin
2025-09-27 10:20:25,211 [INFO] PluginManager:220 - loadIPPluginJar : add gtzc
2025-09-27 10:20:25,271 [INFO] IPUIPlugin:80 - create IPUIPlugin
2025-09-27 10:20:25,271 [INFO] PluginManager:220 - loadIPPluginJar : add hash
2025-09-27 10:20:25,364 [INFO] IPUIPlugin:80 - create IPUIPlugin
2025-09-27 10:20:25,364 [INFO] PluginManager:220 - loadIPPluginJar : add i2c
2025-09-27 10:20:25,429 [INFO] IPUIPlugin:80 - create IPUIPlugin
2025-09-27 10:20:25,429 [INFO] PluginManager:220 - loadIPPluginJar : add i2s
2025-09-27 10:20:25,502 [INFO] IPUIPlugin:80 - create IPUIPlugin
2025-09-27 10:20:25,502 [INFO] PluginManager:220 - loadIPPluginJar : add i3c
2025-09-27 10:20:25,641 [INFO] IPUIPlugin:80 - create IPUIPlugin
2025-09-27 10:20:25,641 [INFO] PluginManager:220 - loadIPPluginJar : add ipddr
2025-09-27 10:20:25,780 [INFO] IPUIPlugin:80 - create IPUIPlugin
2025-09-27 10:20:25,780 [INFO] PluginManager:220 - loadIPPluginJar : add linkedlist
2025-09-27 10:20:25,838 [INFO] IPUIPlugin:80 - create IPUIPlugin
2025-09-27 10:20:25,838 [INFO] PluginManager:220 - loadIPPluginJar : add lorawan
2025-09-27 10:20:25,896 [INFO] IPUIPlugin:80 - create IPUIPlugin
2025-09-27 10:20:25,896 [INFO] PluginManager:220 - loadIPPluginJar : add ltdc
2025-09-27 10:20:25,915 [INFO] IPUIPlugin:80 - create IPUIPlugin
2025-09-27 10:20:25,915 [INFO] PluginManager:220 - loadIPPluginJar : add mdma
2025-09-27 10:20:25,933 [INFO] IPUIPlugin:80 - create IPUIPlugin
2025-09-27 10:20:25,933 [INFO] PluginManager:220 - loadIPPluginJar : add nvic
2025-09-27 10:20:25,993 [INFO] IPUIPlugin:80 - create IPUIPlugin
2025-09-27 10:20:25,993 [INFO] PluginManager:220 - loadIPPluginJar : add opamp
2025-09-27 10:20:26,095 [INFO] IPUIPlugin:80 - create IPUIPlugin
2025-09-27 10:20:26,095 [INFO] PluginManager:220 - loadIPPluginJar : add openamp
2025-09-27 10:20:26,109 [INFO] ThirdPartyUpdaterWithRetryManager:70 - Updater plugin not ready yet. [2/15]
2025-09-27 10:20:26,163 [INFO] IPUIPlugin:80 - create IPUIPlugin
2025-09-27 10:20:26,163 [INFO] PluginManager:220 - loadIPPluginJar : add pdm2pcm
2025-09-27 10:20:26,181 [INFO] IPUIPlugin:80 - create IPUIPlugin
2025-09-27 10:20:26,184 [INFO] PluginManager:220 - loadIPPluginJar : add plateformsettings
2025-09-27 10:20:26,221 [INFO] IPUIPlugin:80 - create IPUIPlugin
2025-09-27 10:20:26,221 [INFO] PluginManager:220 - loadIPPluginJar : add quadspi
2025-09-27 10:20:26,262 [INFO] IPUIPlugin:80 - create IPUIPlugin
2025-09-27 10:20:26,262 [INFO] PluginManager:220 - loadIPPluginJar : add radio
2025-09-27 10:20:26,282 [INFO] IPUIPlugin:80 - create IPUIPlugin
2025-09-27 10:20:26,282 [INFO] PluginManager:220 - loadIPPluginJar : add resmgrutility
2025-09-27 10:20:26,355 [INFO] IPUIPlugin:80 - create IPUIPlugin
2025-09-27 10:20:26,355 [INFO] PluginManager:220 - loadIPPluginJar : add sai
2025-09-27 10:20:26,416 [INFO] IPUIPlugin:80 - create IPUIPlugin
2025-09-27 10:20:26,417 [INFO] PluginManager:220 - loadIPPluginJar : add spi
2025-09-27 10:20:26,518 [INFO] IPUIPlugin:80 - create IPUIPlugin
2025-09-27 10:20:26,518 [INFO] PluginManager:220 - loadIPPluginJar : add stm32_wpan
2025-09-27 10:20:26,557 [INFO] IPUIPlugin:80 - create IPUIPlugin
2025-09-27 10:20:26,557 [INFO] PluginManager:220 - loadIPPluginJar : add tim
2025-09-27 10:20:26,645 [INFO] IPUIPlugin:80 - create IPUIPlugin
2025-09-27 10:20:26,645 [INFO] PluginManager:220 - loadIPPluginJar : add touchsensing
2025-09-27 10:20:26,680 [INFO] IPUIPlugin:80 - create IPUIPlugin
2025-09-27 10:20:26,680 [INFO] PluginManager:220 - loadIPPluginJar : add tracer_emb
2025-09-27 10:20:26,718 [INFO] IPUIPlugin:80 - create IPUIPlugin
2025-09-27 10:20:26,718 [INFO] PluginManager:220 - loadIPPluginJar : add ts
2025-09-27 10:20:26,754 [INFO] IPUIPlugin:80 - create IPUIPlugin
2025-09-27 10:20:26,754 [INFO] PluginManager:220 - loadIPPluginJar : add tsc
2025-09-27 10:20:26,790 [INFO] IPUIPlugin:80 - create IPUIPlugin
2025-09-27 10:20:26,790 [INFO] PluginManager:220 - loadIPPluginJar : add ucpd
2025-09-27 10:20:26,854 [INFO] IPUIPlugin:80 - create IPUIPlugin
2025-09-27 10:20:26,854 [INFO] PluginManager:220 - loadIPPluginJar : add usart
2025-09-27 10:20:26,920 [INFO] IPUIPlugin:80 - create IPUIPlugin
2025-09-27 10:20:26,920 [INFO] PluginManager:220 - loadIPPluginJar : add usbx
2025-09-27 10:20:27,043 [INFO] CADModel:165 - CPN selected for project level
2025-09-27 10:20:27,043 [INFO] CADModel:114 - Register for checkConnection events
2025-09-27 10:20:27,043 [FATAL] Updater:334 - Updater called before beeing initialized
2025-09-27 10:20:27,044 [ERROR] CADModel:125 - Updater not yet initialized, retry later 
2025-09-27 10:20:27,169 [INFO] CADModel:165 - CPN selected for project level
2025-09-27 10:20:27,170 [INFO] CADModel:114 - Register for checkConnection events
2025-09-27 10:20:27,170 [FATAL] Updater:334 - Updater called before beeing initialized
2025-09-27 10:20:27,170 [ERROR] CADModel:125 - Updater not yet initialized, retry later 
2025-09-27 10:20:27,174 [FATAL] Updater:334 - Updater called before beeing initialized
2025-09-27 10:20:27,275 [FATAL] Updater:334 - Updater called before beeing initialized
2025-09-27 10:20:27,280 [INFO] DbMcusAds:53 - JSON generation date=Tue Jul 08 05:14:23 ART 2025 (1751962463524)
2025-09-27 10:20:27,280 [FATAL] Updater:334 - Updater called before beeing initialized
2025-09-27 10:20:27,317 [WARN] DetailPanel:346 - Failed to get advertising image, set to default
2025-09-27 10:20:27,396 [FATAL] Updater:334 - Updater called before beeing initialized
2025-09-27 10:20:27,398 [FATAL] Updater:334 - Updater called before beeing initialized
2025-09-27 10:20:27,398 [FATAL] Updater:334 - Updater called before beeing initialized
2025-09-27 10:20:27,398 [WARN] DetailPanel:346 - Failed to get advertising image, set to default
2025-09-27 10:20:27,399 [FATAL] Updater:334 - Updater called before beeing initialized
2025-09-27 10:20:27,464 [ERROR] Updater:1164 - MainUpdater not yet initialized. External WinMGr cannot be set.
2025-09-27 10:20:27,478 [INFO] Updater:1100 - Updater Version found : 6.12.1
2025-09-27 10:20:27,498 [INFO] ApplicationProperties:184 - Using Application install path: C:\ST\STM32CubeIDE_1.16.1\STM32CubeIDE\plugins\com.st.stm32cube.common.mx_6.12.1.202409122256
2025-09-27 10:20:27,534 [INFO] MainUpdater:526 - Copy updater definitions from MX database
2025-09-27 10:20:27,755 [INFO] MainUpdater:2873 - connection check result : 10
2025-09-27 10:20:27,755 [INFO] MainUpdater:3567 - Updater definition file requires update
2025-09-27 10:20:27,755 [INFO] MainUpdater:290 - Updater Check For Update Now.
2025-09-27 10:20:27,755 [INFO] MicroXplorer:498 - Change Database Version : DB.6.0.121
2025-09-27 10:20:27,780 [INFO] McuFinderGlobals:63 - Set McuFinder mode to 2 (CubeIDE integrated)
2025-09-27 10:20:27,790 [INFO] UserAuth:417 - Internet connection configuration mode: 1
2025-09-27 10:20:27,808 [INFO] JxBrowserEngine:152 - Initiate JxBrowser Engine with user profile folder
2025-09-27 10:20:27,841 [INFO] ServerAccessManage:473 - Download File updaters.zip
2025-09-27 10:20:27,939 [INFO] FileExtend:240 - Unzip File : updaters.zip
2025-09-27 10:20:27,939 [INFO] FileExtend:255 - Standard Zip Deflate
2025-09-27 10:20:29,115 [WARN] MainUpdater:1194 - Updater busy. Cannot search thirdparties
2025-09-27 10:20:29,115 [INFO] ThirdPartyUpdaterWithRetryManager:96 - Updater plugin is busy. [1/15]
2025-09-27 10:20:29,342 [INFO] ServerAccessManage:473 - Download File PacksControlFlags.xml
2025-09-27 10:20:29,448 [INFO] ServerAccessManage:473 - Download File cubemx.pidx
2025-09-27 10:20:29,583 [INFO] LoadServerUpdatesThread:375 - End of LoadServerUpdate Thread
2025-09-27 10:20:29,778 [INFO] CheckServerUpdateThread:120 - End of CheckServer Thread
2025-09-27 10:20:32,266 [INFO] WebApp:167 - Instantiating new browser for Auth
2025-09-27 10:20:32,505 [WARN] PackLoader:240 - Cannot read IP mode file for STMicroelectronics.FP-SNS-MOTENVWB1.1.4.0
2025-09-27 10:20:32,515 [WARN] PackLoader:240 - Cannot read IP mode file for STMicroelectronics.FP-ATR-ASTRA1.2.0.2
2025-09-27 10:20:32,519 [WARN] PackLoader:240 - Cannot read IP mode file for STMicroelectronics.FP-ATR-ASTRA1.2.0.1
2025-09-27 10:20:32,532 [WARN] PackLoader:240 - Cannot read IP mode file for STMicroelectronics.X-CUBE-SMBUS.2.1.0
2025-09-27 10:20:32,543 [WARN] PackLoader:240 - Cannot read IP mode file for STMicroelectronics.X-CUBE-WB05N.1.1.0
2025-09-27 10:20:32,547 [ERROR] Engine:466 - C:\Users\nacho\.stm32cubemx\thirdparties\pdsc\STMicroelectronics.X-CUBE-ST60.1.0.0.pdsc: PDSC version is not supported
2025-09-27 10:20:32,599 [WARN] PackLoader:240 - Cannot read IP mode file for STMicroelectronics.X-CUBE-AZRTOS-F7.1.1.0
2025-09-27 10:20:32,716 [WARN] PackLoader:240 - Cannot read IP mode file for STMicroelectronics.X-CUBE-MEMS1.11.0.0
2025-09-27 10:20:32,898 [WARN] PackLoader:240 - Cannot read IP mode file for STMicroelectronics.FP-SNS-FLIGHT1.5.0.2
2025-09-27 10:20:32,934 [WARN] PackLoader:240 - Cannot read IP mode file for STMicroelectronics.X-CUBE-AZRTOS-H7.3.4.0
2025-09-27 10:20:32,949 [WARN] PackLoader:240 - Cannot read IP mode file for STMicroelectronics.X-CUBE-DISPLAY.3.0.0
2025-09-27 10:20:32,962 [WARN] PackLoader:240 - Cannot read IP mode file for STMicroelectronics.X-CUBE-BLE1.7.0.0
2025-09-27 10:20:32,972 [WARN] PackLoader:240 - Cannot read IP mode file for STMicroelectronics.X-CUBE-NFC10.1.0.0
2025-09-27 10:20:32,983 [WARN] PackLoader:240 - Cannot read IP mode file for STMicroelectronics.X-CUBE-BLEMGR.4.0.0
2025-09-27 10:20:32,994 [WARN] PackLoader:240 - Cannot read IP mode file for emotas.I-CUBE-CANOPEN.1.3.0
2025-09-27 10:20:33,002 [WARN] PackLoader:240 - Cannot read IP mode file for STMicroelectronics.X-CUBE-BLEMGR.3.1.0
2025-09-27 10:20:33,009 [WARN] PackLoader:240 - Cannot read IP mode file for STMicroelectronics.X-CUBE-AI.10.0.0
2025-09-27 10:20:33,013 [ERROR] Engine:466 - C:\Users\nacho\.stm32cubemx\thirdparties\pdsc\STMicroelectronics.FP-SNS-STBOX1.2.1.0.pdsc: PDSC version is not supported
2025-09-27 10:20:33,018 [WARN] PackLoader:240 - Cannot read IP mode file for STMicroelectronics.FP-SNS-SMARTAG2.1.2.0
2025-09-27 10:20:33,021 [ERROR] Engine:466 - C:\Users\nacho\.stm32cubemx\thirdparties\pdsc\STMicroelectronics.FP-SNS-FLIGHT1.5.1.0.pdsc: PDSC version is not supported
2025-09-27 10:20:33,086 [WARN] PackLoader:240 - Cannot read IP mode file for STMicroelectronics.X-CUBE-MEMS1.11.1.0
2025-09-27 10:20:33,291 [INFO] LogOutputStream:77 - [STDOUT_REDIRECT] 1 : Invalid condition id : UX_CORESTACK_Condition cause : null
2025-09-27 10:20:33,292 [INFO] LogOutputStream:77 - [STDOUT_REDIRECT] 1 : Invalid condition id : UX_CORESTACK_Condition cause : null
2025-09-27 10:20:33,294 [INFO] LogOutputStream:77 - [STDOUT_REDIRECT] 1 : Invalid condition id : UX_CORESTACK_Condition cause : null
2025-09-27 10:20:33,296 [INFO] LogOutputStream:77 - [STDOUT_REDIRECT] 1 : Invalid condition id : UX_CORESTACK_Condition cause : null
2025-09-27 10:20:33,297 [INFO] LogOutputStream:77 - [STDOUT_REDIRECT] 1 : Invalid condition id : UX_CORESTACK_Condition cause : null
2025-09-27 10:20:33,300 [WARN] PackLoader:240 - Cannot read IP mode file for STMicroelectronics.X-CUBE-AZRTOS-WL.2.0.0
2025-09-27 10:20:33,306 [WARN] PackLoader:240 - Cannot read IP mode file for STMicroelectronics.FP-SNS-MOTENV1.5.0.0
2025-09-27 10:20:33,312 [WARN] PackLoader:240 - Cannot read IP mode file for wolfSSL.I-CUBE-wolfMQTT.1.19.0
2025-09-27 10:20:33,321 [WARN] PackLoader:240 - Cannot read IP mode file for WES.I-CUBE-Cesium.1.3.0
2025-09-27 10:20:33,327 [WARN] PackLoader:240 - Cannot read IP mode file for STMicroelectronics.X-CUBE-BLE2.3.3.0
2025-09-27 10:20:33,334 [WARN] PackLoader:240 - Cannot read IP mode file for STMicroelectronics.X-CUBE-NFC9.1.0.0
2025-09-27 10:20:33,338 [WARN] PackLoader:240 - Cannot read IP mode file for STMicroelectronics.X-CUBE-BLE1.7.1.0
2025-09-27 10:20:33,344 [WARN] PackLoader:240 - Cannot read IP mode file for STMicroelectronics.X-CUBE-TCPP.4.1.0
2025-09-27 10:20:33,351 [WARN] PackLoader:240 - Cannot read IP mode file for STMicroelectronics.X-CUBE-EEPRMA1.5.2.0
2025-09-27 10:20:33,355 [WARN] PackLoader:240 - Cannot read IP mode file for STMicroelectronics.X-CUBE-AI.10.1.0
2025-09-27 10:20:33,400 [WARN] PackLoader:240 - Cannot read IP mode file for STMicroelectronics.X-CUBE-MEMS1.11.2.0
2025-09-27 10:20:33,669 [WARN] PackLoader:240 - Cannot read IP mode file for STMicroelectronics.X-CUBE-AZRTOS-G0.1.1.0
2025-09-27 10:20:33,682 [WARN] PackLoader:240 - Cannot read IP mode file for STMicroelectronics.X-CUBE-SAFEA1.1.2.2
2025-09-27 10:20:33,693 [WARN] PackLoader:240 - Cannot read IP mode file for STMicroelectronics.X-CUBE-NFC4.3.0.0
2025-09-27 10:20:33,720 [WARN] PackLoader:240 - Cannot read IP mode file for EmbeddedOffice.I-CUBE-FS-RTOS.1.0.1
2025-09-27 10:20:33,720 [ERROR] ConditionMgr:805 - Attr not supported : Dmpu
2025-09-27 10:20:33,721 [ERROR] ConditionMgr:805 - Attr not supported : Dmpu
2025-09-27 10:20:33,721 [ERROR] ConditionMgr:805 - Attr not supported : Dmpu
2025-09-27 10:20:33,721 [ERROR] ConditionMgr:805 - Attr not supported : Dmpu
2025-09-27 10:20:33,721 [ERROR] ConditionMgr:805 - Attr not supported : Dmpu
2025-09-27 10:20:33,722 [ERROR] ConditionMgr:805 - Attr not supported : Dmpu
2025-09-27 10:20:33,722 [ERROR] ConditionMgr:805 - Attr not supported : Dmpu
2025-09-27 10:20:33,722 [ERROR] ConditionMgr:805 - Attr not supported : Dmpu
2025-09-27 10:20:33,722 [ERROR] ConditionMgr:805 - Attr not supported : Dmpu
2025-09-27 10:20:33,722 [ERROR] ConditionMgr:805 - Attr not supported : Dmpu
2025-09-27 10:20:33,722 [ERROR] ConditionMgr:805 - Attr not supported : Dmpu
2025-09-27 10:20:33,723 [ERROR] ConditionMgr:805 - Attr not supported : Dmpu
2025-09-27 10:20:33,723 [ERROR] ConditionMgr:805 - Attr not supported : Dmpu
2025-09-27 10:20:33,723 [ERROR] ConditionMgr:805 - Attr not supported : Dmpu
2025-09-27 10:20:33,723 [ERROR] ConditionMgr:805 - Attr not supported : Dmpu
2025-09-27 10:20:33,723 [ERROR] ConditionMgr:805 - Attr not supported : Dmpu
2025-09-27 10:20:33,723 [ERROR] ConditionMgr:805 - Attr not supported : Dmpu
2025-09-27 10:20:33,723 [ERROR] ConditionMgr:805 - Attr not supported : Dmpu
2025-09-27 10:20:33,723 [ERROR] ConditionMgr:805 - Attr not supported : Dmpu
2025-09-27 10:20:33,723 [ERROR] ConditionMgr:805 - Attr not supported : Dmpu
2025-09-27 10:20:33,723 [ERROR] ConditionMgr:805 - Attr not supported : Dmpu
2025-09-27 10:20:33,723 [ERROR] ConditionMgr:805 - Attr not supported : Dmpu
2025-09-27 10:20:33,723 [ERROR] ConditionMgr:805 - Attr not supported : Dmpu
2025-09-27 10:20:33,724 [ERROR] ConditionMgr:805 - Attr not supported : Dmpu
2025-09-27 10:20:33,724 [ERROR] ConditionMgr:805 - Attr not supported : Dmpu
2025-09-27 10:20:33,724 [ERROR] ConditionMgr:805 - Attr not supported : Dmpu
2025-09-27 10:20:33,724 [ERROR] ConditionMgr:805 - Attr not supported : Dmpu
2025-09-27 10:20:33,724 [ERROR] ConditionMgr:805 - Attr not supported : Dmpu
2025-09-27 10:20:33,724 [ERROR] ConditionMgr:805 - Attr not supported : Dmpu
2025-09-27 10:20:33,724 [ERROR] ConditionMgr:805 - Attr not supported : Dmpu
2025-09-27 10:20:33,724 [ERROR] ConditionMgr:805 - Attr not supported : Dmpu
2025-09-27 10:20:33,724 [ERROR] ConditionMgr:805 - Attr not supported : Dmpu
2025-09-27 10:20:33,724 [ERROR] ConditionMgr:805 - Attr not supported : Dmpu
2025-09-27 10:20:33,724 [ERROR] ConditionMgr:805 - Attr not supported : Dmpu
2025-09-27 10:20:33,724 [ERROR] ConditionMgr:805 - Attr not supported : Dmpu
2025-09-27 10:20:33,724 [ERROR] ConditionMgr:805 - Attr not supported : Dmpu
2025-09-27 10:20:33,725 [ERROR] ConditionMgr:805 - Attr not supported : Dmpu
2025-09-27 10:20:33,725 [ERROR] ConditionMgr:805 - Attr not supported : Dmpu
2025-09-27 10:20:33,725 [ERROR] ConditionMgr:805 - Attr not supported : Dmpu
2025-09-27 10:20:33,725 [ERROR] ConditionMgr:805 - Attr not supported : Dmpu
2025-09-27 10:20:33,725 [ERROR] ConditionMgr:805 - Attr not supported : Dmpu
2025-09-27 10:20:33,725 [ERROR] ConditionMgr:805 - Attr not supported : Dmpu
2025-09-27 10:20:33,725 [ERROR] ConditionMgr:805 - Attr not supported : Dmpu
2025-09-27 10:20:33,725 [ERROR] ConditionMgr:805 - Attr not supported : Dmpu
2025-09-27 10:20:33,725 [ERROR] ConditionMgr:805 - Attr not supported : Dmpu
2025-09-27 10:20:33,725 [ERROR] ConditionMgr:805 - Attr not supported : Dmpu
2025-09-27 10:20:33,725 [ERROR] ConditionMgr:805 - Attr not supported : Dmpu
2025-09-27 10:20:33,725 [ERROR] ConditionMgr:805 - Attr not supported : Dmpu
2025-09-27 10:20:33,725 [ERROR] ConditionMgr:805 - Attr not supported : Dmpu
2025-09-27 10:20:33,726 [ERROR] ConditionMgr:805 - Attr not supported : Dmpu
2025-09-27 10:20:33,726 [ERROR] ConditionMgr:805 - Attr not supported : Dmpu
2025-09-27 10:20:33,726 [ERROR] ConditionMgr:805 - Attr not supported : Dmpu
2025-09-27 10:20:33,726 [ERROR] ConditionMgr:805 - Attr not supported : Dmpu
2025-09-27 10:20:33,726 [ERROR] ConditionMgr:805 - Attr not supported : Dmpu
2025-09-27 10:20:33,726 [ERROR] ConditionMgr:805 - Attr not supported : Dmpu
2025-09-27 10:20:33,726 [ERROR] ConditionMgr:805 - Attr not supported : Dmpu
2025-09-27 10:20:33,726 [ERROR] ConditionMgr:805 - Attr not supported : Dmpu
2025-09-27 10:20:33,726 [ERROR] ConditionMgr:805 - Attr not supported : Dmpu
2025-09-27 10:20:33,726 [ERROR] ConditionMgr:805 - Attr not supported : Dmpu
2025-09-27 10:20:33,726 [ERROR] ConditionMgr:805 - Attr not supported : Dmpu
2025-09-27 10:20:33,726 [ERROR] ConditionMgr:805 - Attr not supported : Dmpu
2025-09-27 10:20:33,726 [ERROR] ConditionMgr:805 - Attr not supported : Dmpu
2025-09-27 10:20:33,726 [ERROR] ConditionMgr:805 - Attr not supported : Dmpu
2025-09-27 10:20:33,727 [ERROR] ConditionMgr:805 - Attr not supported : Dmpu
2025-09-27 10:20:33,738 [WARN] PackLoader:240 - Cannot read IP mode file for STMicroelectronics.X-CUBE-WB05N.2.0.0
2025-09-27 10:20:33,745 [ERROR] Engine:466 - C:\Users\nacho\.stm32cubemx\thirdparties\pdsc\STMicroelectronics.X-CUBE-TCPP.4.2.0.pdsc: PDSC version is not supported
2025-09-27 10:20:33,756 [WARN] PackLoader:240 - Cannot read IP mode file for RealThread.X-CUBE-RT-Thread_Nano.4.1.1
2025-09-27 10:20:33,760 [INFO] WebApp:448 - Apply proxy settings
2025-09-27 10:20:33,761 [INFO] WebApp:533 - Chromium requires no authentication
2025-09-27 10:20:33,765 [WARN] PackLoader:240 - Cannot read IP mode file for STMicroelectronics.FP-ATR-SIGFOX1.3.2.0
2025-09-27 10:20:33,773 [WARN] ConditionMgr:438 - getConditionDescription Invalid condition id : Cortex-A Device cause : null
2025-09-27 10:20:33,782 [INFO] WebApp:476 - Direct internet connection detected
2025-09-27 10:20:33,812 [WARN] ConditionMgr:1039 - genDependencies : Invalid condition id : Cortex-A Device cause : null
2025-09-27 10:20:33,813 [WARN] ConditionMgr:1039 - genDependencies : Invalid condition id : Cortex-A Device cause : null
2025-09-27 10:20:33,813 [WARN] ConditionMgr:1039 - genDependencies : Invalid condition id : Cortex-A Device cause : null
2025-09-27 10:20:33,818 [WARN] PackLoader:240 - Cannot read IP mode file for STMicroelectronics.X-CUBE-EEPRMA1.5.1.0
2025-09-27 10:20:33,828 [WARN] PackLoader:240 - Cannot read IP mode file for wolfSSL.I-CUBE-wolfSSL.5.7.4
2025-09-27 10:20:33,837 [WARN] PackLoader:240 - Cannot read IP mode file for ITTIA_DB.I-CUBE-ITTIADB.8.9.0
2025-09-27 10:20:33,840 [INFO] WebApp:869 - Register for checkConnection events
2025-09-27 10:20:33,840 [INFO] WebApp:448 - Apply proxy settings
2025-09-27 10:20:33,841 [INFO] WebApp:533 - Chromium requires no authentication
2025-09-27 10:20:33,841 [ERROR] Engine:466 - C:\Users\nacho\.stm32cubemx\thirdparties\pdsc\STMicroelectronics.X-CUBE-ST67W61.1.0.0.pdsc: PDSC version is not supported
2025-09-27 10:20:33,841 [INFO] WebApp:476 - Direct internet connection detected
2025-09-27 10:20:33,845 [WARN] PackLoader:240 - Cannot read IP mode file for STMicroelectronics.X-CUBE-AI.10.2.0
2025-09-27 10:20:33,879 [WARN] PackLoader:240 - Cannot read IP mode file for SEGGER.I-CUBE-embOS.1.3.1
2025-09-27 10:20:33,942 [WARN] PackLoader:240 - Cannot read IP mode file for STMicroelectronics.X-CUBE-ALGOBUILD.1.4.0
2025-09-27 10:20:34,041 [INFO] WebApp:186 - Connection restablished
2025-09-27 10:20:34,048 [WARN] PackLoader:240 - Cannot read IP mode file for STMicroelectronics.X-CUBE-MEMS1.11.3.0
2025-09-27 10:20:34,265 [WARN] PackLoader:240 - Cannot read IP mode file for STMicroelectronics.X-CUBE-AI.9.1.0
2025-09-27 10:20:34,278 [WARN] PackLoader:240 - Cannot read IP mode file for STMicroelectronics.X-CUBE-PM33A1.1.0.0
2025-09-27 10:20:34,301 [WARN] PackLoader:240 - Cannot read IP mode file for STMicroelectronics.X-CUBE-AZRTOS-F4.1.1.0
2025-09-27 10:20:34,316 [ERROR] Engine:466 - C:\Users\nacho\.stm32cubemx\thirdparties\pdsc\Avnet-IotConnect.X-CUBE-IoTC-DA16k-PMOD.1.0.0.pdsc: PDSC version is not supported
2025-09-27 10:20:34,336 [WARN] PackLoader:240 - Cannot read IP mode file for STMicroelectronics.X-CUBE-ISPU.2.1.0
2025-09-27 10:20:34,374 [WARN] PackLoader:240 - Cannot read IP mode file for STMicroelectronics.X-CUBE-FREERTOS.1.2.0
2025-09-27 10:20:34,387 [WARN] PackLoader:240 - Cannot read IP mode file for STMicroelectronics.X-CUBE-NFC12.1.0.0
2025-09-27 10:20:34,439 [WARN] PackLoader:240 - Cannot read IP mode file for STMicroelectronics.X-CUBE-AZRTOS-L5.2.0.0
2025-09-27 10:20:34,474 [WARN] PackLoader:240 - Cannot read IP mode file for STMicroelectronics.X-CUBE-NFC6.3.1.0
2025-09-27 10:20:34,487 [WARN] PackLoader:240 - Cannot read IP mode file for STMicroelectronics.X-CUBE-DPower.1.2.0
2025-09-27 10:20:34,498 [WARN] PackLoader:240 - Cannot read IP mode file for STMicroelectronics.X-CUBE-FREERTOS.1.3.1
2025-09-27 10:20:34,511 [WARN] PackLoader:240 - Cannot read IP mode file for STMicroelectronics.X-CUBE-FREERTOS.1.3.0
2025-09-27 10:20:34,524 [WARN] PackLoader:240 - Cannot read IP mode file for STMicroelectronics.X-CUBE-NFC7.1.0.1
2025-09-27 10:20:34,537 [ERROR] Engine:466 - C:\Users\nacho\.stm32cubemx\thirdparties\pdsc\STMicroelectronics.FP-SNS-STAIOTCFT.1.0.0.pdsc: PDSC version is not supported
2025-09-27 10:20:34,543 [WARN] PackLoader:240 - Cannot read IP mode file for STMicroelectronics.X-CUBE-DPower.1.3.0
2025-09-27 10:20:34,578 [WARN] ConditionMgr:438 - getConditionDescription Invalid condition id : LAN8742 Phy interface Condition cause : null
2025-09-27 10:20:34,579 [WARN] PackLoader:240 - Cannot read IP mode file for STMicroelectronics.X-CUBE-AZRTOS-L4.2.0.0
2025-09-27 10:20:34,581 [WARN] ConditionMgr:1039 - genDependencies : Invalid condition id : LAN8742 Phy interface Condition cause : null
2025-09-27 10:20:34,581 [WARN] ConditionMgr:1039 - genDependencies : Invalid condition id : LAN8742 Phy interface Condition cause : null
2025-09-27 10:20:34,583 [WARN] ConditionMgr:1039 - genDependencies : Invalid condition id : LAN8742 Phy interface Condition cause : null
2025-09-27 10:20:34,602 [WARN] PackLoader:240 - Cannot read IP mode file for STMicroelectronics.X-CUBE-SFXS2LP1.4.0.0
2025-09-27 10:20:34,650 [WARN] PackLoader:240 - Cannot read IP mode file for STMicroelectronics.X-CUBE-AZRTOS-H7.3.3.0
2025-09-27 10:20:34,663 [ERROR] Engine:466 - C:\Users\nacho\.stm32cubemx\thirdparties\pdsc\STMicroelectronics.X-CUBE-BLEMGR.4.1.0.pdsc: PDSC version is not supported
2025-09-27 10:20:34,689 [WARN] PackLoader:240 - Cannot read IP mode file for STMicroelectronics.X-CUBE-IPS.3.0.0
2025-09-27 10:20:34,720 [WARN] ConditionMgr:438 - getConditionDescription Invalid condition id : UX DEVICE CLASS RTOS Condition cause : null
2025-09-27 10:20:34,720 [WARN] ConditionMgr:438 - getConditionDescription Invalid condition id : UX DEVICE CLASS RTOS Condition cause : null
2025-09-27 10:20:34,725 [WARN] PackLoader:240 - Cannot read IP mode file for STMicroelectronics.X-CUBE-AZRTOS-WB.2.0.0
2025-09-27 10:20:34,726 [WARN] ConditionMgr:1039 - genDependencies : Invalid condition id : UX DEVICE CLASS RTOS Condition cause : null
2025-09-27 10:20:34,726 [WARN] ConditionMgr:1039 - genDependencies : Invalid condition id : UX DEVICE CLASS RTOS Condition cause : null
2025-09-27 10:20:34,727 [WARN] ConditionMgr:1039 - genDependencies : Invalid condition id : UX DEVICE CLASS RTOS Condition cause : null
2025-09-27 10:20:34,727 [WARN] ConditionMgr:1039 - genDependencies : Invalid condition id : UX DEVICE CLASS RTOS Condition cause : null
2025-09-27 10:20:34,728 [WARN] ConditionMgr:1039 - genDependencies : Invalid condition id : UX DEVICE CLASS RTOS Condition cause : null
2025-09-27 10:20:34,741 [WARN] PackLoader:240 - Cannot read IP mode file for STMicroelectronics.X-CUBE-GNSS1.7.0.0
2025-09-27 10:20:34,747 [INFO] WebApp:220 - Starting web application
2025-09-27 10:20:34,747 [INFO] WebApp:578 - Web application path used C:\ST\STM32CubeIDE_1.16.1\STM32CubeIDE\plugins\com.st.stm32cube.common.mx_6.12.1.202409122256\db\plugins\mcufinder\reactClient1\index.html
2025-09-27 10:20:34,751 [WARN] PackLoader:240 - Cannot read IP mode file for STMicroelectronics.X-CUBE-GNSS1.7.0.1
2025-09-27 10:20:34,772 [WARN] PackLoader:240 - Cannot read IP mode file for STMicroelectronics.X-CUBE-TOUCHGFX.4.25.0
2025-09-27 10:20:34,789 [WARN] PackLoader:240 - Cannot read IP mode file for STMicroelectronics.FP-SNS-STBOX1.2.0.0
2025-09-27 10:20:34,825 [WARN] PackLoader:240 - Cannot read IP mode file for STMicroelectronics.X-CUBE-SUBG2.5.0.0
2025-09-27 10:20:34,878 [WARN] PackLoader:240 - Cannot read IP mode file for STMicroelectronics.X-CUBE-AZRTOS-H7RS.1.1.0
2025-09-27 10:20:34,893 [WARN] PackLoader:240 - Cannot read IP mode file for Cesanta.I-CUBE-Mongoose.7.13.0
2025-09-27 10:20:34,913 [WARN] PackLoader:240 - Cannot read IP mode file for STMicroelectronics.X-CUBE-AZRTOS-G4.2.0.0
2025-09-27 10:20:34,928 [WARN] PackLoader:240 - Cannot read IP mode file for STMicroelectronics.X-CUBE-NFC7.2.0.0
2025-09-27 10:20:34,938 [ERROR] Engine:466 - C:\Users\nacho\.stm32cubemx\thirdparties\pdsc\STMicroelectronics.X-CUBE-IPS.3.1.0.pdsc: PDSC version is not supported
2025-09-27 10:20:34,962 [WARN] PackLoader:240 - Cannot read IP mode file for STMicroelectronics.X-CUBE-ALS.1.0.2
2025-09-27 10:20:34,976 [WARN] PackLoader:240 - Cannot read IP mode file for STMicroelectronics.X-CUBE-TOUCHGFX.4.24.2
2025-09-27 10:20:34,989 [WARN] PackLoader:240 - Cannot read IP mode file for STMicroelectronics.X-CUBE-TOUCHGFX.4.24.1
2025-09-27 10:20:35,005 [WARN] PackLoader:240 - Cannot read IP mode file for STMicroelectronics.X-CUBE-STSE01.1.0.0
2025-09-27 10:20:35,051 [WARN] PackLoader:240 - Cannot read IP mode file for wolfSSL.I-CUBE-wolfTPM.3.4.0
2025-09-27 10:20:35,083 [WARN] PackLoader:240 - Cannot read IP mode file for portGmbH.I-Cube-SoM-uGOAL.1.1.0
2025-09-27 10:20:35,121 [WARN] PackLoader:240 - Cannot read IP mode file for STMicroelectronics.X-CUBE-AZRTOS-H7RS.1.0.0
2025-09-27 10:20:35,157 [WARN] PackLoader:240 - Cannot read IP mode file for STMicroelectronics.X-CUBE-TOF1.3.4.2
2025-09-27 10:20:35,203 [ERROR] Engine:466 - C:\Users\nacho\.stm32cubemx\thirdparties\pdsc\STMicroelectronics.X-CUBE-TOF1.3.4.3.pdsc: PDSC version is not supported
2025-09-27 10:20:35,270 [WARN] PackLoader:240 - Cannot read IP mode file for Infineon.AIROC-Wi-Fi-Bluetooth-STM32.1.6.1
2025-09-27 10:20:35,293 [WARN] PackLoader:240 - Cannot read IP mode file for wolfSSL.I-CUBE-wolfSSH.1.4.17
2025-09-27 10:20:35,296 [INFO] ThirdParty:978 - Integrity check success = true
2025-09-27 10:20:35,296 [INFO] IntegrityCheckThread:100 - exiting critical section [integrity check]
2025-09-27 10:20:35,297 [INFO] IntegrityCheckThread:103 - End integrity checks thread
2025-09-27 10:20:35,371 [INFO] UserAuth:417 - Internet connection configuration mode: 1
2025-09-27 11:19:34,086 [ERROR] LogOutputStream:75 - [STDERR_REDIRECT] 
