2025-09-14 20:15:36,485 [INFO] Activator:176 - 


2025-09-14 20:15:36,491 [INFO] Activator:177 - !SESSION log4j initialized
2025-09-14 20:15:39,393 [INFO] LogOutputStream:77 - [STDOUT_REDIRECT] 
2025-09-14 20:15:41,808 [INFO] ApplicationProperties:184 - Using Application install path: C:\ST\STM32CubeIDE_1.16.1\STM32CubeIDE\plugins\com.st.stm32cube.common.mx_6.12.1.202409122256
2025-09-14 20:15:41,825 [INFO] DbMcusXml:78 - Set database path to: C:\ST\STM32CubeIDE_1.16.1\STM32CubeIDE\plugins\com.st.stm32cube.common.mx_6.12.1.202409122256\\db\/mcu/
2025-09-14 20:15:41,826 [INFO] ApiDb:274 - Set plugin database path to: C:\ST\STM32CubeIDE_1.16.1\STM32CubeIDE\plugins\com.st.stm32cube.common.mx_6.12.1.202409122256\\db\/plugins/boardmanager/
2025-09-14 20:15:41,826 [WARN] ApiDb:259 - Overriding images path with different value:  => C:\ST\STM32CubeIDE_1.16.1\STM32CubeIDE\plugins\com.st.stm32cube.common.mx_6.12.1.202409122256\\db\/plugins/mcufinder/images/
2025-09-14 20:15:41,839 [INFO] ApiDb:250 - Set database path to: C:\Users\nacho\.stmcufinder\plugins\mcufinder//mcu/
2025-09-14 20:15:41,841 [INFO] DbMcusAds:125 - Set database path to: C:\Users\nacho\.stmcufinder\plugins\mcufinder//mcu/
2025-09-14 20:15:41,844 [INFO] CrossReferenceDbSqlite:203 - Set database path to: C:\Users\nacho\.stmcufinder\plugins\mcufinder//mcu/cs/
2025-09-14 20:15:41,951 [INFO] RulesReader:64 - Compatibility file has been processed (297 Rules)
2025-09-14 20:15:42,027 [INFO] DbMcusXml:78 - Set database path to: C:\ST\STM32CubeIDE_1.16.1\STM32CubeIDE\plugins\com.st.stm32cube.common.mx_6.12.1.202409122256\\db\/mcu/
2025-09-14 20:15:42,027 [INFO] ApiDb:274 - Set plugin database path to: C:\ST\STM32CubeIDE_1.16.1\STM32CubeIDE\plugins\com.st.stm32cube.common.mx_6.12.1.202409122256\\db\/plugins/boardmanager/
2025-09-14 20:15:42,027 [INFO] ApiDb:261 - Set plugin images path to: C:\ST\STM32CubeIDE_1.16.1\STM32CubeIDE\plugins\com.st.stm32cube.common.mx_6.12.1.202409122256\\db\/plugins/mcufinder/images/
2025-09-14 20:15:42,027 [WARN] DbFile:41 - Overriding database path with different value: C:\Users\nacho\.stmcufinder\plugins\mcufinder/ => C:\Users\nacho\.stmcufinder\plugins\mcufinder
2025-09-14 20:15:42,027 [INFO] ApiDb:250 - Set database path to: C:\Users\nacho\.stmcufinder\plugins\mcufinder//mcu/
2025-09-14 20:15:42,027 [WARN] DbFile:41 - Overriding database path with different value: C:\Users\nacho\.stmcufinder\plugins\mcufinder/ => C:\Users\nacho\.stmcufinder\plugins\mcufinder
2025-09-14 20:15:42,028 [INFO] DbMcusAds:125 - Set database path to: C:\Users\nacho\.stmcufinder\plugins\mcufinder//mcu/
2025-09-14 20:15:42,028 [WARN] DbFile:41 - Overriding database path with different value: C:\Users\nacho\.stmcufinder\plugins\mcufinder/ => C:\Users\nacho\.stmcufinder\plugins\mcufinder
2025-09-14 20:15:42,028 [WARN] DbFile:41 - Overriding database path with different value: C:\Users\nacho\.stmcufinder\plugins\mcufinder/ => C:\Users\nacho\.stmcufinder\plugins\mcufinder
2025-09-14 20:15:42,028 [INFO] CrossReferenceDbSqlite:203 - Set database path to: C:\Users\nacho\.stmcufinder\plugins\mcufinder//mcu/cs/
2025-09-14 20:15:42,107 [INFO] MainPanel:268 - HeapMemory: 268435456
2025-09-14 20:15:42,231 [INFO] DbMcusXml:78 - Set database path to: C:\ST\STM32CubeIDE_1.16.1\STM32CubeIDE\plugins\com.st.stm32cube.common.mx_6.12.1.202409122256\\db\/mcu/
2025-09-14 20:15:42,231 [INFO] ApiDb:274 - Set plugin database path to: C:\ST\STM32CubeIDE_1.16.1\STM32CubeIDE\plugins\com.st.stm32cube.common.mx_6.12.1.202409122256\\db\/plugins/boardmanager/
2025-09-14 20:15:42,231 [INFO] ApiDb:261 - Set plugin images path to: C:\ST\STM32CubeIDE_1.16.1\STM32CubeIDE\plugins\com.st.stm32cube.common.mx_6.12.1.202409122256\\db\/plugins/mcufinder/images/
2025-09-14 20:15:42,231 [WARN] DbFile:41 - Overriding database path with different value: C:\Users\nacho\.stmcufinder\plugins\mcufinder/ => C:\Users\nacho\.stmcufinder\plugins\mcufinder
2025-09-14 20:15:42,231 [INFO] ApiDb:250 - Set database path to: C:\Users\nacho\.stmcufinder\plugins\mcufinder//mcu/
2025-09-14 20:15:42,231 [WARN] DbFile:41 - Overriding database path with different value: C:\Users\nacho\.stmcufinder\plugins\mcufinder/ => C:\Users\nacho\.stmcufinder\plugins\mcufinder
2025-09-14 20:15:42,231 [INFO] DbMcusAds:125 - Set database path to: C:\Users\nacho\.stmcufinder\plugins\mcufinder//mcu/
2025-09-14 20:15:42,231 [WARN] DbFile:41 - Overriding database path with different value: C:\Users\nacho\.stmcufinder\plugins\mcufinder/ => C:\Users\nacho\.stmcufinder\plugins\mcufinder
2025-09-14 20:15:42,231 [WARN] DbFile:41 - Overriding database path with different value: C:\Users\nacho\.stmcufinder\plugins\mcufinder/ => C:\Users\nacho\.stmcufinder\plugins\mcufinder
2025-09-14 20:15:42,232 [INFO] CrossReferenceDbSqlite:203 - Set database path to: C:\Users\nacho\.stmcufinder\plugins\mcufinder//mcu/cs/
2025-09-14 20:15:42,247 [INFO] ApplicationProperties:184 - Using Application install path: C:\ST\STM32CubeIDE_1.16.1\STM32CubeIDE\plugins\com.st.stm32cube.common.mx_6.12.1.202409122256
2025-09-14 20:15:42,249 [INFO] PluginManage:196 - Search for loadable plugins [exclusion list=, ]
2025-09-14 20:15:42,250 [INFO] PluginManage:310 - Check plugin analytics
2025-09-14 20:15:42,423 [INFO] AnalyticsPlugin:253 - Accepted Software Licenses: STM32CubeMX.6.12.1,STM32CubeMX.6.15.0
2025-09-14 20:15:42,424 [INFO] AnalyticsPlugin:255 - Accepted CMSIS Pack Licenses: 
2025-09-14 20:15:42,424 [INFO] AnalyticsPlugin:257 - Accepted Firmware Licenses: FW.WL.1.3.0
2025-09-14 20:15:42,427 [INFO] PluginManage:359 - Loaded plugin analytics (category:tool,tabindex:-1)
2025-09-14 20:15:42,428 [INFO] PluginManage:310 - Check plugin cadmodel
2025-09-14 20:15:42,449 [INFO] CADModel:105 - Init CAD model plugin
2025-09-14 20:15:42,450 [INFO] PluginManage:359 - Loaded plugin cadmodel (category:power,tabindex:5)
2025-09-14 20:15:42,450 [INFO] PluginManage:310 - Check plugin clock
2025-09-14 20:15:42,477 [INFO] PluginManage:359 - Loaded plugin clock (category:base,tabindex:2)
2025-09-14 20:15:42,478 [INFO] PluginManage:310 - Check plugin ddr
2025-09-14 20:15:42,480 [INFO] PluginManage:359 - Loaded plugin ddr (category:tool,tabindex:6)
2025-09-14 20:15:42,481 [INFO] PluginManage:310 - Check plugin filemanager
2025-09-14 20:15:42,649 [INFO] PluginManage:359 - Loaded plugin filemanager (category:base,tabindex:10)
2025-09-14 20:15:42,649 [INFO] PluginManage:310 - Check plugin ipmanager
2025-09-14 20:15:42,657 [INFO] PluginManage:359 - Loaded plugin ipmanager (category:base,tabindex:5)
2025-09-14 20:15:42,657 [INFO] PluginManage:310 - Check plugin lpbam
2025-09-14 20:15:42,682 [INFO] PluginManage:359 - Loaded plugin lpbam (category:base,tabindex:0)
2025-09-14 20:15:42,682 [INFO] PluginManage:310 - Check plugin memorymap
2025-09-14 20:15:42,709 [INFO] PluginManage:359 - Loaded plugin memorymap (category:base,tabindex:4)
2025-09-14 20:15:42,710 [INFO] PluginManage:310 - Check plugin pinoutandconfiguration
2025-09-14 20:15:42,727 [INFO] PluginManage:359 - Loaded plugin pinoutandconfiguration (category:base,tabindex:1)
2025-09-14 20:15:42,729 [INFO] PluginManage:310 - Check plugin pinoutconfig
2025-09-14 20:15:42,822 [WARN] SupportedApi:132 - Cannot load RTOS API schema: s4s-elt-must-match.1: The content of 'definitions' must match (annotation?, (simpleType | complexType)?, (unique | key | keyref)*)). A problem was found starting at: attribute.
2025-09-14 20:15:42,958 [INFO] PluginManage:359 - Loaded plugin pinoutconfig (category:base,tabindex:0)
2025-09-14 20:15:42,958 [INFO] PluginManage:310 - Check plugin power
2025-09-14 20:15:42,981 [INFO] PluginManage:359 - Loaded plugin power (category:power,tabindex:4)
2025-09-14 20:15:42,981 [INFO] PluginManage:310 - Check plugin projectmanager
2025-09-14 20:15:42,995 [INFO] PluginManage:359 - Loaded plugin projectmanager (category:projectmanager,tabindex:4)
2025-09-14 20:15:42,995 [INFO] PluginManage:310 - Check plugin rif
2025-09-14 20:15:43,014 [INFO] PluginManage:359 - Loaded plugin rif (category:base,tabindex:3)
2025-09-14 20:15:43,014 [INFO] PluginManage:310 - Check plugin thirdparty
2025-09-14 20:15:43,378 [INFO] PluginManage:359 - Loaded plugin thirdparty (category:base,tabindex:-1)
2025-09-14 20:15:43,378 [WARN] IntegrityCheckThread:84 - waiting for thirdparty lock release [integrity check]
2025-09-14 20:15:43,378 [INFO] PluginManage:310 - Check plugin tools
2025-09-14 20:15:43,378 [INFO] IntegrityCheckThread:86 - entering critical section [integrity check]
2025-09-14 20:15:43,379 [INFO] ThirdPartyUpdaterWithRetryManager:70 - Updater plugin not ready yet. [1/15]
2025-09-14 20:15:43,440 [INFO] PluginManage:359 - Loaded plugin tools (category:base,tabindex:7)
2025-09-14 20:15:43,440 [INFO] PluginManage:310 - Check plugin tutovideos
2025-09-14 20:15:43,682 [INFO] PluginManage:359 - Loaded plugin tutovideos (category:base,tabindex:-1)
2025-09-14 20:15:43,682 [INFO] PluginManage:310 - Check plugin updater
2025-09-14 20:15:43,700 [INFO] PluginManage:359 - Loaded plugin updater (category:base,tabindex:12)
2025-09-14 20:15:43,700 [INFO] PluginManage:310 - Check plugin userauth
2025-09-14 20:15:43,707 [INFO] UserAuth:113 - Init User Auth plugin
2025-09-14 20:15:43,707 [INFO] PluginManage:359 - Loaded plugin userauth (category:base,tabindex:14)
2025-09-14 20:15:43,708 [INFO] PluginManage:283 - PluginManage : Loaded plugins [18]
2025-09-14 20:15:43,918 [INFO] PinOutPanel:1561 - setPackage(No Configuration,No Configuration)
2025-09-14 20:15:44,011 [INFO] CADModel:165 - CPN selected for project level
2025-09-14 20:15:44,011 [INFO] CADModel:114 - Register for checkConnection events
2025-09-14 20:15:44,042 [INFO] IPUIPlugin:80 - create IPUIPlugin
2025-09-14 20:15:44,042 [INFO] PluginManager:220 - loadIPPluginJar : add adc
2025-09-14 20:15:44,092 [INFO] IPUIPlugin:80 - create IPUIPlugin
2025-09-14 20:15:44,092 [INFO] PluginManager:220 - loadIPPluginJar : add aes
2025-09-14 20:15:44,140 [INFO] IPUIPlugin:80 - create IPUIPlugin
2025-09-14 20:15:44,140 [INFO] PluginManager:220 - loadIPPluginJar : add can
2025-09-14 20:15:44,168 [INFO] IPUIPlugin:80 - create IPUIPlugin
2025-09-14 20:15:44,168 [INFO] PluginManager:220 - loadIPPluginJar : add comp
2025-09-14 20:15:44,202 [INFO] IPUIPlugin:80 - create IPUIPlugin
2025-09-14 20:15:44,202 [INFO] PluginManager:220 - loadIPPluginJar : add cryp
2025-09-14 20:15:44,216 [INFO] IPUIPlugin:80 - create IPUIPlugin
2025-09-14 20:15:44,216 [INFO] PluginManager:220 - loadIPPluginJar : add ddr_ctrl_phy
2025-09-14 20:15:44,253 [INFO] IPUIPlugin:80 - create IPUIPlugin
2025-09-14 20:15:44,253 [INFO] PluginManager:220 - loadIPPluginJar : add dfsdm
2025-09-14 20:15:44,269 [INFO] IPUIPlugin:80 - create IPUIPlugin
2025-09-14 20:15:44,269 [INFO] PluginManager:220 - loadIPPluginJar : add dma
2025-09-14 20:15:44,321 [INFO] IPUIPlugin:80 - create IPUIPlugin
2025-09-14 20:15:44,321 [INFO] PluginManager:220 - loadIPPluginJar : add dma3
2025-09-14 20:15:44,388 [INFO] IPUIPlugin:80 - create IPUIPlugin
2025-09-14 20:15:44,389 [INFO] PluginManager:220 - loadIPPluginJar : add extmemmanager
2025-09-14 20:15:44,420 [INFO] IPUIPlugin:80 - create IPUIPlugin
2025-09-14 20:15:44,420 [INFO] PluginManager:220 - loadIPPluginJar : add fatfs
2025-09-14 20:15:44,473 [INFO] IPUIPlugin:80 - create IPUIPlugin
2025-09-14 20:15:44,473 [INFO] PluginManager:220 - loadIPPluginJar : add fmc
2025-09-14 20:15:44,504 [INFO] IPUIPlugin:80 - create IPUIPlugin
2025-09-14 20:15:44,504 [INFO] PluginManager:220 - loadIPPluginJar : add freertos
2025-09-14 20:15:44,528 [INFO] IPUIPlugin:80 - create IPUIPlugin
2025-09-14 20:15:44,528 [INFO] PluginManager:220 - loadIPPluginJar : add genericplugin
2025-09-14 20:15:44,634 [INFO] IPUIPlugin:80 - create IPUIPlugin
2025-09-14 20:15:44,635 [INFO] PluginManager:220 - loadIPPluginJar : add gfxmmu
2025-09-14 20:15:44,787 [INFO] IPUIPlugin:80 - create IPUIPlugin
2025-09-14 20:15:44,787 [INFO] PluginManager:220 - loadIPPluginJar : add gic
2025-09-14 20:15:44,817 [INFO] IPUIPlugin:80 - create IPUIPlugin
2025-09-14 20:15:44,817 [INFO] PluginManager:220 - loadIPPluginJar : add gpio
2025-09-14 20:15:44,932 [INFO] IPUIPlugin:80 - create IPUIPlugin
2025-09-14 20:15:44,932 [INFO] PluginManager:220 - loadIPPluginJar : add gtzc
2025-09-14 20:15:44,972 [INFO] IPUIPlugin:80 - create IPUIPlugin
2025-09-14 20:15:44,972 [INFO] PluginManager:220 - loadIPPluginJar : add hash
2025-09-14 20:15:45,034 [INFO] IPUIPlugin:80 - create IPUIPlugin
2025-09-14 20:15:45,034 [INFO] PluginManager:220 - loadIPPluginJar : add i2c
2025-09-14 20:15:45,081 [INFO] IPUIPlugin:80 - create IPUIPlugin
2025-09-14 20:15:45,081 [INFO] PluginManager:220 - loadIPPluginJar : add i2s
2025-09-14 20:15:45,132 [INFO] IPUIPlugin:80 - create IPUIPlugin
2025-09-14 20:15:45,132 [INFO] PluginManager:220 - loadIPPluginJar : add i3c
2025-09-14 20:15:45,257 [INFO] IPUIPlugin:80 - create IPUIPlugin
2025-09-14 20:15:45,257 [INFO] PluginManager:220 - loadIPPluginJar : add ipddr
2025-09-14 20:15:45,364 [INFO] IPUIPlugin:80 - create IPUIPlugin
2025-09-14 20:15:45,364 [INFO] PluginManager:220 - loadIPPluginJar : add linkedlist
2025-09-14 20:15:45,402 [INFO] IPUIPlugin:80 - create IPUIPlugin
2025-09-14 20:15:45,402 [INFO] PluginManager:220 - loadIPPluginJar : add lorawan
2025-09-14 20:15:45,445 [INFO] IPUIPlugin:80 - create IPUIPlugin
2025-09-14 20:15:45,445 [INFO] PluginManager:220 - loadIPPluginJar : add ltdc
2025-09-14 20:15:45,461 [INFO] IPUIPlugin:80 - create IPUIPlugin
2025-09-14 20:15:45,462 [INFO] PluginManager:220 - loadIPPluginJar : add mdma
2025-09-14 20:15:45,475 [INFO] IPUIPlugin:80 - create IPUIPlugin
2025-09-14 20:15:45,475 [INFO] PluginManager:220 - loadIPPluginJar : add nvic
2025-09-14 20:15:45,516 [INFO] IPUIPlugin:80 - create IPUIPlugin
2025-09-14 20:15:45,516 [INFO] PluginManager:220 - loadIPPluginJar : add opamp
2025-09-14 20:15:45,587 [INFO] IPUIPlugin:80 - create IPUIPlugin
2025-09-14 20:15:45,588 [INFO] PluginManager:220 - loadIPPluginJar : add openamp
2025-09-14 20:15:45,640 [INFO] IPUIPlugin:80 - create IPUIPlugin
2025-09-14 20:15:45,640 [INFO] PluginManager:220 - loadIPPluginJar : add pdm2pcm
2025-09-14 20:15:45,657 [INFO] IPUIPlugin:80 - create IPUIPlugin
2025-09-14 20:15:45,660 [INFO] PluginManager:220 - loadIPPluginJar : add plateformsettings
2025-09-14 20:15:45,690 [INFO] IPUIPlugin:80 - create IPUIPlugin
2025-09-14 20:15:45,690 [INFO] PluginManager:220 - loadIPPluginJar : add quadspi
2025-09-14 20:15:45,722 [INFO] IPUIPlugin:80 - create IPUIPlugin
2025-09-14 20:15:45,722 [INFO] PluginManager:220 - loadIPPluginJar : add radio
2025-09-14 20:15:45,739 [INFO] IPUIPlugin:80 - create IPUIPlugin
2025-09-14 20:15:45,739 [INFO] PluginManager:220 - loadIPPluginJar : add resmgrutility
2025-09-14 20:15:45,795 [INFO] IPUIPlugin:80 - create IPUIPlugin
2025-09-14 20:15:45,795 [INFO] PluginManager:220 - loadIPPluginJar : add sai
2025-09-14 20:15:45,834 [INFO] IPUIPlugin:80 - create IPUIPlugin
2025-09-14 20:15:45,834 [INFO] PluginManager:220 - loadIPPluginJar : add spi
2025-09-14 20:15:45,907 [INFO] IPUIPlugin:80 - create IPUIPlugin
2025-09-14 20:15:45,907 [INFO] PluginManager:220 - loadIPPluginJar : add stm32_wpan
2025-09-14 20:15:45,943 [INFO] IPUIPlugin:80 - create IPUIPlugin
2025-09-14 20:15:45,943 [INFO] PluginManager:220 - loadIPPluginJar : add tim
2025-09-14 20:15:46,007 [INFO] IPUIPlugin:80 - create IPUIPlugin
2025-09-14 20:15:46,007 [INFO] PluginManager:220 - loadIPPluginJar : add touchsensing
2025-09-14 20:15:46,032 [INFO] IPUIPlugin:80 - create IPUIPlugin
2025-09-14 20:15:46,032 [INFO] PluginManager:220 - loadIPPluginJar : add tracer_emb
2025-09-14 20:15:46,058 [INFO] IPUIPlugin:80 - create IPUIPlugin
2025-09-14 20:15:46,059 [INFO] PluginManager:220 - loadIPPluginJar : add ts
2025-09-14 20:15:46,085 [INFO] IPUIPlugin:80 - create IPUIPlugin
2025-09-14 20:15:46,085 [INFO] PluginManager:220 - loadIPPluginJar : add tsc
2025-09-14 20:15:46,112 [INFO] IPUIPlugin:80 - create IPUIPlugin
2025-09-14 20:15:46,112 [INFO] PluginManager:220 - loadIPPluginJar : add ucpd
2025-09-14 20:15:46,157 [INFO] IPUIPlugin:80 - create IPUIPlugin
2025-09-14 20:15:46,157 [INFO] PluginManager:220 - loadIPPluginJar : add usart
2025-09-14 20:15:46,206 [INFO] IPUIPlugin:80 - create IPUIPlugin
2025-09-14 20:15:46,206 [INFO] PluginManager:220 - loadIPPluginJar : add usbx
2025-09-14 20:15:46,337 [INFO] CADModel:165 - CPN selected for project level
2025-09-14 20:15:46,337 [INFO] CADModel:114 - Register for checkConnection events
2025-09-14 20:15:46,337 [FATAL] Updater:334 - Updater called before beeing initialized
2025-09-14 20:15:46,337 [ERROR] CADModel:125 - Updater not yet initialized, retry later 
2025-09-14 20:15:46,380 [INFO] ThirdPartyUpdaterWithRetryManager:70 - Updater plugin not ready yet. [2/15]
2025-09-14 20:15:46,442 [INFO] CADModel:165 - CPN selected for project level
2025-09-14 20:15:46,443 [INFO] CADModel:114 - Register for checkConnection events
2025-09-14 20:15:46,443 [FATAL] Updater:334 - Updater called before beeing initialized
2025-09-14 20:15:46,443 [ERROR] CADModel:125 - Updater not yet initialized, retry later 
2025-09-14 20:15:46,445 [FATAL] Updater:334 - Updater called before beeing initialized
2025-09-14 20:15:46,522 [FATAL] Updater:334 - Updater called before beeing initialized
2025-09-14 20:15:46,534 [INFO] DbMcusAds:53 - JSON generation date=Tue Jul 08 05:14:23 ART 2025 (1751962463582)
2025-09-14 20:15:46,534 [FATAL] Updater:334 - Updater called before beeing initialized
2025-09-14 20:15:46,568 [WARN] DetailPanel:346 - Failed to get advertising image, set to default
2025-09-14 20:15:46,646 [FATAL] Updater:334 - Updater called before beeing initialized
2025-09-14 20:15:46,647 [FATAL] Updater:334 - Updater called before beeing initialized
2025-09-14 20:15:46,648 [FATAL] Updater:334 - Updater called before beeing initialized
2025-09-14 20:15:46,648 [WARN] DetailPanel:346 - Failed to get advertising image, set to default
2025-09-14 20:15:46,648 [FATAL] Updater:334 - Updater called before beeing initialized
2025-09-14 20:15:46,699 [ERROR] Updater:1164 - MainUpdater not yet initialized. External WinMGr cannot be set.
2025-09-14 20:15:46,715 [INFO] Updater:1100 - Updater Version found : 6.12.1
2025-09-14 20:15:46,732 [INFO] ApplicationProperties:184 - Using Application install path: C:\ST\STM32CubeIDE_1.16.1\STM32CubeIDE\plugins\com.st.stm32cube.common.mx_6.12.1.202409122256
2025-09-14 20:15:47,023 [INFO] MainUpdater:2873 - connection check result : 10
2025-09-14 20:15:47,024 [INFO] MainUpdater:290 - Updater Check For Update Now.
2025-09-14 20:15:47,024 [INFO] MicroXplorer:498 - Change Database Version : DB.6.0.121
2025-09-14 20:15:47,039 [INFO] McuFinderGlobals:63 - Set McuFinder mode to 2 (CubeIDE integrated)
2025-09-14 20:15:47,047 [INFO] UserAuth:417 - Internet connection configuration mode: 1
2025-09-14 20:15:47,083 [INFO] JxBrowserEngine:152 - Initiate JxBrowser Engine with user profile folder
2025-09-14 20:15:47,237 [INFO] CheckServerUpdateThread:120 - End of CheckServer Thread
2025-09-14 20:15:50,219 [WARN] PackLoader:240 - Cannot read IP mode file for STMicroelectronics.FP-SNS-MOTENVWB1.1.4.0
2025-09-14 20:15:50,283 [WARN] PackLoader:240 - Cannot read IP mode file for STMicroelectronics.FP-ATR-ASTRA1.2.0.2
2025-09-14 20:15:50,327 [WARN] PackLoader:240 - Cannot read IP mode file for STMicroelectronics.FP-ATR-ASTRA1.2.0.1
2025-09-14 20:15:50,405 [WARN] PackLoader:240 - Cannot read IP mode file for STMicroelectronics.X-CUBE-SMBUS.2.1.0
2025-09-14 20:15:50,461 [WARN] PackLoader:240 - Cannot read IP mode file for STMicroelectronics.X-CUBE-WB05N.1.1.0
2025-09-14 20:15:50,500 [ERROR] Engine:466 - C:\Users\nacho\.stm32cubemx\thirdparties\pdsc\STMicroelectronics.X-CUBE-ST60.1.0.0.pdsc: PDSC version is not supported
2025-09-14 20:15:50,552 [WARN] PackLoader:240 - Cannot read IP mode file for STMicroelectronics.X-CUBE-AZRTOS-F7.1.1.0
2025-09-14 20:15:50,643 [WARN] PackLoader:240 - Cannot read IP mode file for STMicroelectronics.X-CUBE-MEMS1.11.0.0
2025-09-14 20:15:50,742 [INFO] WebApp:167 - Instantiating new browser for Auth
2025-09-14 20:15:50,789 [WARN] PackLoader:240 - Cannot read IP mode file for STMicroelectronics.FP-SNS-FLIGHT1.5.0.2
2025-09-14 20:15:50,865 [WARN] PackLoader:240 - Cannot read IP mode file for STMicroelectronics.X-CUBE-AZRTOS-H7.3.4.0
2025-09-14 20:15:50,927 [WARN] PackLoader:240 - Cannot read IP mode file for STMicroelectronics.X-CUBE-DISPLAY.3.0.0
2025-09-14 20:15:50,954 [WARN] PackLoader:240 - Cannot read IP mode file for STMicroelectronics.X-CUBE-BLE1.7.0.0
2025-09-14 20:15:50,983 [WARN] PackLoader:240 - Cannot read IP mode file for STMicroelectronics.X-CUBE-NFC10.1.0.0
2025-09-14 20:15:51,041 [WARN] PackLoader:240 - Cannot read IP mode file for STMicroelectronics.X-CUBE-BLEMGR.4.0.0
2025-09-14 20:15:51,093 [WARN] PackLoader:240 - Cannot read IP mode file for emotas.I-CUBE-CANOPEN.1.3.0
2025-09-14 20:15:51,153 [WARN] PackLoader:240 - Cannot read IP mode file for STMicroelectronics.X-CUBE-BLEMGR.3.1.0
2025-09-14 20:15:51,189 [WARN] PackLoader:240 - Cannot read IP mode file for STMicroelectronics.X-CUBE-AI.10.0.0
2025-09-14 20:15:51,230 [ERROR] Engine:466 - C:\Users\nacho\.stm32cubemx\thirdparties\pdsc\STMicroelectronics.FP-SNS-STBOX1.2.1.0.pdsc: PDSC version is not supported
2025-09-14 20:15:51,264 [WARN] PackLoader:240 - Cannot read IP mode file for STMicroelectronics.FP-SNS-SMARTAG2.1.2.0
2025-09-14 20:15:51,303 [ERROR] Engine:466 - C:\Users\nacho\.stm32cubemx\thirdparties\pdsc\STMicroelectronics.FP-SNS-FLIGHT1.5.1.0.pdsc: PDSC version is not supported
2025-09-14 20:15:51,384 [WARN] PackLoader:240 - Cannot read IP mode file for STMicroelectronics.X-CUBE-MEMS1.11.1.0
2025-09-14 20:15:51,519 [INFO] LogOutputStream:77 - [STDOUT_REDIRECT] 1 : Invalid condition id : UX_CORESTACK_Condition cause : null
2025-09-14 20:15:51,519 [INFO] LogOutputStream:77 - [STDOUT_REDIRECT] 1 : Invalid condition id : UX_CORESTACK_Condition cause : null
2025-09-14 20:15:51,520 [INFO] LogOutputStream:77 - [STDOUT_REDIRECT] 1 : Invalid condition id : UX_CORESTACK_Condition cause : null
2025-09-14 20:15:51,521 [INFO] LogOutputStream:77 - [STDOUT_REDIRECT] 1 : Invalid condition id : UX_CORESTACK_Condition cause : null
2025-09-14 20:15:51,522 [INFO] LogOutputStream:77 - [STDOUT_REDIRECT] 1 : Invalid condition id : UX_CORESTACK_Condition cause : null
2025-09-14 20:15:51,524 [WARN] PackLoader:240 - Cannot read IP mode file for STMicroelectronics.X-CUBE-AZRTOS-WL.2.0.0
2025-09-14 20:15:51,552 [WARN] PackLoader:240 - Cannot read IP mode file for STMicroelectronics.FP-SNS-MOTENV1.5.0.0
2025-09-14 20:15:51,595 [WARN] PackLoader:240 - Cannot read IP mode file for wolfSSL.I-CUBE-wolfMQTT.1.19.0
2025-09-14 20:15:51,625 [WARN] PackLoader:240 - Cannot read IP mode file for WES.I-CUBE-Cesium.1.3.0
2025-09-14 20:15:51,650 [WARN] PackLoader:240 - Cannot read IP mode file for STMicroelectronics.X-CUBE-BLE2.3.3.0
2025-09-14 20:15:51,672 [WARN] PackLoader:240 - Cannot read IP mode file for STMicroelectronics.X-CUBE-NFC9.1.0.0
2025-09-14 20:15:51,773 [WARN] PackLoader:240 - Cannot read IP mode file for STMicroelectronics.X-CUBE-BLE1.7.1.0
2025-09-14 20:15:51,791 [WARN] PackLoader:240 - Cannot read IP mode file for STMicroelectronics.X-CUBE-TCPP.4.1.0
2025-09-14 20:15:51,809 [WARN] PackLoader:240 - Cannot read IP mode file for STMicroelectronics.X-CUBE-EEPRMA1.5.2.0
2025-09-14 20:15:51,826 [WARN] PackLoader:240 - Cannot read IP mode file for STMicroelectronics.X-CUBE-AI.10.1.0
2025-09-14 20:15:51,873 [WARN] PackLoader:240 - Cannot read IP mode file for STMicroelectronics.X-CUBE-MEMS1.11.2.0
2025-09-14 20:15:51,995 [WARN] PackLoader:240 - Cannot read IP mode file for STMicroelectronics.X-CUBE-AZRTOS-G0.1.1.0
2025-09-14 20:15:52,012 [WARN] PackLoader:240 - Cannot read IP mode file for STMicroelectronics.X-CUBE-SAFEA1.1.2.2
2025-09-14 20:15:52,035 [WARN] PackLoader:240 - Cannot read IP mode file for STMicroelectronics.X-CUBE-NFC4.3.0.0
2025-09-14 20:15:52,061 [WARN] PackLoader:240 - Cannot read IP mode file for EmbeddedOffice.I-CUBE-FS-RTOS.1.0.1
2025-09-14 20:15:52,062 [ERROR] ConditionMgr:805 - Attr not supported : Dmpu
2025-09-14 20:15:52,062 [ERROR] ConditionMgr:805 - Attr not supported : Dmpu
2025-09-14 20:15:52,062 [ERROR] ConditionMgr:805 - Attr not supported : Dmpu
2025-09-14 20:15:52,062 [ERROR] ConditionMgr:805 - Attr not supported : Dmpu
2025-09-14 20:15:52,062 [ERROR] ConditionMgr:805 - Attr not supported : Dmpu
2025-09-14 20:15:52,062 [ERROR] ConditionMgr:805 - Attr not supported : Dmpu
2025-09-14 20:15:52,062 [ERROR] ConditionMgr:805 - Attr not supported : Dmpu
2025-09-14 20:15:52,062 [ERROR] ConditionMgr:805 - Attr not supported : Dmpu
2025-09-14 20:15:52,062 [ERROR] ConditionMgr:805 - Attr not supported : Dmpu
2025-09-14 20:15:52,062 [ERROR] ConditionMgr:805 - Attr not supported : Dmpu
2025-09-14 20:15:52,062 [ERROR] ConditionMgr:805 - Attr not supported : Dmpu
2025-09-14 20:15:52,063 [ERROR] ConditionMgr:805 - Attr not supported : Dmpu
2025-09-14 20:15:52,063 [ERROR] ConditionMgr:805 - Attr not supported : Dmpu
2025-09-14 20:15:52,063 [ERROR] ConditionMgr:805 - Attr not supported : Dmpu
2025-09-14 20:15:52,063 [ERROR] ConditionMgr:805 - Attr not supported : Dmpu
2025-09-14 20:15:52,063 [ERROR] ConditionMgr:805 - Attr not supported : Dmpu
2025-09-14 20:15:52,063 [ERROR] ConditionMgr:805 - Attr not supported : Dmpu
2025-09-14 20:15:52,063 [ERROR] ConditionMgr:805 - Attr not supported : Dmpu
2025-09-14 20:15:52,063 [ERROR] ConditionMgr:805 - Attr not supported : Dmpu
2025-09-14 20:15:52,063 [ERROR] ConditionMgr:805 - Attr not supported : Dmpu
2025-09-14 20:15:52,063 [ERROR] ConditionMgr:805 - Attr not supported : Dmpu
2025-09-14 20:15:52,063 [ERROR] ConditionMgr:805 - Attr not supported : Dmpu
2025-09-14 20:15:52,063 [ERROR] ConditionMgr:805 - Attr not supported : Dmpu
2025-09-14 20:15:52,063 [ERROR] ConditionMgr:805 - Attr not supported : Dmpu
2025-09-14 20:15:52,064 [ERROR] ConditionMgr:805 - Attr not supported : Dmpu
2025-09-14 20:15:52,064 [ERROR] ConditionMgr:805 - Attr not supported : Dmpu
2025-09-14 20:15:52,064 [ERROR] ConditionMgr:805 - Attr not supported : Dmpu
2025-09-14 20:15:52,064 [ERROR] ConditionMgr:805 - Attr not supported : Dmpu
2025-09-14 20:15:52,064 [ERROR] ConditionMgr:805 - Attr not supported : Dmpu
2025-09-14 20:15:52,064 [ERROR] ConditionMgr:805 - Attr not supported : Dmpu
2025-09-14 20:15:52,064 [ERROR] ConditionMgr:805 - Attr not supported : Dmpu
2025-09-14 20:15:52,064 [ERROR] ConditionMgr:805 - Attr not supported : Dmpu
2025-09-14 20:15:52,064 [ERROR] ConditionMgr:805 - Attr not supported : Dmpu
2025-09-14 20:15:52,064 [ERROR] ConditionMgr:805 - Attr not supported : Dmpu
2025-09-14 20:15:52,064 [ERROR] ConditionMgr:805 - Attr not supported : Dmpu
2025-09-14 20:15:52,064 [ERROR] ConditionMgr:805 - Attr not supported : Dmpu
2025-09-14 20:15:52,065 [ERROR] ConditionMgr:805 - Attr not supported : Dmpu
2025-09-14 20:15:52,065 [ERROR] ConditionMgr:805 - Attr not supported : Dmpu
2025-09-14 20:15:52,065 [ERROR] ConditionMgr:805 - Attr not supported : Dmpu
2025-09-14 20:15:52,065 [ERROR] ConditionMgr:805 - Attr not supported : Dmpu
2025-09-14 20:15:52,065 [ERROR] ConditionMgr:805 - Attr not supported : Dmpu
2025-09-14 20:15:52,065 [ERROR] ConditionMgr:805 - Attr not supported : Dmpu
2025-09-14 20:15:52,065 [ERROR] ConditionMgr:805 - Attr not supported : Dmpu
2025-09-14 20:15:52,065 [ERROR] ConditionMgr:805 - Attr not supported : Dmpu
2025-09-14 20:15:52,066 [ERROR] ConditionMgr:805 - Attr not supported : Dmpu
2025-09-14 20:15:52,066 [ERROR] ConditionMgr:805 - Attr not supported : Dmpu
2025-09-14 20:15:52,066 [ERROR] ConditionMgr:805 - Attr not supported : Dmpu
2025-09-14 20:15:52,066 [ERROR] ConditionMgr:805 - Attr not supported : Dmpu
2025-09-14 20:15:52,066 [ERROR] ConditionMgr:805 - Attr not supported : Dmpu
2025-09-14 20:15:52,066 [ERROR] ConditionMgr:805 - Attr not supported : Dmpu
2025-09-14 20:15:52,066 [ERROR] ConditionMgr:805 - Attr not supported : Dmpu
2025-09-14 20:15:52,066 [ERROR] ConditionMgr:805 - Attr not supported : Dmpu
2025-09-14 20:15:52,066 [ERROR] ConditionMgr:805 - Attr not supported : Dmpu
2025-09-14 20:15:52,066 [ERROR] ConditionMgr:805 - Attr not supported : Dmpu
2025-09-14 20:15:52,066 [ERROR] ConditionMgr:805 - Attr not supported : Dmpu
2025-09-14 20:15:52,066 [ERROR] ConditionMgr:805 - Attr not supported : Dmpu
2025-09-14 20:15:52,067 [ERROR] ConditionMgr:805 - Attr not supported : Dmpu
2025-09-14 20:15:52,067 [ERROR] ConditionMgr:805 - Attr not supported : Dmpu
2025-09-14 20:15:52,067 [ERROR] ConditionMgr:805 - Attr not supported : Dmpu
2025-09-14 20:15:52,067 [ERROR] ConditionMgr:805 - Attr not supported : Dmpu
2025-09-14 20:15:52,067 [ERROR] ConditionMgr:805 - Attr not supported : Dmpu
2025-09-14 20:15:52,067 [ERROR] ConditionMgr:805 - Attr not supported : Dmpu
2025-09-14 20:15:52,067 [ERROR] ConditionMgr:805 - Attr not supported : Dmpu
2025-09-14 20:15:52,067 [ERROR] ConditionMgr:805 - Attr not supported : Dmpu
2025-09-14 20:15:52,090 [WARN] PackLoader:240 - Cannot read IP mode file for STMicroelectronics.X-CUBE-WB05N.2.0.0
2025-09-14 20:15:52,112 [ERROR] Engine:466 - C:\Users\nacho\.stm32cubemx\thirdparties\pdsc\STMicroelectronics.X-CUBE-TCPP.4.2.0.pdsc: PDSC version is not supported
2025-09-14 20:15:52,137 [WARN] PackLoader:240 - Cannot read IP mode file for RealThread.X-CUBE-RT-Thread_Nano.4.1.1
2025-09-14 20:15:52,154 [WARN] PackLoader:240 - Cannot read IP mode file for STMicroelectronics.FP-ATR-SIGFOX1.3.2.0
2025-09-14 20:15:52,171 [WARN] ConditionMgr:438 - getConditionDescription Invalid condition id : Cortex-A Device cause : null
2025-09-14 20:15:52,195 [WARN] ConditionMgr:1039 - genDependencies : Invalid condition id : Cortex-A Device cause : null
2025-09-14 20:15:52,196 [WARN] ConditionMgr:1039 - genDependencies : Invalid condition id : Cortex-A Device cause : null
2025-09-14 20:15:52,196 [WARN] ConditionMgr:1039 - genDependencies : Invalid condition id : Cortex-A Device cause : null
2025-09-14 20:15:52,212 [WARN] PackLoader:240 - Cannot read IP mode file for STMicroelectronics.X-CUBE-EEPRMA1.5.1.0
2025-09-14 20:15:52,227 [WARN] PackLoader:240 - Cannot read IP mode file for wolfSSL.I-CUBE-wolfSSL.5.7.4
2025-09-14 20:15:52,244 [WARN] PackLoader:240 - Cannot read IP mode file for ITTIA_DB.I-CUBE-ITTIADB.8.9.0
2025-09-14 20:15:52,259 [ERROR] Engine:466 - C:\Users\nacho\.stm32cubemx\thirdparties\pdsc\STMicroelectronics.X-CUBE-ST67W61.1.0.0.pdsc: PDSC version is not supported
2025-09-14 20:15:52,276 [WARN] PackLoader:240 - Cannot read IP mode file for STMicroelectronics.X-CUBE-AI.10.2.0
2025-09-14 20:15:52,319 [WARN] PackLoader:240 - Cannot read IP mode file for SEGGER.I-CUBE-embOS.1.3.1
2025-09-14 20:15:52,413 [WARN] PackLoader:240 - Cannot read IP mode file for STMicroelectronics.X-CUBE-ALGOBUILD.1.4.0
2025-09-14 20:15:52,571 [WARN] PackLoader:240 - Cannot read IP mode file for STMicroelectronics.X-CUBE-MEMS1.11.3.0
2025-09-14 20:15:52,576 [INFO] WebApp:448 - Apply proxy settings
2025-09-14 20:15:52,577 [INFO] WebApp:533 - Chromium requires no authentication
2025-09-14 20:15:52,744 [WARN] PackLoader:240 - Cannot read IP mode file for STMicroelectronics.X-CUBE-AI.9.1.0
2025-09-14 20:15:52,814 [INFO] WebApp:476 - Direct internet connection detected
2025-09-14 20:15:52,835 [WARN] PackLoader:240 - Cannot read IP mode file for STMicroelectronics.X-CUBE-PM33A1.1.0.0
2025-09-14 20:15:52,923 [WARN] PackLoader:240 - Cannot read IP mode file for STMicroelectronics.X-CUBE-AZRTOS-F4.1.1.0
2025-09-14 20:15:52,968 [ERROR] Engine:466 - C:\Users\nacho\.stm32cubemx\thirdparties\pdsc\Avnet-IotConnect.X-CUBE-IoTC-DA16k-PMOD.1.0.0.pdsc: PDSC version is not supported
2025-09-14 20:15:52,987 [WARN] PackLoader:240 - Cannot read IP mode file for STMicroelectronics.X-CUBE-ISPU.2.1.0
2025-09-14 20:15:53,003 [INFO] WebApp:869 - Register for checkConnection events
2025-09-14 20:15:53,003 [INFO] WebApp:448 - Apply proxy settings
2025-09-14 20:15:53,003 [INFO] WebApp:533 - Chromium requires no authentication
2025-09-14 20:15:53,003 [INFO] WebApp:476 - Direct internet connection detected
2025-09-14 20:15:53,011 [WARN] PackLoader:240 - Cannot read IP mode file for STMicroelectronics.X-CUBE-FREERTOS.1.2.0
2025-09-14 20:15:53,031 [WARN] PackLoader:240 - Cannot read IP mode file for STMicroelectronics.X-CUBE-NFC12.1.0.0
2025-09-14 20:15:53,115 [WARN] PackLoader:240 - Cannot read IP mode file for STMicroelectronics.X-CUBE-AZRTOS-L5.2.0.0
2025-09-14 20:15:53,184 [INFO] WebApp:186 - Connection restablished
2025-09-14 20:15:53,198 [WARN] PackLoader:240 - Cannot read IP mode file for STMicroelectronics.X-CUBE-NFC6.3.1.0
2025-09-14 20:15:53,249 [WARN] PackLoader:240 - Cannot read IP mode file for STMicroelectronics.X-CUBE-DPower.1.2.0
2025-09-14 20:15:53,289 [WARN] PackLoader:240 - Cannot read IP mode file for STMicroelectronics.X-CUBE-FREERTOS.1.3.1
2025-09-14 20:15:53,332 [WARN] PackLoader:240 - Cannot read IP mode file for STMicroelectronics.X-CUBE-FREERTOS.1.3.0
2025-09-14 20:15:53,361 [WARN] PackLoader:240 - Cannot read IP mode file for STMicroelectronics.X-CUBE-NFC7.1.0.1
2025-09-14 20:15:53,380 [ERROR] Engine:466 - C:\Users\nacho\.stm32cubemx\thirdparties\pdsc\STMicroelectronics.FP-SNS-STAIOTCFT.1.0.0.pdsc: PDSC version is not supported
2025-09-14 20:15:53,402 [WARN] PackLoader:240 - Cannot read IP mode file for STMicroelectronics.X-CUBE-DPower.1.3.0
2025-09-14 20:15:53,473 [WARN] ConditionMgr:438 - getConditionDescription Invalid condition id : LAN8742 Phy interface Condition cause : null
2025-09-14 20:15:53,474 [WARN] PackLoader:240 - Cannot read IP mode file for STMicroelectronics.X-CUBE-AZRTOS-L4.2.0.0
2025-09-14 20:15:53,475 [WARN] ConditionMgr:1039 - genDependencies : Invalid condition id : LAN8742 Phy interface Condition cause : null
2025-09-14 20:15:53,475 [WARN] ConditionMgr:1039 - genDependencies : Invalid condition id : LAN8742 Phy interface Condition cause : null
2025-09-14 20:15:53,476 [WARN] ConditionMgr:1039 - genDependencies : Invalid condition id : LAN8742 Phy interface Condition cause : null
2025-09-14 20:15:53,514 [WARN] PackLoader:240 - Cannot read IP mode file for STMicroelectronics.X-CUBE-SFXS2LP1.4.0.0
2025-09-14 20:15:53,552 [WARN] PackLoader:240 - Cannot read IP mode file for STMicroelectronics.X-CUBE-AZRTOS-H7.3.3.0
2025-09-14 20:15:53,571 [ERROR] Engine:466 - C:\Users\nacho\.stm32cubemx\thirdparties\pdsc\STMicroelectronics.X-CUBE-BLEMGR.4.1.0.pdsc: PDSC version is not supported
2025-09-14 20:15:53,591 [WARN] PackLoader:240 - Cannot read IP mode file for STMicroelectronics.X-CUBE-IPS.3.0.0
2025-09-14 20:15:53,609 [INFO] WebApp:220 - Starting web application
2025-09-14 20:15:53,609 [INFO] WebApp:578 - Web application path used C:\ST\STM32CubeIDE_1.16.1\STM32CubeIDE\plugins\com.st.stm32cube.common.mx_6.12.1.202409122256\db\plugins\mcufinder\reactClient1\index.html
2025-09-14 20:15:53,644 [WARN] ConditionMgr:438 - getConditionDescription Invalid condition id : UX DEVICE CLASS RTOS Condition cause : null
2025-09-14 20:15:53,644 [WARN] ConditionMgr:438 - getConditionDescription Invalid condition id : UX DEVICE CLASS RTOS Condition cause : null
2025-09-14 20:15:53,646 [WARN] PackLoader:240 - Cannot read IP mode file for STMicroelectronics.X-CUBE-AZRTOS-WB.2.0.0
2025-09-14 20:15:53,646 [WARN] ConditionMgr:1039 - genDependencies : Invalid condition id : UX DEVICE CLASS RTOS Condition cause : null
2025-09-14 20:15:53,646 [WARN] ConditionMgr:1039 - genDependencies : Invalid condition id : UX DEVICE CLASS RTOS Condition cause : null
2025-09-14 20:15:53,647 [WARN] ConditionMgr:1039 - genDependencies : Invalid condition id : UX DEVICE CLASS RTOS Condition cause : null
2025-09-14 20:15:53,647 [WARN] ConditionMgr:1039 - genDependencies : Invalid condition id : UX DEVICE CLASS RTOS Condition cause : null
2025-09-14 20:15:53,647 [WARN] ConditionMgr:1039 - genDependencies : Invalid condition id : UX DEVICE CLASS RTOS Condition cause : null
2025-09-14 20:15:53,682 [WARN] PackLoader:240 - Cannot read IP mode file for STMicroelectronics.X-CUBE-GNSS1.7.0.0
2025-09-14 20:15:53,700 [WARN] PackLoader:240 - Cannot read IP mode file for STMicroelectronics.X-CUBE-GNSS1.7.0.1
2025-09-14 20:15:53,719 [WARN] PackLoader:240 - Cannot read IP mode file for STMicroelectronics.X-CUBE-TOUCHGFX.4.25.0
2025-09-14 20:15:53,737 [WARN] PackLoader:240 - Cannot read IP mode file for STMicroelectronics.FP-SNS-STBOX1.2.0.0
2025-09-14 20:15:53,762 [WARN] PackLoader:240 - Cannot read IP mode file for STMicroelectronics.X-CUBE-SUBG2.5.0.0
2025-09-14 20:15:53,816 [INFO] UserAuth:417 - Internet connection configuration mode: 1
2025-09-14 20:15:53,822 [WARN] PackLoader:240 - Cannot read IP mode file for STMicroelectronics.X-CUBE-AZRTOS-H7RS.1.1.0
2025-09-14 20:15:53,861 [WARN] PackLoader:240 - Cannot read IP mode file for Cesanta.I-CUBE-Mongoose.7.13.0
2025-09-14 20:15:53,904 [WARN] PackLoader:240 - Cannot read IP mode file for STMicroelectronics.X-CUBE-AZRTOS-G4.2.0.0
2025-09-14 20:15:53,931 [WARN] PackLoader:240 - Cannot read IP mode file for STMicroelectronics.X-CUBE-NFC7.2.0.0
2025-09-14 20:15:53,955 [ERROR] Engine:466 - C:\Users\nacho\.stm32cubemx\thirdparties\pdsc\STMicroelectronics.X-CUBE-IPS.3.1.0.pdsc: PDSC version is not supported
2025-09-14 20:15:53,974 [WARN] PackLoader:240 - Cannot read IP mode file for STMicroelectronics.X-CUBE-ALS.1.0.2
2025-09-14 20:15:53,994 [WARN] PackLoader:240 - Cannot read IP mode file for STMicroelectronics.X-CUBE-TOUCHGFX.4.24.2
2025-09-14 20:15:54,013 [WARN] PackLoader:240 - Cannot read IP mode file for STMicroelectronics.X-CUBE-TOUCHGFX.4.24.1
2025-09-14 20:15:54,031 [WARN] PackLoader:240 - Cannot read IP mode file for STMicroelectronics.X-CUBE-STSE01.1.0.0
2025-09-14 20:15:54,050 [WARN] PackLoader:240 - Cannot read IP mode file for wolfSSL.I-CUBE-wolfTPM.3.4.0
2025-09-14 20:15:54,068 [WARN] PackLoader:240 - Cannot read IP mode file for portGmbH.I-Cube-SoM-uGOAL.1.1.0
2025-09-14 20:15:54,098 [WARN] PackLoader:240 - Cannot read IP mode file for STMicroelectronics.X-CUBE-AZRTOS-H7RS.1.0.0
2025-09-14 20:15:54,128 [WARN] PackLoader:240 - Cannot read IP mode file for STMicroelectronics.X-CUBE-TOF1.3.4.2
2025-09-14 20:15:54,154 [ERROR] Engine:466 - C:\Users\nacho\.stm32cubemx\thirdparties\pdsc\STMicroelectronics.X-CUBE-TOF1.3.4.3.pdsc: PDSC version is not supported
2025-09-14 20:15:54,184 [WARN] PackLoader:240 - Cannot read IP mode file for Infineon.AIROC-Wi-Fi-Bluetooth-STM32.1.6.1
2025-09-14 20:15:54,202 [WARN] PackLoader:240 - Cannot read IP mode file for wolfSSL.I-CUBE-wolfSSH.1.4.17
2025-09-14 20:15:54,203 [INFO] ThirdParty:978 - Integrity check success = true
2025-09-14 20:15:54,203 [INFO] IntegrityCheckThread:100 - exiting critical section [integrity check]
2025-09-14 20:15:54,203 [INFO] IntegrityCheckThread:103 - End integrity checks thread
2025-09-14 22:09:52,119 [INFO] WebApp:189 - Connection lost
2025-09-14 22:09:52,524 [INFO] WebApp:186 - Connection restablished
2025-09-14 22:10:00,387 [INFO] WebApp:189 - Connection lost
2025-09-14 22:10:00,508 [INFO] WebApp:186 - Connection restablished
2025-09-14 22:19:17,328 [ERROR] LogOutputStream:75 - [STDERR_REDIRECT] 
