2025-08-12 20:56:02,401 [ERROR] LogOutputStream:75 - [STDERR_REDIRECT] 
2025-08-12 21:42:59,471 [INFO] Activator:176 - 


2025-08-12 21:42:59,471 [INFO] Activator:177 - !SESSION log4j initialized
2025-08-12 21:43:06,080 [INFO] LogOutputStream:77 - [STDOUT_REDIRECT] 
2025-08-12 21:43:08,225 [INFO] ApplicationProperties:184 - Using Application install path: C:\ST\STM32CubeIDE_1.16.1\STM32CubeIDE\plugins\com.st.stm32cube.common.mx_6.12.1.202409122256
2025-08-12 21:43:08,256 [INFO] DbMcusXml:78 - Set database path to: C:\ST\STM32CubeIDE_1.16.1\STM32CubeIDE\plugins\com.st.stm32cube.common.mx_6.12.1.202409122256\\db\/mcu/
2025-08-12 21:43:08,257 [INFO] ApiDb:274 - Set plugin database path to: C:\ST\STM32CubeIDE_1.16.1\STM32CubeIDE\plugins\com.st.stm32cube.common.mx_6.12.1.202409122256\\db\/plugins/boardmanager/
2025-08-12 21:43:08,258 [WARN] ApiDb:259 - Overriding images path with different value:  => C:\ST\STM32CubeIDE_1.16.1\STM32CubeIDE\plugins\com.st.stm32cube.common.mx_6.12.1.202409122256\\db\/plugins/mcufinder/images/
2025-08-12 21:43:08,280 [INFO] ApiDb:250 - Set database path to: C:\Users\nacho\.stmcufinder\plugins\mcufinder//mcu/
2025-08-12 21:43:08,281 [INFO] DbMcusAds:125 - Set database path to: C:\Users\nacho\.stmcufinder\plugins\mcufinder//mcu/
2025-08-12 21:43:08,285 [INFO] CrossReferenceDbSqlite:203 - Set database path to: C:\Users\nacho\.stmcufinder\plugins\mcufinder//mcu/cs/
2025-08-12 21:43:08,457 [INFO] RulesReader:64 - Compatibility file has been processed (297 Rules)
2025-08-12 21:43:08,580 [INFO] DbMcusXml:78 - Set database path to: C:\ST\STM32CubeIDE_1.16.1\STM32CubeIDE\plugins\com.st.stm32cube.common.mx_6.12.1.202409122256\\db\/mcu/
2025-08-12 21:43:08,580 [INFO] ApiDb:274 - Set plugin database path to: C:\ST\STM32CubeIDE_1.16.1\STM32CubeIDE\plugins\com.st.stm32cube.common.mx_6.12.1.202409122256\\db\/plugins/boardmanager/
2025-08-12 21:43:08,580 [INFO] ApiDb:261 - Set plugin images path to: C:\ST\STM32CubeIDE_1.16.1\STM32CubeIDE\plugins\com.st.stm32cube.common.mx_6.12.1.202409122256\\db\/plugins/mcufinder/images/
2025-08-12 21:43:08,581 [WARN] DbFile:41 - Overriding database path with different value: C:\Users\nacho\.stmcufinder\plugins\mcufinder/ => C:\Users\nacho\.stmcufinder\plugins\mcufinder
2025-08-12 21:43:08,581 [INFO] ApiDb:250 - Set database path to: C:\Users\nacho\.stmcufinder\plugins\mcufinder//mcu/
2025-08-12 21:43:08,581 [WARN] DbFile:41 - Overriding database path with different value: C:\Users\nacho\.stmcufinder\plugins\mcufinder/ => C:\Users\nacho\.stmcufinder\plugins\mcufinder
2025-08-12 21:43:08,581 [INFO] DbMcusAds:125 - Set database path to: C:\Users\nacho\.stmcufinder\plugins\mcufinder//mcu/
2025-08-12 21:43:08,581 [WARN] DbFile:41 - Overriding database path with different value: C:\Users\nacho\.stmcufinder\plugins\mcufinder/ => C:\Users\nacho\.stmcufinder\plugins\mcufinder
2025-08-12 21:43:08,581 [WARN] DbFile:41 - Overriding database path with different value: C:\Users\nacho\.stmcufinder\plugins\mcufinder/ => C:\Users\nacho\.stmcufinder\plugins\mcufinder
2025-08-12 21:43:08,581 [INFO] CrossReferenceDbSqlite:203 - Set database path to: C:\Users\nacho\.stmcufinder\plugins\mcufinder//mcu/cs/
2025-08-12 21:43:08,688 [INFO] MainPanel:268 - HeapMemory: 268435456
2025-08-12 21:43:08,841 [INFO] DbMcusXml:78 - Set database path to: C:\ST\STM32CubeIDE_1.16.1\STM32CubeIDE\plugins\com.st.stm32cube.common.mx_6.12.1.202409122256\\db\/mcu/
2025-08-12 21:43:08,841 [INFO] ApiDb:274 - Set plugin database path to: C:\ST\STM32CubeIDE_1.16.1\STM32CubeIDE\plugins\com.st.stm32cube.common.mx_6.12.1.202409122256\\db\/plugins/boardmanager/
2025-08-12 21:43:08,841 [INFO] ApiDb:261 - Set plugin images path to: C:\ST\STM32CubeIDE_1.16.1\STM32CubeIDE\plugins\com.st.stm32cube.common.mx_6.12.1.202409122256\\db\/plugins/mcufinder/images/
2025-08-12 21:43:08,841 [WARN] DbFile:41 - Overriding database path with different value: C:\Users\nacho\.stmcufinder\plugins\mcufinder/ => C:\Users\nacho\.stmcufinder\plugins\mcufinder
2025-08-12 21:43:08,841 [INFO] ApiDb:250 - Set database path to: C:\Users\nacho\.stmcufinder\plugins\mcufinder//mcu/
2025-08-12 21:43:08,842 [WARN] DbFile:41 - Overriding database path with different value: C:\Users\nacho\.stmcufinder\plugins\mcufinder/ => C:\Users\nacho\.stmcufinder\plugins\mcufinder
2025-08-12 21:43:08,842 [INFO] DbMcusAds:125 - Set database path to: C:\Users\nacho\.stmcufinder\plugins\mcufinder//mcu/
2025-08-12 21:43:08,842 [WARN] DbFile:41 - Overriding database path with different value: C:\Users\nacho\.stmcufinder\plugins\mcufinder/ => C:\Users\nacho\.stmcufinder\plugins\mcufinder
2025-08-12 21:43:08,842 [WARN] DbFile:41 - Overriding database path with different value: C:\Users\nacho\.stmcufinder\plugins\mcufinder/ => C:\Users\nacho\.stmcufinder\plugins\mcufinder
2025-08-12 21:43:08,842 [INFO] CrossReferenceDbSqlite:203 - Set database path to: C:\Users\nacho\.stmcufinder\plugins\mcufinder//mcu/cs/
2025-08-12 21:43:08,865 [INFO] ApplicationProperties:184 - Using Application install path: C:\ST\STM32CubeIDE_1.16.1\STM32CubeIDE\plugins\com.st.stm32cube.common.mx_6.12.1.202409122256
2025-08-12 21:43:08,868 [INFO] PluginManage:196 - Search for loadable plugins [exclusion list=, ]
2025-08-12 21:43:08,870 [INFO] PluginManage:310 - Check plugin analytics
2025-08-12 21:43:09,095 [INFO] AnalyticsPlugin:253 - Accepted Software Licenses: STM32CubeMX.6.12.1,STM32CubeMX.6.15.0
2025-08-12 21:43:09,095 [INFO] AnalyticsPlugin:255 - Accepted CMSIS Pack Licenses: 
2025-08-12 21:43:09,095 [INFO] AnalyticsPlugin:257 - Accepted Firmware Licenses: FW.WL.1.3.0
2025-08-12 21:43:09,096 [INFO] PluginManage:359 - Loaded plugin analytics (category:tool,tabindex:-1)
2025-08-12 21:43:09,096 [INFO] PluginManage:310 - Check plugin cadmodel
2025-08-12 21:43:09,118 [INFO] CADModel:105 - Init CAD model plugin
2025-08-12 21:43:09,119 [INFO] PluginManage:359 - Loaded plugin cadmodel (category:power,tabindex:5)
2025-08-12 21:43:09,119 [INFO] PluginManage:310 - Check plugin clock
2025-08-12 21:43:09,145 [INFO] PluginManage:359 - Loaded plugin clock (category:base,tabindex:2)
2025-08-12 21:43:09,145 [INFO] PluginManage:310 - Check plugin ddr
2025-08-12 21:43:09,149 [INFO] PluginManage:359 - Loaded plugin ddr (category:tool,tabindex:6)
2025-08-12 21:43:09,149 [INFO] PluginManage:310 - Check plugin filemanager
2025-08-12 21:43:09,334 [INFO] PluginManage:359 - Loaded plugin filemanager (category:base,tabindex:10)
2025-08-12 21:43:09,334 [INFO] PluginManage:310 - Check plugin ipmanager
2025-08-12 21:43:09,342 [INFO] PluginManage:359 - Loaded plugin ipmanager (category:base,tabindex:5)
2025-08-12 21:43:09,342 [INFO] PluginManage:310 - Check plugin lpbam
2025-08-12 21:43:09,366 [INFO] PluginManage:359 - Loaded plugin lpbam (category:base,tabindex:0)
2025-08-12 21:43:09,366 [INFO] PluginManage:310 - Check plugin memorymap
2025-08-12 21:43:09,390 [INFO] PluginManage:359 - Loaded plugin memorymap (category:base,tabindex:4)
2025-08-12 21:43:09,390 [INFO] PluginManage:310 - Check plugin pinoutandconfiguration
2025-08-12 21:43:09,409 [INFO] PluginManage:359 - Loaded plugin pinoutandconfiguration (category:base,tabindex:1)
2025-08-12 21:43:09,409 [INFO] PluginManage:310 - Check plugin pinoutconfig
2025-08-12 21:43:09,500 [WARN] SupportedApi:132 - Cannot load RTOS API schema: s4s-elt-must-match.1: The content of 'definitions' must match (annotation?, (simpleType | complexType)?, (unique | key | keyref)*)). A problem was found starting at: attribute.
2025-08-12 21:43:09,625 [INFO] PluginManage:359 - Loaded plugin pinoutconfig (category:base,tabindex:0)
2025-08-12 21:43:09,625 [INFO] PluginManage:310 - Check plugin power
2025-08-12 21:43:09,643 [INFO] PluginManage:359 - Loaded plugin power (category:power,tabindex:4)
2025-08-12 21:43:09,644 [INFO] PluginManage:310 - Check plugin projectmanager
2025-08-12 21:43:09,657 [INFO] PluginManage:359 - Loaded plugin projectmanager (category:projectmanager,tabindex:4)
2025-08-12 21:43:09,657 [INFO] PluginManage:310 - Check plugin rif
2025-08-12 21:43:09,674 [INFO] PluginManage:359 - Loaded plugin rif (category:base,tabindex:3)
2025-08-12 21:43:09,674 [INFO] PluginManage:310 - Check plugin thirdparty
2025-08-12 21:43:09,958 [INFO] PluginManage:359 - Loaded plugin thirdparty (category:base,tabindex:-1)
2025-08-12 21:43:09,959 [INFO] PluginManage:310 - Check plugin tools
2025-08-12 21:43:09,959 [WARN] IntegrityCheckThread:84 - waiting for thirdparty lock release [integrity check]
2025-08-12 21:43:09,959 [INFO] IntegrityCheckThread:86 - entering critical section [integrity check]
2025-08-12 21:43:09,959 [INFO] ThirdPartyUpdaterWithRetryManager:70 - Updater plugin not ready yet. [1/15]
2025-08-12 21:43:10,005 [INFO] PluginManage:359 - Loaded plugin tools (category:base,tabindex:7)
2025-08-12 21:43:10,006 [INFO] PluginManage:310 - Check plugin tutovideos
2025-08-12 21:43:10,190 [INFO] PluginManage:359 - Loaded plugin tutovideos (category:base,tabindex:-1)
2025-08-12 21:43:10,191 [INFO] PluginManage:310 - Check plugin updater
2025-08-12 21:43:10,209 [INFO] PluginManage:359 - Loaded plugin updater (category:base,tabindex:12)
2025-08-12 21:43:10,209 [INFO] PluginManage:310 - Check plugin userauth
2025-08-12 21:43:10,215 [INFO] UserAuth:113 - Init User Auth plugin
2025-08-12 21:43:10,215 [INFO] PluginManage:359 - Loaded plugin userauth (category:base,tabindex:14)
2025-08-12 21:43:10,216 [INFO] PluginManage:283 - PluginManage : Loaded plugins [18]
2025-08-12 21:43:10,393 [INFO] PinOutPanel:1561 - setPackage(No Configuration,No Configuration)
2025-08-12 21:43:10,467 [INFO] CADModel:165 - CPN selected for project level
2025-08-12 21:43:10,467 [INFO] CADModel:114 - Register for checkConnection events
2025-08-12 21:43:10,495 [INFO] IPUIPlugin:80 - create IPUIPlugin
2025-08-12 21:43:10,496 [INFO] PluginManager:220 - loadIPPluginJar : add adc
2025-08-12 21:43:10,537 [INFO] IPUIPlugin:80 - create IPUIPlugin
2025-08-12 21:43:10,537 [INFO] PluginManager:220 - loadIPPluginJar : add aes
2025-08-12 21:43:10,582 [INFO] IPUIPlugin:80 - create IPUIPlugin
2025-08-12 21:43:10,582 [INFO] PluginManager:220 - loadIPPluginJar : add can
2025-08-12 21:43:10,612 [INFO] IPUIPlugin:80 - create IPUIPlugin
2025-08-12 21:43:10,612 [INFO] PluginManager:220 - loadIPPluginJar : add comp
2025-08-12 21:43:10,647 [INFO] IPUIPlugin:80 - create IPUIPlugin
2025-08-12 21:43:10,648 [INFO] PluginManager:220 - loadIPPluginJar : add cryp
2025-08-12 21:43:10,662 [INFO] IPUIPlugin:80 - create IPUIPlugin
2025-08-12 21:43:10,662 [INFO] PluginManager:220 - loadIPPluginJar : add ddr_ctrl_phy
2025-08-12 21:43:10,697 [INFO] IPUIPlugin:80 - create IPUIPlugin
2025-08-12 21:43:10,697 [INFO] PluginManager:220 - loadIPPluginJar : add dfsdm
2025-08-12 21:43:10,712 [INFO] IPUIPlugin:80 - create IPUIPlugin
2025-08-12 21:43:10,712 [INFO] PluginManager:220 - loadIPPluginJar : add dma
2025-08-12 21:43:10,764 [INFO] IPUIPlugin:80 - create IPUIPlugin
2025-08-12 21:43:10,764 [INFO] PluginManager:220 - loadIPPluginJar : add dma3
2025-08-12 21:43:10,813 [INFO] IPUIPlugin:80 - create IPUIPlugin
2025-08-12 21:43:10,813 [INFO] PluginManager:220 - loadIPPluginJar : add extmemmanager
2025-08-12 21:43:10,837 [INFO] IPUIPlugin:80 - create IPUIPlugin
2025-08-12 21:43:10,837 [INFO] PluginManager:220 - loadIPPluginJar : add fatfs
2025-08-12 21:43:10,890 [INFO] IPUIPlugin:80 - create IPUIPlugin
2025-08-12 21:43:10,890 [INFO] PluginManager:220 - loadIPPluginJar : add fmc
2025-08-12 21:43:10,907 [INFO] IPUIPlugin:80 - create IPUIPlugin
2025-08-12 21:43:10,907 [INFO] PluginManager:220 - loadIPPluginJar : add freertos
2025-08-12 21:43:10,930 [INFO] IPUIPlugin:80 - create IPUIPlugin
2025-08-12 21:43:10,930 [INFO] PluginManager:220 - loadIPPluginJar : add genericplugin
2025-08-12 21:43:11,034 [INFO] IPUIPlugin:80 - create IPUIPlugin
2025-08-12 21:43:11,034 [INFO] PluginManager:220 - loadIPPluginJar : add gfxmmu
2025-08-12 21:43:11,173 [INFO] IPUIPlugin:80 - create IPUIPlugin
2025-08-12 21:43:11,173 [INFO] PluginManager:220 - loadIPPluginJar : add gic
2025-08-12 21:43:11,187 [INFO] IPUIPlugin:80 - create IPUIPlugin
2025-08-12 21:43:11,187 [INFO] PluginManager:220 - loadIPPluginJar : add gpio
2025-08-12 21:43:11,286 [INFO] IPUIPlugin:80 - create IPUIPlugin
2025-08-12 21:43:11,286 [INFO] PluginManager:220 - loadIPPluginJar : add gtzc
2025-08-12 21:43:11,323 [INFO] IPUIPlugin:80 - create IPUIPlugin
2025-08-12 21:43:11,323 [INFO] PluginManager:220 - loadIPPluginJar : add hash
2025-08-12 21:43:11,379 [INFO] IPUIPlugin:80 - create IPUIPlugin
2025-08-12 21:43:11,379 [INFO] PluginManager:220 - loadIPPluginJar : add i2c
2025-08-12 21:43:11,421 [INFO] IPUIPlugin:80 - create IPUIPlugin
2025-08-12 21:43:11,421 [INFO] PluginManager:220 - loadIPPluginJar : add i2s
2025-08-12 21:43:11,464 [INFO] IPUIPlugin:80 - create IPUIPlugin
2025-08-12 21:43:11,464 [INFO] PluginManager:220 - loadIPPluginJar : add i3c
2025-08-12 21:43:11,568 [INFO] IPUIPlugin:80 - create IPUIPlugin
2025-08-12 21:43:11,568 [INFO] PluginManager:220 - loadIPPluginJar : add ipddr
2025-08-12 21:43:11,663 [INFO] IPUIPlugin:80 - create IPUIPlugin
2025-08-12 21:43:11,663 [INFO] PluginManager:220 - loadIPPluginJar : add linkedlist
2025-08-12 21:43:11,703 [INFO] IPUIPlugin:80 - create IPUIPlugin
2025-08-12 21:43:11,703 [INFO] PluginManager:220 - loadIPPluginJar : add lorawan
2025-08-12 21:43:11,746 [INFO] IPUIPlugin:80 - create IPUIPlugin
2025-08-12 21:43:11,746 [INFO] PluginManager:220 - loadIPPluginJar : add ltdc
2025-08-12 21:43:11,761 [INFO] IPUIPlugin:80 - create IPUIPlugin
2025-08-12 21:43:11,761 [INFO] PluginManager:220 - loadIPPluginJar : add mdma
2025-08-12 21:43:11,774 [INFO] IPUIPlugin:80 - create IPUIPlugin
2025-08-12 21:43:11,774 [INFO] PluginManager:220 - loadIPPluginJar : add nvic
2025-08-12 21:43:11,815 [INFO] IPUIPlugin:80 - create IPUIPlugin
2025-08-12 21:43:11,815 [INFO] PluginManager:220 - loadIPPluginJar : add opamp
2025-08-12 21:43:11,896 [INFO] IPUIPlugin:80 - create IPUIPlugin
2025-08-12 21:43:11,897 [INFO] PluginManager:220 - loadIPPluginJar : add openamp
2025-08-12 21:43:11,944 [INFO] IPUIPlugin:80 - create IPUIPlugin
2025-08-12 21:43:11,944 [INFO] PluginManager:220 - loadIPPluginJar : add pdm2pcm
2025-08-12 21:43:11,959 [INFO] IPUIPlugin:80 - create IPUIPlugin
2025-08-12 21:43:11,961 [INFO] PluginManager:220 - loadIPPluginJar : add plateformsettings
2025-08-12 21:43:11,986 [INFO] IPUIPlugin:80 - create IPUIPlugin
2025-08-12 21:43:11,986 [INFO] PluginManager:220 - loadIPPluginJar : add quadspi
2025-08-12 21:43:12,015 [INFO] IPUIPlugin:80 - create IPUIPlugin
2025-08-12 21:43:12,016 [INFO] PluginManager:220 - loadIPPluginJar : add radio
2025-08-12 21:43:12,030 [INFO] IPUIPlugin:80 - create IPUIPlugin
2025-08-12 21:43:12,030 [INFO] PluginManager:220 - loadIPPluginJar : add resmgrutility
2025-08-12 21:43:12,080 [INFO] IPUIPlugin:80 - create IPUIPlugin
2025-08-12 21:43:12,080 [INFO] PluginManager:220 - loadIPPluginJar : add sai
2025-08-12 21:43:12,120 [INFO] IPUIPlugin:80 - create IPUIPlugin
2025-08-12 21:43:12,120 [INFO] PluginManager:220 - loadIPPluginJar : add spi
2025-08-12 21:43:12,193 [INFO] IPUIPlugin:80 - create IPUIPlugin
2025-08-12 21:43:12,193 [INFO] PluginManager:220 - loadIPPluginJar : add stm32_wpan
2025-08-12 21:43:12,223 [INFO] IPUIPlugin:80 - create IPUIPlugin
2025-08-12 21:43:12,223 [INFO] PluginManager:220 - loadIPPluginJar : add tim
2025-08-12 21:43:12,294 [INFO] IPUIPlugin:80 - create IPUIPlugin
2025-08-12 21:43:12,295 [INFO] PluginManager:220 - loadIPPluginJar : add touchsensing
2025-08-12 21:43:12,328 [INFO] IPUIPlugin:80 - create IPUIPlugin
2025-08-12 21:43:12,329 [INFO] PluginManager:220 - loadIPPluginJar : add tracer_emb
2025-08-12 21:43:12,359 [INFO] IPUIPlugin:80 - create IPUIPlugin
2025-08-12 21:43:12,360 [INFO] PluginManager:220 - loadIPPluginJar : add ts
2025-08-12 21:43:12,387 [INFO] IPUIPlugin:80 - create IPUIPlugin
2025-08-12 21:43:12,387 [INFO] PluginManager:220 - loadIPPluginJar : add tsc
2025-08-12 21:43:12,412 [INFO] IPUIPlugin:80 - create IPUIPlugin
2025-08-12 21:43:12,413 [INFO] PluginManager:220 - loadIPPluginJar : add ucpd
2025-08-12 21:43:12,458 [INFO] IPUIPlugin:80 - create IPUIPlugin
2025-08-12 21:43:12,458 [INFO] PluginManager:220 - loadIPPluginJar : add usart
2025-08-12 21:43:12,504 [INFO] IPUIPlugin:80 - create IPUIPlugin
2025-08-12 21:43:12,504 [INFO] PluginManager:220 - loadIPPluginJar : add usbx
2025-08-12 21:43:12,617 [INFO] CADModel:165 - CPN selected for project level
2025-08-12 21:43:12,618 [INFO] CADModel:114 - Register for checkConnection events
2025-08-12 21:43:12,618 [FATAL] Updater:334 - Updater called before beeing initialized
2025-08-12 21:43:12,618 [ERROR] CADModel:125 - Updater not yet initialized, retry later 
2025-08-12 21:43:12,718 [INFO] CADModel:165 - CPN selected for project level
2025-08-12 21:43:12,718 [INFO] CADModel:114 - Register for checkConnection events
2025-08-12 21:43:12,718 [FATAL] Updater:334 - Updater called before beeing initialized
2025-08-12 21:43:12,718 [ERROR] CADModel:125 - Updater not yet initialized, retry later 
2025-08-12 21:43:12,720 [FATAL] Updater:334 - Updater called before beeing initialized
2025-08-12 21:43:12,800 [FATAL] Updater:334 - Updater called before beeing initialized
2025-08-12 21:43:12,811 [INFO] DbMcusAds:53 - JSON generation date=Thu Sep 30 03:55:09 ART 2021 (1632984909247)
2025-08-12 21:43:12,811 [FATAL] Updater:334 - Updater called before beeing initialized
2025-08-12 21:43:12,842 [WARN] DetailPanel:346 - Failed to get advertising image, set to default
2025-08-12 21:43:12,911 [FATAL] Updater:334 - Updater called before beeing initialized
2025-08-12 21:43:12,913 [FATAL] Updater:334 - Updater called before beeing initialized
2025-08-12 21:43:12,913 [FATAL] Updater:334 - Updater called before beeing initialized
2025-08-12 21:43:12,913 [WARN] DetailPanel:346 - Failed to get advertising image, set to default
2025-08-12 21:43:12,913 [FATAL] Updater:334 - Updater called before beeing initialized
2025-08-12 21:43:12,960 [INFO] ThirdPartyUpdaterWithRetryManager:70 - Updater plugin not ready yet. [2/15]
2025-08-12 21:43:12,965 [ERROR] Updater:1164 - MainUpdater not yet initialized. External WinMGr cannot be set.
2025-08-12 21:43:12,977 [INFO] Updater:1100 - Updater Version found : 6.12.1
2025-08-12 21:43:12,995 [INFO] ApplicationProperties:184 - Using Application install path: C:\ST\STM32CubeIDE_1.16.1\STM32CubeIDE\plugins\com.st.stm32cube.common.mx_6.12.1.202409122256
2025-08-12 21:43:13,059 [INFO] MainUpdater:526 - Copy updater definitions from MX database
2025-08-12 21:43:13,239 [INFO] MainUpdater:2873 - connection check result : 10
2025-08-12 21:43:13,240 [INFO] MainUpdater:3567 - Updater definition file requires update
2025-08-12 21:43:13,240 [INFO] MainUpdater:290 - Updater Check For Update Now.
2025-08-12 21:43:13,240 [INFO] MicroXplorer:498 - Change Database Version : DB.6.0.121
2025-08-12 21:43:13,261 [INFO] McuFinderGlobals:63 - Set McuFinder mode to 2 (CubeIDE integrated)
2025-08-12 21:43:13,269 [INFO] UserAuth:417 - Internet connection configuration mode: 1
2025-08-12 21:43:13,303 [INFO] JxBrowserEngine:152 - Initiate JxBrowser Engine with user profile folder
2025-08-12 21:43:14,565 [INFO] ServerAccessManage:473 - Download File updaters.zip
2025-08-12 21:43:14,632 [INFO] FileExtend:240 - Unzip File : updaters.zip
2025-08-12 21:43:14,632 [INFO] FileExtend:255 - Standard Zip Deflate
2025-08-12 21:43:15,961 [WARN] MainUpdater:1194 - Updater busy. Cannot search thirdparties
2025-08-12 21:43:15,961 [INFO] ThirdPartyUpdaterWithRetryManager:96 - Updater plugin is busy. [1/15]
2025-08-12 21:43:16,667 [INFO] WebApp:167 - Instantiating new browser for Auth
2025-08-12 21:43:16,786 [INFO] ServerAccessManage:473 - Download File PacksControlFlags.xml
2025-08-12 21:43:18,040 [INFO] WebApp:448 - Apply proxy settings
2025-08-12 21:43:18,040 [INFO] WebApp:533 - Chromium requires no authentication
2025-08-12 21:43:18,050 [INFO] WebApp:476 - Direct internet connection detected
2025-08-12 21:43:18,077 [INFO] WebApp:869 - Register for checkConnection events
2025-08-12 21:43:18,077 [INFO] WebApp:448 - Apply proxy settings
2025-08-12 21:43:18,077 [INFO] WebApp:533 - Chromium requires no authentication
2025-08-12 21:43:18,077 [INFO] WebApp:476 - Direct internet connection detected
2025-08-12 21:43:18,192 [INFO] ServerAccessManage:473 - Download File cubemx.pidx
2025-08-12 21:43:18,229 [INFO] WebApp:186 - Connection restablished
2025-08-12 21:43:18,289 [INFO] WebApp:220 - Starting web application
2025-08-12 21:43:18,290 [INFO] WebApp:578 - Web application path used C:\ST\STM32CubeIDE_1.16.1\STM32CubeIDE\plugins\com.st.stm32cube.common.mx_6.12.1.202409122256\db\plugins\mcufinder\reactClient1\index.html
2025-08-12 21:43:18,349 [INFO] LoadServerUpdatesThread:375 - End of LoadServerUpdate Thread
2025-08-12 21:43:18,524 [INFO] UserAuth:417 - Internet connection configuration mode: 1
2025-08-12 21:43:18,569 [INFO] CheckServerUpdateThread:120 - End of CheckServer Thread
2025-08-12 21:43:19,238 [WARN] PackLoader:240 - Cannot read IP mode file for STMicroelectronics.FP-SNS-MOTENVWB1.1.4.0
2025-08-12 21:43:19,258 [WARN] PackLoader:240 - Cannot read IP mode file for STMicroelectronics.FP-ATR-ASTRA1.2.0.2
2025-08-12 21:43:19,273 [WARN] PackLoader:240 - Cannot read IP mode file for STMicroelectronics.FP-ATR-ASTRA1.2.0.1
2025-08-12 21:43:19,291 [WARN] PackLoader:240 - Cannot read IP mode file for STMicroelectronics.X-CUBE-SMBUS.2.1.0
2025-08-12 21:43:19,306 [WARN] PackLoader:240 - Cannot read IP mode file for STMicroelectronics.X-CUBE-WB05N.1.1.0
2025-08-12 21:43:19,320 [ERROR] Engine:466 - C:\Users\nacho\.stm32cubemx\thirdparties\pdsc\STMicroelectronics.X-CUBE-ST60.1.0.0.pdsc: PDSC version is not supported
2025-08-12 21:43:19,365 [WARN] PackLoader:240 - Cannot read IP mode file for STMicroelectronics.X-CUBE-AZRTOS-F7.1.1.0
2025-08-12 21:43:19,435 [WARN] PackLoader:240 - Cannot read IP mode file for STMicroelectronics.X-CUBE-MEMS1.11.0.0
2025-08-12 21:43:19,571 [WARN] PackLoader:240 - Cannot read IP mode file for STMicroelectronics.FP-SNS-FLIGHT1.5.0.2
2025-08-12 21:43:19,607 [WARN] PackLoader:240 - Cannot read IP mode file for STMicroelectronics.X-CUBE-AZRTOS-H7.3.4.0
2025-08-12 21:43:19,631 [WARN] PackLoader:240 - Cannot read IP mode file for STMicroelectronics.X-CUBE-DISPLAY.3.0.0
2025-08-12 21:43:19,652 [WARN] PackLoader:240 - Cannot read IP mode file for STMicroelectronics.X-CUBE-BLE1.7.0.0
2025-08-12 21:43:19,671 [WARN] PackLoader:240 - Cannot read IP mode file for STMicroelectronics.X-CUBE-NFC10.1.0.0
2025-08-12 21:43:19,699 [WARN] PackLoader:240 - Cannot read IP mode file for STMicroelectronics.X-CUBE-BLEMGR.4.0.0
2025-08-12 21:43:19,719 [WARN] PackLoader:240 - Cannot read IP mode file for emotas.I-CUBE-CANOPEN.1.3.0
2025-08-12 21:43:19,739 [WARN] PackLoader:240 - Cannot read IP mode file for STMicroelectronics.X-CUBE-BLEMGR.3.1.0
2025-08-12 21:43:19,758 [WARN] PackLoader:240 - Cannot read IP mode file for STMicroelectronics.X-CUBE-AI.10.0.0
2025-08-12 21:43:19,776 [ERROR] Engine:466 - C:\Users\nacho\.stm32cubemx\thirdparties\pdsc\STMicroelectronics.FP-SNS-STBOX1.2.1.0.pdsc: PDSC version is not supported
2025-08-12 21:43:19,795 [WARN] PackLoader:240 - Cannot read IP mode file for STMicroelectronics.FP-SNS-SMARTAG2.1.2.0
2025-08-12 21:43:19,811 [ERROR] Engine:466 - C:\Users\nacho\.stm32cubemx\thirdparties\pdsc\STMicroelectronics.FP-SNS-FLIGHT1.5.1.0.pdsc: PDSC version is not supported
2025-08-12 21:43:19,863 [WARN] PackLoader:240 - Cannot read IP mode file for STMicroelectronics.X-CUBE-MEMS1.11.1.0
2025-08-12 21:43:19,956 [INFO] LogOutputStream:77 - [STDOUT_REDIRECT] 1 : Invalid condition id : UX_CORESTACK_Condition cause : null
2025-08-12 21:43:19,957 [INFO] LogOutputStream:77 - [STDOUT_REDIRECT] 1 : Invalid condition id : UX_CORESTACK_Condition cause : null
2025-08-12 21:43:19,958 [INFO] LogOutputStream:77 - [STDOUT_REDIRECT] 1 : Invalid condition id : UX_CORESTACK_Condition cause : null
2025-08-12 21:43:19,958 [INFO] LogOutputStream:77 - [STDOUT_REDIRECT] 1 : Invalid condition id : UX_CORESTACK_Condition cause : null
2025-08-12 21:43:19,960 [INFO] LogOutputStream:77 - [STDOUT_REDIRECT] 1 : Invalid condition id : UX_CORESTACK_Condition cause : null
2025-08-12 21:43:19,962 [WARN] PackLoader:240 - Cannot read IP mode file for STMicroelectronics.X-CUBE-AZRTOS-WL.2.0.0
2025-08-12 21:43:19,979 [WARN] PackLoader:240 - Cannot read IP mode file for STMicroelectronics.FP-SNS-MOTENV1.5.0.0
2025-08-12 21:43:19,996 [WARN] PackLoader:240 - Cannot read IP mode file for wolfSSL.I-CUBE-wolfMQTT.1.19.0
2025-08-12 21:43:20,015 [WARN] PackLoader:240 - Cannot read IP mode file for WES.I-CUBE-Cesium.1.3.0
2025-08-12 21:43:20,032 [WARN] PackLoader:240 - Cannot read IP mode file for STMicroelectronics.X-CUBE-BLE2.3.3.0
2025-08-12 21:43:20,050 [WARN] PackLoader:240 - Cannot read IP mode file for STMicroelectronics.X-CUBE-NFC9.1.0.0
2025-08-12 21:43:20,068 [WARN] PackLoader:240 - Cannot read IP mode file for STMicroelectronics.X-CUBE-BLE1.7.1.0
2025-08-12 21:43:20,086 [WARN] PackLoader:240 - Cannot read IP mode file for STMicroelectronics.X-CUBE-TCPP.4.1.0
2025-08-12 21:43:20,104 [WARN] PackLoader:240 - Cannot read IP mode file for STMicroelectronics.X-CUBE-EEPRMA1.5.2.0
2025-08-12 21:43:20,122 [WARN] PackLoader:240 - Cannot read IP mode file for STMicroelectronics.X-CUBE-AI.10.1.0
2025-08-12 21:43:20,183 [WARN] PackLoader:240 - Cannot read IP mode file for STMicroelectronics.X-CUBE-MEMS1.11.2.0
2025-08-12 21:43:20,312 [WARN] PackLoader:240 - Cannot read IP mode file for STMicroelectronics.X-CUBE-AZRTOS-G0.1.1.0
2025-08-12 21:43:20,335 [WARN] PackLoader:240 - Cannot read IP mode file for STMicroelectronics.X-CUBE-SAFEA1.1.2.2
2025-08-12 21:43:20,355 [WARN] PackLoader:240 - Cannot read IP mode file for STMicroelectronics.X-CUBE-NFC4.3.0.0
2025-08-12 21:43:20,378 [WARN] PackLoader:240 - Cannot read IP mode file for EmbeddedOffice.I-CUBE-FS-RTOS.1.0.1
2025-08-12 21:43:20,378 [ERROR] ConditionMgr:805 - Attr not supported : Dmpu
2025-08-12 21:43:20,378 [ERROR] ConditionMgr:805 - Attr not supported : Dmpu
2025-08-12 21:43:20,378 [ERROR] ConditionMgr:805 - Attr not supported : Dmpu
2025-08-12 21:43:20,379 [ERROR] ConditionMgr:805 - Attr not supported : Dmpu
2025-08-12 21:43:20,379 [ERROR] ConditionMgr:805 - Attr not supported : Dmpu
2025-08-12 21:43:20,379 [ERROR] ConditionMgr:805 - Attr not supported : Dmpu
2025-08-12 21:43:20,379 [ERROR] ConditionMgr:805 - Attr not supported : Dmpu
2025-08-12 21:43:20,379 [ERROR] ConditionMgr:805 - Attr not supported : Dmpu
2025-08-12 21:43:20,379 [ERROR] ConditionMgr:805 - Attr not supported : Dmpu
2025-08-12 21:43:20,379 [ERROR] ConditionMgr:805 - Attr not supported : Dmpu
2025-08-12 21:43:20,379 [ERROR] ConditionMgr:805 - Attr not supported : Dmpu
2025-08-12 21:43:20,379 [ERROR] ConditionMgr:805 - Attr not supported : Dmpu
2025-08-12 21:43:20,379 [ERROR] ConditionMgr:805 - Attr not supported : Dmpu
2025-08-12 21:43:20,379 [ERROR] ConditionMgr:805 - Attr not supported : Dmpu
2025-08-12 21:43:20,379 [ERROR] ConditionMgr:805 - Attr not supported : Dmpu
2025-08-12 21:43:20,379 [ERROR] ConditionMgr:805 - Attr not supported : Dmpu
2025-08-12 21:43:20,379 [ERROR] ConditionMgr:805 - Attr not supported : Dmpu
2025-08-12 21:43:20,379 [ERROR] ConditionMgr:805 - Attr not supported : Dmpu
2025-08-12 21:43:20,379 [ERROR] ConditionMgr:805 - Attr not supported : Dmpu
2025-08-12 21:43:20,379 [ERROR] ConditionMgr:805 - Attr not supported : Dmpu
2025-08-12 21:43:20,379 [ERROR] ConditionMgr:805 - Attr not supported : Dmpu
2025-08-12 21:43:20,379 [ERROR] ConditionMgr:805 - Attr not supported : Dmpu
2025-08-12 21:43:20,379 [ERROR] ConditionMgr:805 - Attr not supported : Dmpu
2025-08-12 21:43:20,379 [ERROR] ConditionMgr:805 - Attr not supported : Dmpu
2025-08-12 21:43:20,379 [ERROR] ConditionMgr:805 - Attr not supported : Dmpu
2025-08-12 21:43:20,379 [ERROR] ConditionMgr:805 - Attr not supported : Dmpu
2025-08-12 21:43:20,379 [ERROR] ConditionMgr:805 - Attr not supported : Dmpu
2025-08-12 21:43:20,379 [ERROR] ConditionMgr:805 - Attr not supported : Dmpu
2025-08-12 21:43:20,380 [ERROR] ConditionMgr:805 - Attr not supported : Dmpu
2025-08-12 21:43:20,380 [ERROR] ConditionMgr:805 - Attr not supported : Dmpu
2025-08-12 21:43:20,380 [ERROR] ConditionMgr:805 - Attr not supported : Dmpu
2025-08-12 21:43:20,380 [ERROR] ConditionMgr:805 - Attr not supported : Dmpu
2025-08-12 21:43:20,380 [ERROR] ConditionMgr:805 - Attr not supported : Dmpu
2025-08-12 21:43:20,380 [ERROR] ConditionMgr:805 - Attr not supported : Dmpu
2025-08-12 21:43:20,380 [ERROR] ConditionMgr:805 - Attr not supported : Dmpu
2025-08-12 21:43:20,380 [ERROR] ConditionMgr:805 - Attr not supported : Dmpu
2025-08-12 21:43:20,380 [ERROR] ConditionMgr:805 - Attr not supported : Dmpu
2025-08-12 21:43:20,380 [ERROR] ConditionMgr:805 - Attr not supported : Dmpu
2025-08-12 21:43:20,380 [ERROR] ConditionMgr:805 - Attr not supported : Dmpu
2025-08-12 21:43:20,380 [ERROR] ConditionMgr:805 - Attr not supported : Dmpu
2025-08-12 21:43:20,380 [ERROR] ConditionMgr:805 - Attr not supported : Dmpu
2025-08-12 21:43:20,380 [ERROR] ConditionMgr:805 - Attr not supported : Dmpu
2025-08-12 21:43:20,380 [ERROR] ConditionMgr:805 - Attr not supported : Dmpu
2025-08-12 21:43:20,380 [ERROR] ConditionMgr:805 - Attr not supported : Dmpu
2025-08-12 21:43:20,380 [ERROR] ConditionMgr:805 - Attr not supported : Dmpu
2025-08-12 21:43:20,380 [ERROR] ConditionMgr:805 - Attr not supported : Dmpu
2025-08-12 21:43:20,380 [ERROR] ConditionMgr:805 - Attr not supported : Dmpu
2025-08-12 21:43:20,380 [ERROR] ConditionMgr:805 - Attr not supported : Dmpu
2025-08-12 21:43:20,380 [ERROR] ConditionMgr:805 - Attr not supported : Dmpu
2025-08-12 21:43:20,380 [ERROR] ConditionMgr:805 - Attr not supported : Dmpu
2025-08-12 21:43:20,380 [ERROR] ConditionMgr:805 - Attr not supported : Dmpu
2025-08-12 21:43:20,380 [ERROR] ConditionMgr:805 - Attr not supported : Dmpu
2025-08-12 21:43:20,380 [ERROR] ConditionMgr:805 - Attr not supported : Dmpu
2025-08-12 21:43:20,381 [ERROR] ConditionMgr:805 - Attr not supported : Dmpu
2025-08-12 21:43:20,381 [ERROR] ConditionMgr:805 - Attr not supported : Dmpu
2025-08-12 21:43:20,381 [ERROR] ConditionMgr:805 - Attr not supported : Dmpu
2025-08-12 21:43:20,381 [ERROR] ConditionMgr:805 - Attr not supported : Dmpu
2025-08-12 21:43:20,381 [ERROR] ConditionMgr:805 - Attr not supported : Dmpu
2025-08-12 21:43:20,381 [ERROR] ConditionMgr:805 - Attr not supported : Dmpu
2025-08-12 21:43:20,381 [ERROR] ConditionMgr:805 - Attr not supported : Dmpu
2025-08-12 21:43:20,381 [ERROR] ConditionMgr:805 - Attr not supported : Dmpu
2025-08-12 21:43:20,381 [ERROR] ConditionMgr:805 - Attr not supported : Dmpu
2025-08-12 21:43:20,381 [ERROR] ConditionMgr:805 - Attr not supported : Dmpu
2025-08-12 21:43:20,381 [ERROR] ConditionMgr:805 - Attr not supported : Dmpu
2025-08-12 21:43:20,398 [WARN] PackLoader:240 - Cannot read IP mode file for STMicroelectronics.X-CUBE-WB05N.2.0.0
2025-08-12 21:43:20,417 [ERROR] Engine:466 - C:\Users\nacho\.stm32cubemx\thirdparties\pdsc\STMicroelectronics.X-CUBE-TCPP.4.2.0.pdsc: PDSC version is not supported
2025-08-12 21:43:20,437 [WARN] PackLoader:240 - Cannot read IP mode file for RealThread.X-CUBE-RT-Thread_Nano.4.1.1
2025-08-12 21:43:20,454 [WARN] PackLoader:240 - Cannot read IP mode file for STMicroelectronics.FP-ATR-SIGFOX1.3.2.0
2025-08-12 21:43:20,470 [WARN] ConditionMgr:438 - getConditionDescription Invalid condition id : Cortex-A Device cause : null
2025-08-12 21:43:20,498 [WARN] ConditionMgr:1039 - genDependencies : Invalid condition id : Cortex-A Device cause : null
2025-08-12 21:43:20,498 [WARN] ConditionMgr:1039 - genDependencies : Invalid condition id : Cortex-A Device cause : null
2025-08-12 21:43:20,499 [WARN] ConditionMgr:1039 - genDependencies : Invalid condition id : Cortex-A Device cause : null
2025-08-12 21:43:20,516 [WARN] PackLoader:240 - Cannot read IP mode file for STMicroelectronics.X-CUBE-EEPRMA1.5.1.0
2025-08-12 21:43:20,533 [WARN] PackLoader:240 - Cannot read IP mode file for wolfSSL.I-CUBE-wolfSSL.5.7.4
2025-08-12 21:43:20,554 [WARN] PackLoader:240 - Cannot read IP mode file for ITTIA_DB.I-CUBE-ITTIADB.8.9.0
2025-08-12 21:43:20,571 [ERROR] Engine:466 - C:\Users\nacho\.stm32cubemx\thirdparties\pdsc\STMicroelectronics.X-CUBE-ST67W61.1.0.0.pdsc: PDSC version is not supported
2025-08-12 21:43:20,588 [WARN] PackLoader:240 - Cannot read IP mode file for STMicroelectronics.X-CUBE-AI.10.2.0
2025-08-12 21:43:20,623 [WARN] PackLoader:240 - Cannot read IP mode file for SEGGER.I-CUBE-embOS.1.3.1
2025-08-12 21:43:20,671 [WARN] PackLoader:240 - Cannot read IP mode file for STMicroelectronics.X-CUBE-ALGOBUILD.1.4.0
2025-08-12 21:43:20,728 [WARN] PackLoader:240 - Cannot read IP mode file for STMicroelectronics.X-CUBE-MEMS1.11.3.0
2025-08-12 21:43:20,841 [WARN] PackLoader:240 - Cannot read IP mode file for STMicroelectronics.X-CUBE-AI.9.1.0
2025-08-12 21:43:20,860 [WARN] PackLoader:240 - Cannot read IP mode file for STMicroelectronics.X-CUBE-PM33A1.1.0.0
2025-08-12 21:43:20,888 [WARN] PackLoader:240 - Cannot read IP mode file for STMicroelectronics.X-CUBE-AZRTOS-F4.1.1.0
2025-08-12 21:43:20,906 [ERROR] Engine:466 - C:\Users\nacho\.stm32cubemx\thirdparties\pdsc\Avnet-IotConnect.X-CUBE-IoTC-DA16k-PMOD.1.0.0.pdsc: PDSC version is not supported
2025-08-12 21:43:20,923 [WARN] PackLoader:240 - Cannot read IP mode file for STMicroelectronics.X-CUBE-ISPU.2.1.0
2025-08-12 21:43:20,943 [WARN] PackLoader:240 - Cannot read IP mode file for STMicroelectronics.X-CUBE-FREERTOS.1.2.0
2025-08-12 21:43:20,962 [WARN] PackLoader:240 - Cannot read IP mode file for STMicroelectronics.X-CUBE-NFC12.1.0.0
2025-08-12 21:43:20,997 [WARN] PackLoader:240 - Cannot read IP mode file for STMicroelectronics.X-CUBE-AZRTOS-L5.2.0.0
2025-08-12 21:43:21,018 [WARN] PackLoader:240 - Cannot read IP mode file for STMicroelectronics.X-CUBE-NFC6.3.1.0
2025-08-12 21:43:21,038 [WARN] PackLoader:240 - Cannot read IP mode file for STMicroelectronics.X-CUBE-DPower.1.2.0
2025-08-12 21:43:21,054 [WARN] PackLoader:240 - Cannot read IP mode file for STMicroelectronics.X-CUBE-FREERTOS.1.3.1
2025-08-12 21:43:21,071 [WARN] PackLoader:240 - Cannot read IP mode file for STMicroelectronics.X-CUBE-FREERTOS.1.3.0
2025-08-12 21:43:21,089 [WARN] PackLoader:240 - Cannot read IP mode file for STMicroelectronics.X-CUBE-NFC7.1.0.1
2025-08-12 21:43:21,105 [ERROR] Engine:466 - C:\Users\nacho\.stm32cubemx\thirdparties\pdsc\STMicroelectronics.FP-SNS-STAIOTCFT.1.0.0.pdsc: PDSC version is not supported
2025-08-12 21:43:21,122 [WARN] PackLoader:240 - Cannot read IP mode file for STMicroelectronics.X-CUBE-DPower.1.3.0
2025-08-12 21:43:21,154 [WARN] ConditionMgr:438 - getConditionDescription Invalid condition id : LAN8742 Phy interface Condition cause : null
2025-08-12 21:43:21,155 [WARN] PackLoader:240 - Cannot read IP mode file for STMicroelectronics.X-CUBE-AZRTOS-L4.2.0.0
2025-08-12 21:43:21,156 [WARN] ConditionMgr:1039 - genDependencies : Invalid condition id : LAN8742 Phy interface Condition cause : null
2025-08-12 21:43:21,156 [WARN] ConditionMgr:1039 - genDependencies : Invalid condition id : LAN8742 Phy interface Condition cause : null
2025-08-12 21:43:21,156 [WARN] ConditionMgr:1039 - genDependencies : Invalid condition id : LAN8742 Phy interface Condition cause : null
2025-08-12 21:43:21,175 [WARN] PackLoader:240 - Cannot read IP mode file for STMicroelectronics.X-CUBE-SFXS2LP1.4.0.0
2025-08-12 21:43:21,206 [WARN] PackLoader:240 - Cannot read IP mode file for STMicroelectronics.X-CUBE-AZRTOS-H7.3.3.0
2025-08-12 21:43:21,225 [ERROR] Engine:466 - C:\Users\nacho\.stm32cubemx\thirdparties\pdsc\STMicroelectronics.X-CUBE-BLEMGR.4.1.0.pdsc: PDSC version is not supported
2025-08-12 21:43:21,245 [WARN] PackLoader:240 - Cannot read IP mode file for STMicroelectronics.X-CUBE-IPS.3.0.0
2025-08-12 21:43:21,277 [WARN] ConditionMgr:438 - getConditionDescription Invalid condition id : UX DEVICE CLASS RTOS Condition cause : null
2025-08-12 21:43:21,277 [WARN] ConditionMgr:438 - getConditionDescription Invalid condition id : UX DEVICE CLASS RTOS Condition cause : null
2025-08-12 21:43:21,279 [WARN] PackLoader:240 - Cannot read IP mode file for STMicroelectronics.X-CUBE-AZRTOS-WB.2.0.0
2025-08-12 21:43:21,280 [WARN] ConditionMgr:1039 - genDependencies : Invalid condition id : UX DEVICE CLASS RTOS Condition cause : null
2025-08-12 21:43:21,280 [WARN] ConditionMgr:1039 - genDependencies : Invalid condition id : UX DEVICE CLASS RTOS Condition cause : null
2025-08-12 21:43:21,280 [WARN] ConditionMgr:1039 - genDependencies : Invalid condition id : UX DEVICE CLASS RTOS Condition cause : null
2025-08-12 21:43:21,281 [WARN] ConditionMgr:1039 - genDependencies : Invalid condition id : UX DEVICE CLASS RTOS Condition cause : null
2025-08-12 21:43:21,281 [WARN] ConditionMgr:1039 - genDependencies : Invalid condition id : UX DEVICE CLASS RTOS Condition cause : null
2025-08-12 21:43:21,299 [WARN] PackLoader:240 - Cannot read IP mode file for STMicroelectronics.X-CUBE-GNSS1.7.0.0
2025-08-12 21:43:21,315 [WARN] PackLoader:240 - Cannot read IP mode file for STMicroelectronics.X-CUBE-GNSS1.7.0.1
2025-08-12 21:43:21,334 [WARN] PackLoader:240 - Cannot read IP mode file for STMicroelectronics.X-CUBE-TOUCHGFX.4.25.0
2025-08-12 21:43:21,353 [WARN] PackLoader:240 - Cannot read IP mode file for STMicroelectronics.FP-SNS-STBOX1.2.0.0
2025-08-12 21:43:21,376 [WARN] PackLoader:240 - Cannot read IP mode file for STMicroelectronics.X-CUBE-SUBG2.5.0.0
2025-08-12 21:43:21,412 [WARN] PackLoader:240 - Cannot read IP mode file for STMicroelectronics.X-CUBE-AZRTOS-H7RS.1.1.0
2025-08-12 21:43:21,432 [WARN] PackLoader:240 - Cannot read IP mode file for Cesanta.I-CUBE-Mongoose.7.13.0
2025-08-12 21:43:21,460 [WARN] PackLoader:240 - Cannot read IP mode file for STMicroelectronics.X-CUBE-AZRTOS-G4.2.0.0
2025-08-12 21:43:21,478 [WARN] PackLoader:240 - Cannot read IP mode file for STMicroelectronics.X-CUBE-NFC7.2.0.0
2025-08-12 21:43:21,499 [ERROR] Engine:466 - C:\Users\nacho\.stm32cubemx\thirdparties\pdsc\STMicroelectronics.X-CUBE-IPS.3.1.0.pdsc: PDSC version is not supported
2025-08-12 21:43:21,516 [WARN] PackLoader:240 - Cannot read IP mode file for STMicroelectronics.X-CUBE-ALS.1.0.2
2025-08-12 21:43:21,533 [WARN] PackLoader:240 - Cannot read IP mode file for STMicroelectronics.X-CUBE-TOUCHGFX.4.24.2
2025-08-12 21:43:21,549 [WARN] PackLoader:240 - Cannot read IP mode file for STMicroelectronics.X-CUBE-TOUCHGFX.4.24.1
2025-08-12 21:43:21,565 [WARN] PackLoader:240 - Cannot read IP mode file for wolfSSL.I-CUBE-wolfTPM.3.4.0
2025-08-12 21:43:21,581 [WARN] PackLoader:240 - Cannot read IP mode file for portGmbH.I-Cube-SoM-uGOAL.1.1.0
2025-08-12 21:43:21,608 [WARN] PackLoader:240 - Cannot read IP mode file for STMicroelectronics.X-CUBE-AZRTOS-H7RS.1.0.0
2025-08-12 21:43:21,630 [WARN] PackLoader:240 - Cannot read IP mode file for STMicroelectronics.X-CUBE-TOF1.3.4.2
2025-08-12 21:43:21,655 [ERROR] Engine:466 - C:\Users\nacho\.stm32cubemx\thirdparties\pdsc\STMicroelectronics.X-CUBE-TOF1.3.4.3.pdsc: PDSC version is not supported
2025-08-12 21:43:21,683 [WARN] PackLoader:240 - Cannot read IP mode file for Infineon.AIROC-Wi-Fi-Bluetooth-STM32.1.6.1
2025-08-12 21:43:21,700 [WARN] PackLoader:240 - Cannot read IP mode file for wolfSSL.I-CUBE-wolfSSH.1.4.17
2025-08-12 21:43:21,701 [INFO] ThirdParty:978 - Integrity check success = true
2025-08-12 21:43:21,701 [INFO] IntegrityCheckThread:100 - exiting critical section [integrity check]
2025-08-12 21:43:21,701 [INFO] IntegrityCheckThread:103 - End integrity checks thread
2025-08-12 21:46:05,058 [ERROR] LogOutputStream:75 - [STDERR_REDIRECT] 
2025-08-12 21:46:21,129 [INFO] Activator:176 - 


2025-08-12 21:46:21,136 [INFO] Activator:177 - !SESSION log4j initialized
2025-08-12 21:46:24,508 [INFO] LogOutputStream:77 - [STDOUT_REDIRECT] 
2025-08-12 21:46:26,112 [INFO] ApplicationProperties:184 - Using Application install path: C:\ST\STM32CubeIDE_1.16.1\STM32CubeIDE\plugins\com.st.stm32cube.common.mx_6.12.1.202409122256
2025-08-12 21:46:26,134 [INFO] DbMcusXml:78 - Set database path to: C:\ST\STM32CubeIDE_1.16.1\STM32CubeIDE\plugins\com.st.stm32cube.common.mx_6.12.1.202409122256\\db\/mcu/
2025-08-12 21:46:26,134 [INFO] ApiDb:274 - Set plugin database path to: C:\ST\STM32CubeIDE_1.16.1\STM32CubeIDE\plugins\com.st.stm32cube.common.mx_6.12.1.202409122256\\db\/plugins/boardmanager/
2025-08-12 21:46:26,134 [WARN] ApiDb:259 - Overriding images path with different value:  => C:\ST\STM32CubeIDE_1.16.1\STM32CubeIDE\plugins\com.st.stm32cube.common.mx_6.12.1.202409122256\\db\/plugins/mcufinder/images/
2025-08-12 21:46:26,142 [INFO] ApiDb:250 - Set database path to: C:\Users\nacho\.stmcufinder\plugins\mcufinder//mcu/
2025-08-12 21:46:26,144 [INFO] DbMcusAds:125 - Set database path to: C:\Users\nacho\.stmcufinder\plugins\mcufinder//mcu/
2025-08-12 21:46:26,146 [INFO] CrossReferenceDbSqlite:203 - Set database path to: C:\Users\nacho\.stmcufinder\plugins\mcufinder//mcu/cs/
2025-08-12 21:46:26,273 [INFO] RulesReader:64 - Compatibility file has been processed (297 Rules)
2025-08-12 21:46:26,352 [INFO] DbMcusXml:78 - Set database path to: C:\ST\STM32CubeIDE_1.16.1\STM32CubeIDE\plugins\com.st.stm32cube.common.mx_6.12.1.202409122256\\db\/mcu/
2025-08-12 21:46:26,352 [INFO] ApiDb:274 - Set plugin database path to: C:\ST\STM32CubeIDE_1.16.1\STM32CubeIDE\plugins\com.st.stm32cube.common.mx_6.12.1.202409122256\\db\/plugins/boardmanager/
2025-08-12 21:46:26,353 [INFO] ApiDb:261 - Set plugin images path to: C:\ST\STM32CubeIDE_1.16.1\STM32CubeIDE\plugins\com.st.stm32cube.common.mx_6.12.1.202409122256\\db\/plugins/mcufinder/images/
2025-08-12 21:46:26,353 [WARN] DbFile:41 - Overriding database path with different value: C:\Users\nacho\.stmcufinder\plugins\mcufinder/ => C:\Users\nacho\.stmcufinder\plugins\mcufinder
2025-08-12 21:46:26,353 [INFO] ApiDb:250 - Set database path to: C:\Users\nacho\.stmcufinder\plugins\mcufinder//mcu/
2025-08-12 21:46:26,353 [WARN] DbFile:41 - Overriding database path with different value: C:\Users\nacho\.stmcufinder\plugins\mcufinder/ => C:\Users\nacho\.stmcufinder\plugins\mcufinder
2025-08-12 21:46:26,353 [INFO] DbMcusAds:125 - Set database path to: C:\Users\nacho\.stmcufinder\plugins\mcufinder//mcu/
2025-08-12 21:46:26,353 [WARN] DbFile:41 - Overriding database path with different value: C:\Users\nacho\.stmcufinder\plugins\mcufinder/ => C:\Users\nacho\.stmcufinder\plugins\mcufinder
2025-08-12 21:46:26,353 [WARN] DbFile:41 - Overriding database path with different value: C:\Users\nacho\.stmcufinder\plugins\mcufinder/ => C:\Users\nacho\.stmcufinder\plugins\mcufinder
2025-08-12 21:46:26,353 [INFO] CrossReferenceDbSqlite:203 - Set database path to: C:\Users\nacho\.stmcufinder\plugins\mcufinder//mcu/cs/
2025-08-12 21:46:26,428 [INFO] MainPanel:268 - HeapMemory: 268435456
2025-08-12 21:46:26,534 [INFO] DbMcusXml:78 - Set database path to: C:\ST\STM32CubeIDE_1.16.1\STM32CubeIDE\plugins\com.st.stm32cube.common.mx_6.12.1.202409122256\\db\/mcu/
2025-08-12 21:46:26,534 [INFO] ApiDb:274 - Set plugin database path to: C:\ST\STM32CubeIDE_1.16.1\STM32CubeIDE\plugins\com.st.stm32cube.common.mx_6.12.1.202409122256\\db\/plugins/boardmanager/
2025-08-12 21:46:26,534 [INFO] ApiDb:261 - Set plugin images path to: C:\ST\STM32CubeIDE_1.16.1\STM32CubeIDE\plugins\com.st.stm32cube.common.mx_6.12.1.202409122256\\db\/plugins/mcufinder/images/
2025-08-12 21:46:26,534 [WARN] DbFile:41 - Overriding database path with different value: C:\Users\nacho\.stmcufinder\plugins\mcufinder/ => C:\Users\nacho\.stmcufinder\plugins\mcufinder
2025-08-12 21:46:26,534 [INFO] ApiDb:250 - Set database path to: C:\Users\nacho\.stmcufinder\plugins\mcufinder//mcu/
2025-08-12 21:46:26,534 [WARN] DbFile:41 - Overriding database path with different value: C:\Users\nacho\.stmcufinder\plugins\mcufinder/ => C:\Users\nacho\.stmcufinder\plugins\mcufinder
2025-08-12 21:46:26,534 [INFO] DbMcusAds:125 - Set database path to: C:\Users\nacho\.stmcufinder\plugins\mcufinder//mcu/
2025-08-12 21:46:26,534 [WARN] DbFile:41 - Overriding database path with different value: C:\Users\nacho\.stmcufinder\plugins\mcufinder/ => C:\Users\nacho\.stmcufinder\plugins\mcufinder
2025-08-12 21:46:26,534 [WARN] DbFile:41 - Overriding database path with different value: C:\Users\nacho\.stmcufinder\plugins\mcufinder/ => C:\Users\nacho\.stmcufinder\plugins\mcufinder
2025-08-12 21:46:26,534 [INFO] CrossReferenceDbSqlite:203 - Set database path to: C:\Users\nacho\.stmcufinder\plugins\mcufinder//mcu/cs/
2025-08-12 21:46:26,548 [INFO] ApplicationProperties:184 - Using Application install path: C:\ST\STM32CubeIDE_1.16.1\STM32CubeIDE\plugins\com.st.stm32cube.common.mx_6.12.1.202409122256
2025-08-12 21:46:26,550 [INFO] PluginManage:196 - Search for loadable plugins [exclusion list=, ]
2025-08-12 21:46:26,551 [INFO] PluginManage:310 - Check plugin analytics
2025-08-12 21:46:26,716 [INFO] AnalyticsPlugin:253 - Accepted Software Licenses: STM32CubeMX.6.12.1,STM32CubeMX.6.15.0
2025-08-12 21:46:26,716 [INFO] AnalyticsPlugin:255 - Accepted CMSIS Pack Licenses: 
2025-08-12 21:46:26,716 [INFO] AnalyticsPlugin:257 - Accepted Firmware Licenses: FW.WL.1.3.0
2025-08-12 21:46:26,719 [INFO] PluginManage:359 - Loaded plugin analytics (category:tool,tabindex:-1)
2025-08-12 21:46:26,720 [INFO] PluginManage:310 - Check plugin cadmodel
2025-08-12 21:46:26,725 [INFO] CADModel:105 - Init CAD model plugin
2025-08-12 21:46:26,726 [INFO] PluginManage:359 - Loaded plugin cadmodel (category:power,tabindex:5)
2025-08-12 21:46:26,726 [INFO] PluginManage:310 - Check plugin clock
2025-08-12 21:46:26,737 [INFO] PluginManage:359 - Loaded plugin clock (category:base,tabindex:2)
2025-08-12 21:46:26,737 [INFO] PluginManage:310 - Check plugin ddr
2025-08-12 21:46:26,740 [INFO] PluginManage:359 - Loaded plugin ddr (category:tool,tabindex:6)
2025-08-12 21:46:26,740 [INFO] PluginManage:310 - Check plugin filemanager
2025-08-12 21:46:26,872 [INFO] PluginManage:359 - Loaded plugin filemanager (category:base,tabindex:10)
2025-08-12 21:46:26,873 [INFO] PluginManage:310 - Check plugin ipmanager
2025-08-12 21:46:26,878 [INFO] PluginManage:359 - Loaded plugin ipmanager (category:base,tabindex:5)
2025-08-12 21:46:26,878 [INFO] PluginManage:310 - Check plugin lpbam
2025-08-12 21:46:26,885 [INFO] PluginManage:359 - Loaded plugin lpbam (category:base,tabindex:0)
2025-08-12 21:46:26,885 [INFO] PluginManage:310 - Check plugin memorymap
2025-08-12 21:46:26,893 [INFO] PluginManage:359 - Loaded plugin memorymap (category:base,tabindex:4)
2025-08-12 21:46:26,893 [INFO] PluginManage:310 - Check plugin pinoutandconfiguration
2025-08-12 21:46:26,898 [INFO] PluginManage:359 - Loaded plugin pinoutandconfiguration (category:base,tabindex:1)
2025-08-12 21:46:26,898 [INFO] PluginManage:310 - Check plugin pinoutconfig
2025-08-12 21:46:26,969 [WARN] SupportedApi:132 - Cannot load RTOS API schema: s4s-elt-must-match.1: The content of 'definitions' must match (annotation?, (simpleType | complexType)?, (unique | key | keyref)*)). A problem was found starting at: attribute.
2025-08-12 21:46:27,078 [INFO] PluginManage:359 - Loaded plugin pinoutconfig (category:base,tabindex:0)
2025-08-12 21:46:27,079 [INFO] PluginManage:310 - Check plugin power
2025-08-12 21:46:27,088 [INFO] PluginManage:359 - Loaded plugin power (category:power,tabindex:4)
2025-08-12 21:46:27,088 [INFO] PluginManage:310 - Check plugin projectmanager
2025-08-12 21:46:27,104 [INFO] PluginManage:359 - Loaded plugin projectmanager (category:projectmanager,tabindex:4)
2025-08-12 21:46:27,104 [INFO] PluginManage:310 - Check plugin rif
2025-08-12 21:46:27,109 [INFO] PluginManage:359 - Loaded plugin rif (category:base,tabindex:3)
2025-08-12 21:46:27,109 [INFO] PluginManage:310 - Check plugin thirdparty
2025-08-12 21:46:27,221 [INFO] PluginManage:359 - Loaded plugin thirdparty (category:base,tabindex:-1)
2025-08-12 21:46:27,221 [INFO] PluginManage:310 - Check plugin tools
2025-08-12 21:46:27,221 [WARN] IntegrityCheckThread:84 - waiting for thirdparty lock release [integrity check]
2025-08-12 21:46:27,221 [INFO] IntegrityCheckThread:86 - entering critical section [integrity check]
2025-08-12 21:46:27,222 [INFO] ThirdPartyUpdaterWithRetryManager:70 - Updater plugin not ready yet. [1/15]
2025-08-12 21:46:27,223 [INFO] PluginManage:359 - Loaded plugin tools (category:base,tabindex:7)
2025-08-12 21:46:27,223 [INFO] PluginManage:310 - Check plugin tutovideos
2025-08-12 21:46:27,394 [INFO] PluginManage:359 - Loaded plugin tutovideos (category:base,tabindex:-1)
2025-08-12 21:46:27,394 [INFO] PluginManage:310 - Check plugin updater
2025-08-12 21:46:27,406 [INFO] PluginManage:359 - Loaded plugin updater (category:base,tabindex:12)
2025-08-12 21:46:27,406 [INFO] PluginManage:310 - Check plugin userauth
2025-08-12 21:46:27,411 [INFO] UserAuth:113 - Init User Auth plugin
2025-08-12 21:46:27,411 [INFO] PluginManage:359 - Loaded plugin userauth (category:base,tabindex:14)
2025-08-12 21:46:27,411 [INFO] PluginManage:283 - PluginManage : Loaded plugins [18]
2025-08-12 21:46:27,575 [INFO] PinOutPanel:1561 - setPackage(No Configuration,No Configuration)
2025-08-12 21:46:27,647 [INFO] CADModel:165 - CPN selected for project level
2025-08-12 21:46:27,647 [INFO] CADModel:114 - Register for checkConnection events
2025-08-12 21:46:27,660 [INFO] IPUIPlugin:80 - create IPUIPlugin
2025-08-12 21:46:27,660 [INFO] PluginManager:220 - loadIPPluginJar : add adc
2025-08-12 21:46:27,662 [INFO] IPUIPlugin:80 - create IPUIPlugin
2025-08-12 21:46:27,662 [INFO] PluginManager:220 - loadIPPluginJar : add aes
2025-08-12 21:46:27,664 [INFO] IPUIPlugin:80 - create IPUIPlugin
2025-08-12 21:46:27,664 [INFO] PluginManager:220 - loadIPPluginJar : add can
2025-08-12 21:46:27,665 [INFO] IPUIPlugin:80 - create IPUIPlugin
2025-08-12 21:46:27,665 [INFO] PluginManager:220 - loadIPPluginJar : add comp
2025-08-12 21:46:27,666 [INFO] IPUIPlugin:80 - create IPUIPlugin
2025-08-12 21:46:27,666 [INFO] PluginManager:220 - loadIPPluginJar : add cryp
2025-08-12 21:46:27,668 [INFO] IPUIPlugin:80 - create IPUIPlugin
2025-08-12 21:46:27,668 [INFO] PluginManager:220 - loadIPPluginJar : add ddr_ctrl_phy
2025-08-12 21:46:27,670 [INFO] IPUIPlugin:80 - create IPUIPlugin
2025-08-12 21:46:27,670 [INFO] PluginManager:220 - loadIPPluginJar : add dfsdm
2025-08-12 21:46:27,674 [INFO] IPUIPlugin:80 - create IPUIPlugin
2025-08-12 21:46:27,675 [INFO] PluginManager:220 - loadIPPluginJar : add dma
2025-08-12 21:46:27,676 [INFO] IPUIPlugin:80 - create IPUIPlugin
2025-08-12 21:46:27,676 [INFO] PluginManager:220 - loadIPPluginJar : add dma3
2025-08-12 21:46:27,678 [INFO] IPUIPlugin:80 - create IPUIPlugin
2025-08-12 21:46:27,678 [INFO] PluginManager:220 - loadIPPluginJar : add extmemmanager
2025-08-12 21:46:27,680 [INFO] IPUIPlugin:80 - create IPUIPlugin
2025-08-12 21:46:27,680 [INFO] PluginManager:220 - loadIPPluginJar : add fatfs
2025-08-12 21:46:27,683 [INFO] IPUIPlugin:80 - create IPUIPlugin
2025-08-12 21:46:27,683 [INFO] PluginManager:220 - loadIPPluginJar : add fmc
2025-08-12 21:46:27,688 [INFO] IPUIPlugin:80 - create IPUIPlugin
2025-08-12 21:46:27,689 [INFO] PluginManager:220 - loadIPPluginJar : add freertos
2025-08-12 21:46:27,690 [INFO] IPUIPlugin:80 - create IPUIPlugin
2025-08-12 21:46:27,690 [INFO] PluginManager:220 - loadIPPluginJar : add genericplugin
2025-08-12 21:46:27,692 [INFO] IPUIPlugin:80 - create IPUIPlugin
2025-08-12 21:46:27,692 [INFO] PluginManager:220 - loadIPPluginJar : add gfxmmu
2025-08-12 21:46:27,695 [INFO] IPUIPlugin:80 - create IPUIPlugin
2025-08-12 21:46:27,695 [INFO] PluginManager:220 - loadIPPluginJar : add gic
2025-08-12 21:46:27,698 [INFO] IPUIPlugin:80 - create IPUIPlugin
2025-08-12 21:46:27,699 [INFO] PluginManager:220 - loadIPPluginJar : add gpio
2025-08-12 21:46:27,701 [INFO] IPUIPlugin:80 - create IPUIPlugin
2025-08-12 21:46:27,701 [INFO] PluginManager:220 - loadIPPluginJar : add gtzc
2025-08-12 21:46:27,703 [INFO] IPUIPlugin:80 - create IPUIPlugin
2025-08-12 21:46:27,703 [INFO] PluginManager:220 - loadIPPluginJar : add hash
2025-08-12 21:46:27,706 [INFO] IPUIPlugin:80 - create IPUIPlugin
2025-08-12 21:46:27,706 [INFO] PluginManager:220 - loadIPPluginJar : add i2c
2025-08-12 21:46:27,708 [INFO] IPUIPlugin:80 - create IPUIPlugin
2025-08-12 21:46:27,709 [INFO] PluginManager:220 - loadIPPluginJar : add i2s
2025-08-12 21:46:27,711 [INFO] IPUIPlugin:80 - create IPUIPlugin
2025-08-12 21:46:27,711 [INFO] PluginManager:220 - loadIPPluginJar : add i3c
2025-08-12 21:46:27,714 [INFO] IPUIPlugin:80 - create IPUIPlugin
2025-08-12 21:46:27,715 [INFO] PluginManager:220 - loadIPPluginJar : add ipddr
2025-08-12 21:46:27,721 [INFO] IPUIPlugin:80 - create IPUIPlugin
2025-08-12 21:46:27,721 [INFO] PluginManager:220 - loadIPPluginJar : add linkedlist
2025-08-12 21:46:27,725 [INFO] IPUIPlugin:80 - create IPUIPlugin
2025-08-12 21:46:27,725 [INFO] PluginManager:220 - loadIPPluginJar : add lorawan
2025-08-12 21:46:27,726 [INFO] IPUIPlugin:80 - create IPUIPlugin
2025-08-12 21:46:27,726 [INFO] PluginManager:220 - loadIPPluginJar : add ltdc
2025-08-12 21:46:27,735 [INFO] IPUIPlugin:80 - create IPUIPlugin
2025-08-12 21:46:27,735 [INFO] PluginManager:220 - loadIPPluginJar : add mdma
2025-08-12 21:46:27,738 [INFO] IPUIPlugin:80 - create IPUIPlugin
2025-08-12 21:46:27,738 [INFO] PluginManager:220 - loadIPPluginJar : add nvic
2025-08-12 21:46:27,740 [INFO] IPUIPlugin:80 - create IPUIPlugin
2025-08-12 21:46:27,740 [INFO] PluginManager:220 - loadIPPluginJar : add opamp
2025-08-12 21:46:27,742 [INFO] IPUIPlugin:80 - create IPUIPlugin
2025-08-12 21:46:27,742 [INFO] PluginManager:220 - loadIPPluginJar : add openamp
2025-08-12 21:46:27,744 [INFO] IPUIPlugin:80 - create IPUIPlugin
2025-08-12 21:46:27,744 [INFO] PluginManager:220 - loadIPPluginJar : add pdm2pcm
2025-08-12 21:46:27,749 [INFO] IPUIPlugin:80 - create IPUIPlugin
2025-08-12 21:46:27,751 [INFO] PluginManager:220 - loadIPPluginJar : add plateformsettings
2025-08-12 21:46:27,753 [INFO] IPUIPlugin:80 - create IPUIPlugin
2025-08-12 21:46:27,753 [INFO] PluginManager:220 - loadIPPluginJar : add quadspi
2025-08-12 21:46:27,754 [INFO] IPUIPlugin:80 - create IPUIPlugin
2025-08-12 21:46:27,755 [INFO] PluginManager:220 - loadIPPluginJar : add radio
2025-08-12 21:46:27,757 [INFO] IPUIPlugin:80 - create IPUIPlugin
2025-08-12 21:46:27,757 [INFO] PluginManager:220 - loadIPPluginJar : add resmgrutility
2025-08-12 21:46:27,759 [INFO] IPUIPlugin:80 - create IPUIPlugin
2025-08-12 21:46:27,759 [INFO] PluginManager:220 - loadIPPluginJar : add sai
2025-08-12 21:46:27,761 [INFO] IPUIPlugin:80 - create IPUIPlugin
2025-08-12 21:46:27,761 [INFO] PluginManager:220 - loadIPPluginJar : add spi
2025-08-12 21:46:27,764 [INFO] IPUIPlugin:80 - create IPUIPlugin
2025-08-12 21:46:27,764 [INFO] PluginManager:220 - loadIPPluginJar : add stm32_wpan
2025-08-12 21:46:27,765 [INFO] IPUIPlugin:80 - create IPUIPlugin
2025-08-12 21:46:27,766 [INFO] PluginManager:220 - loadIPPluginJar : add tim
2025-08-12 21:46:27,767 [INFO] IPUIPlugin:80 - create IPUIPlugin
2025-08-12 21:46:27,768 [INFO] PluginManager:220 - loadIPPluginJar : add touchsensing
2025-08-12 21:46:27,769 [INFO] IPUIPlugin:80 - create IPUIPlugin
2025-08-12 21:46:27,769 [INFO] PluginManager:220 - loadIPPluginJar : add tracer_emb
2025-08-12 21:46:27,770 [INFO] IPUIPlugin:80 - create IPUIPlugin
2025-08-12 21:46:27,770 [INFO] PluginManager:220 - loadIPPluginJar : add ts
2025-08-12 21:46:27,771 [INFO] IPUIPlugin:80 - create IPUIPlugin
2025-08-12 21:46:27,771 [INFO] PluginManager:220 - loadIPPluginJar : add tsc
2025-08-12 21:46:27,772 [INFO] IPUIPlugin:80 - create IPUIPlugin
2025-08-12 21:46:27,772 [INFO] PluginManager:220 - loadIPPluginJar : add ucpd
2025-08-12 21:46:27,774 [INFO] IPUIPlugin:80 - create IPUIPlugin
2025-08-12 21:46:27,774 [INFO] PluginManager:220 - loadIPPluginJar : add usart
2025-08-12 21:46:27,776 [INFO] IPUIPlugin:80 - create IPUIPlugin
2025-08-12 21:46:27,776 [INFO] PluginManager:220 - loadIPPluginJar : add usbx
2025-08-12 21:46:27,892 [INFO] CADModel:165 - CPN selected for project level
2025-08-12 21:46:27,893 [INFO] CADModel:114 - Register for checkConnection events
2025-08-12 21:46:27,893 [FATAL] Updater:334 - Updater called before beeing initialized
2025-08-12 21:46:27,893 [ERROR] CADModel:125 - Updater not yet initialized, retry later 
2025-08-12 21:46:28,039 [INFO] CADModel:165 - CPN selected for project level
2025-08-12 21:46:28,039 [INFO] CADModel:114 - Register for checkConnection events
2025-08-12 21:46:28,039 [FATAL] Updater:334 - Updater called before beeing initialized
2025-08-12 21:46:28,039 [ERROR] CADModel:125 - Updater not yet initialized, retry later 
2025-08-12 21:46:28,044 [FATAL] Updater:334 - Updater called before beeing initialized
2025-08-12 21:46:28,160 [FATAL] Updater:334 - Updater called before beeing initialized
2025-08-12 21:46:28,164 [INFO] DbMcusAds:53 - JSON generation date=Thu Sep 30 03:55:09 ART 2021 (1632984909247)
2025-08-12 21:46:28,164 [FATAL] Updater:334 - Updater called before beeing initialized
2025-08-12 21:46:28,193 [WARN] DetailPanel:346 - Failed to get advertising image, set to default
2025-08-12 21:46:28,267 [FATAL] Updater:334 - Updater called before beeing initialized
2025-08-12 21:46:28,269 [FATAL] Updater:334 - Updater called before beeing initialized
2025-08-12 21:46:28,269 [FATAL] Updater:334 - Updater called before beeing initialized
2025-08-12 21:46:28,269 [WARN] DetailPanel:346 - Failed to get advertising image, set to default
2025-08-12 21:46:28,270 [FATAL] Updater:334 - Updater called before beeing initialized
2025-08-12 21:46:28,305 [ERROR] Updater:1164 - MainUpdater not yet initialized. External WinMGr cannot be set.
2025-08-12 21:46:28,307 [INFO] Updater:1100 - Updater Version found : 6.12.1
2025-08-12 21:46:28,321 [INFO] ApplicationProperties:184 - Using Application install path: C:\ST\STM32CubeIDE_1.16.1\STM32CubeIDE\plugins\com.st.stm32cube.common.mx_6.12.1.202409122256
2025-08-12 21:46:28,540 [INFO] MainUpdater:2873 - connection check result : 10
2025-08-12 21:46:28,540 [INFO] MainUpdater:290 - Updater Check For Update Now.
2025-08-12 21:46:28,540 [INFO] MicroXplorer:498 - Change Database Version : DB.6.0.121
2025-08-12 21:46:28,546 [INFO] McuFinderGlobals:63 - Set McuFinder mode to 2 (CubeIDE integrated)
2025-08-12 21:46:28,547 [INFO] UserAuth:417 - Internet connection configuration mode: 1
2025-08-12 21:46:28,575 [INFO] JxBrowserEngine:152 - Initiate JxBrowser Engine with user profile folder
2025-08-12 21:46:28,737 [INFO] CheckServerUpdateThread:120 - End of CheckServer Thread
2025-08-12 21:46:29,145 [INFO] WebApp:167 - Instantiating new browser for Auth
2025-08-12 21:46:30,459 [WARN] PackLoader:240 - Cannot read IP mode file for STMicroelectronics.FP-SNS-MOTENVWB1.1.4.0
2025-08-12 21:46:30,469 [WARN] PackLoader:240 - Cannot read IP mode file for STMicroelectronics.FP-ATR-ASTRA1.2.0.2
2025-08-12 21:46:30,476 [WARN] PackLoader:240 - Cannot read IP mode file for STMicroelectronics.FP-ATR-ASTRA1.2.0.1
2025-08-12 21:46:30,492 [WARN] PackLoader:240 - Cannot read IP mode file for STMicroelectronics.X-CUBE-SMBUS.2.1.0
2025-08-12 21:46:30,506 [WARN] PackLoader:240 - Cannot read IP mode file for STMicroelectronics.X-CUBE-WB05N.1.1.0
2025-08-12 21:46:30,514 [ERROR] Engine:466 - C:\Users\nacho\.stm32cubemx\thirdparties\pdsc\STMicroelectronics.X-CUBE-ST60.1.0.0.pdsc: PDSC version is not supported
2025-08-12 21:46:30,566 [WARN] PackLoader:240 - Cannot read IP mode file for STMicroelectronics.X-CUBE-AZRTOS-F7.1.1.0
2025-08-12 21:46:30,646 [INFO] WebApp:448 - Apply proxy settings
2025-08-12 21:46:30,646 [INFO] WebApp:533 - Chromium requires no authentication
2025-08-12 21:46:30,656 [WARN] PackLoader:240 - Cannot read IP mode file for STMicroelectronics.X-CUBE-MEMS1.11.0.0
2025-08-12 21:46:30,673 [INFO] WebApp:476 - Direct internet connection detected
2025-08-12 21:46:30,732 [INFO] WebApp:869 - Register for checkConnection events
2025-08-12 21:46:30,732 [INFO] WebApp:448 - Apply proxy settings
2025-08-12 21:46:30,732 [INFO] WebApp:533 - Chromium requires no authentication
2025-08-12 21:46:30,733 [INFO] WebApp:476 - Direct internet connection detected
2025-08-12 21:46:30,785 [WARN] PackLoader:240 - Cannot read IP mode file for STMicroelectronics.FP-SNS-FLIGHT1.5.0.2
2025-08-12 21:46:30,804 [WARN] PackLoader:240 - Cannot read IP mode file for STMicroelectronics.X-CUBE-AZRTOS-H7.3.4.0
2025-08-12 21:46:30,812 [WARN] PackLoader:240 - Cannot read IP mode file for STMicroelectronics.X-CUBE-DISPLAY.3.0.0
2025-08-12 21:46:30,820 [WARN] PackLoader:240 - Cannot read IP mode file for STMicroelectronics.X-CUBE-BLE1.7.0.0
2025-08-12 21:46:30,826 [WARN] PackLoader:240 - Cannot read IP mode file for STMicroelectronics.X-CUBE-NFC10.1.0.0
2025-08-12 21:46:30,840 [WARN] PackLoader:240 - Cannot read IP mode file for STMicroelectronics.X-CUBE-BLEMGR.4.0.0
2025-08-12 21:46:30,852 [WARN] PackLoader:240 - Cannot read IP mode file for emotas.I-CUBE-CANOPEN.1.3.0
2025-08-12 21:46:30,863 [WARN] PackLoader:240 - Cannot read IP mode file for STMicroelectronics.X-CUBE-BLEMGR.3.1.0
2025-08-12 21:46:30,869 [INFO] WebApp:186 - Connection restablished
2025-08-12 21:46:30,872 [WARN] PackLoader:240 - Cannot read IP mode file for STMicroelectronics.X-CUBE-AI.10.0.0
2025-08-12 21:46:30,877 [ERROR] Engine:466 - C:\Users\nacho\.stm32cubemx\thirdparties\pdsc\STMicroelectronics.FP-SNS-STBOX1.2.1.0.pdsc: PDSC version is not supported
2025-08-12 21:46:30,882 [WARN] PackLoader:240 - Cannot read IP mode file for STMicroelectronics.FP-SNS-SMARTAG2.1.2.0
2025-08-12 21:46:30,886 [ERROR] Engine:466 - C:\Users\nacho\.stm32cubemx\thirdparties\pdsc\STMicroelectronics.FP-SNS-FLIGHT1.5.1.0.pdsc: PDSC version is not supported
2025-08-12 21:46:30,959 [WARN] PackLoader:240 - Cannot read IP mode file for STMicroelectronics.X-CUBE-MEMS1.11.1.0
2025-08-12 21:46:31,090 [INFO] WebApp:220 - Starting web application
2025-08-12 21:46:31,091 [INFO] WebApp:578 - Web application path used C:\ST\STM32CubeIDE_1.16.1\STM32CubeIDE\plugins\com.st.stm32cube.common.mx_6.12.1.202409122256\db\plugins\mcufinder\reactClient1\index.html
2025-08-12 21:46:31,116 [INFO] LogOutputStream:77 - [STDOUT_REDIRECT] 1 : Invalid condition id : UX_CORESTACK_Condition cause : null
2025-08-12 21:46:31,117 [INFO] LogOutputStream:77 - [STDOUT_REDIRECT] 1 : Invalid condition id : UX_CORESTACK_Condition cause : null
2025-08-12 21:46:31,118 [INFO] LogOutputStream:77 - [STDOUT_REDIRECT] 1 : Invalid condition id : UX_CORESTACK_Condition cause : null
2025-08-12 21:46:31,120 [INFO] LogOutputStream:77 - [STDOUT_REDIRECT] 1 : Invalid condition id : UX_CORESTACK_Condition cause : null
2025-08-12 21:46:31,121 [INFO] LogOutputStream:77 - [STDOUT_REDIRECT] 1 : Invalid condition id : UX_CORESTACK_Condition cause : null
2025-08-12 21:46:31,123 [WARN] PackLoader:240 - Cannot read IP mode file for STMicroelectronics.X-CUBE-AZRTOS-WL.2.0.0
2025-08-12 21:46:31,130 [WARN] PackLoader:240 - Cannot read IP mode file for STMicroelectronics.FP-SNS-MOTENV1.5.0.0
2025-08-12 21:46:31,136 [WARN] PackLoader:240 - Cannot read IP mode file for wolfSSL.I-CUBE-wolfMQTT.1.19.0
2025-08-12 21:46:31,146 [WARN] PackLoader:240 - Cannot read IP mode file for WES.I-CUBE-Cesium.1.3.0
2025-08-12 21:46:31,156 [WARN] PackLoader:240 - Cannot read IP mode file for STMicroelectronics.X-CUBE-BLE2.3.3.0
2025-08-12 21:46:31,165 [WARN] PackLoader:240 - Cannot read IP mode file for STMicroelectronics.X-CUBE-NFC9.1.0.0
2025-08-12 21:46:31,172 [WARN] PackLoader:240 - Cannot read IP mode file for STMicroelectronics.X-CUBE-BLE1.7.1.0
2025-08-12 21:46:31,180 [WARN] PackLoader:240 - Cannot read IP mode file for STMicroelectronics.X-CUBE-TCPP.4.1.0
2025-08-12 21:46:31,191 [WARN] PackLoader:240 - Cannot read IP mode file for STMicroelectronics.X-CUBE-EEPRMA1.5.2.0
2025-08-12 21:46:31,198 [WARN] PackLoader:240 - Cannot read IP mode file for STMicroelectronics.X-CUBE-AI.10.1.0
2025-08-12 21:46:31,246 [WARN] PackLoader:240 - Cannot read IP mode file for STMicroelectronics.X-CUBE-MEMS1.11.2.0
2025-08-12 21:46:31,248 [INFO] UserAuth:417 - Internet connection configuration mode: 1
2025-08-12 21:46:31,409 [WARN] PackLoader:240 - Cannot read IP mode file for STMicroelectronics.X-CUBE-AZRTOS-G0.1.1.0
2025-08-12 21:46:31,417 [WARN] PackLoader:240 - Cannot read IP mode file for STMicroelectronics.X-CUBE-SAFEA1.1.2.2
2025-08-12 21:46:31,423 [WARN] PackLoader:240 - Cannot read IP mode file for STMicroelectronics.X-CUBE-NFC4.3.0.0
2025-08-12 21:46:31,436 [WARN] PackLoader:240 - Cannot read IP mode file for EmbeddedOffice.I-CUBE-FS-RTOS.1.0.1
2025-08-12 21:46:31,436 [ERROR] ConditionMgr:805 - Attr not supported : Dmpu
2025-08-12 21:46:31,437 [ERROR] ConditionMgr:805 - Attr not supported : Dmpu
2025-08-12 21:46:31,437 [ERROR] ConditionMgr:805 - Attr not supported : Dmpu
2025-08-12 21:46:31,437 [ERROR] ConditionMgr:805 - Attr not supported : Dmpu
2025-08-12 21:46:31,437 [ERROR] ConditionMgr:805 - Attr not supported : Dmpu
2025-08-12 21:46:31,437 [ERROR] ConditionMgr:805 - Attr not supported : Dmpu
2025-08-12 21:46:31,437 [ERROR] ConditionMgr:805 - Attr not supported : Dmpu
2025-08-12 21:46:31,437 [ERROR] ConditionMgr:805 - Attr not supported : Dmpu
2025-08-12 21:46:31,437 [ERROR] ConditionMgr:805 - Attr not supported : Dmpu
2025-08-12 21:46:31,437 [ERROR] ConditionMgr:805 - Attr not supported : Dmpu
2025-08-12 21:46:31,437 [ERROR] ConditionMgr:805 - Attr not supported : Dmpu
2025-08-12 21:46:31,437 [ERROR] ConditionMgr:805 - Attr not supported : Dmpu
2025-08-12 21:46:31,437 [ERROR] ConditionMgr:805 - Attr not supported : Dmpu
2025-08-12 21:46:31,438 [ERROR] ConditionMgr:805 - Attr not supported : Dmpu
2025-08-12 21:46:31,438 [ERROR] ConditionMgr:805 - Attr not supported : Dmpu
2025-08-12 21:46:31,438 [ERROR] ConditionMgr:805 - Attr not supported : Dmpu
2025-08-12 21:46:31,438 [ERROR] ConditionMgr:805 - Attr not supported : Dmpu
2025-08-12 21:46:31,438 [ERROR] ConditionMgr:805 - Attr not supported : Dmpu
2025-08-12 21:46:31,438 [ERROR] ConditionMgr:805 - Attr not supported : Dmpu
2025-08-12 21:46:31,438 [ERROR] ConditionMgr:805 - Attr not supported : Dmpu
2025-08-12 21:46:31,438 [ERROR] ConditionMgr:805 - Attr not supported : Dmpu
2025-08-12 21:46:31,438 [ERROR] ConditionMgr:805 - Attr not supported : Dmpu
2025-08-12 21:46:31,438 [ERROR] ConditionMgr:805 - Attr not supported : Dmpu
2025-08-12 21:46:31,438 [ERROR] ConditionMgr:805 - Attr not supported : Dmpu
2025-08-12 21:46:31,438 [ERROR] ConditionMgr:805 - Attr not supported : Dmpu
2025-08-12 21:46:31,439 [ERROR] ConditionMgr:805 - Attr not supported : Dmpu
2025-08-12 21:46:31,439 [ERROR] ConditionMgr:805 - Attr not supported : Dmpu
2025-08-12 21:46:31,439 [ERROR] ConditionMgr:805 - Attr not supported : Dmpu
2025-08-12 21:46:31,439 [ERROR] ConditionMgr:805 - Attr not supported : Dmpu
2025-08-12 21:46:31,439 [ERROR] ConditionMgr:805 - Attr not supported : Dmpu
2025-08-12 21:46:31,439 [ERROR] ConditionMgr:805 - Attr not supported : Dmpu
2025-08-12 21:46:31,439 [ERROR] ConditionMgr:805 - Attr not supported : Dmpu
2025-08-12 21:46:31,439 [ERROR] ConditionMgr:805 - Attr not supported : Dmpu
2025-08-12 21:46:31,439 [ERROR] ConditionMgr:805 - Attr not supported : Dmpu
2025-08-12 21:46:31,439 [ERROR] ConditionMgr:805 - Attr not supported : Dmpu
2025-08-12 21:46:31,439 [ERROR] ConditionMgr:805 - Attr not supported : Dmpu
2025-08-12 21:46:31,439 [ERROR] ConditionMgr:805 - Attr not supported : Dmpu
2025-08-12 21:46:31,439 [ERROR] ConditionMgr:805 - Attr not supported : Dmpu
2025-08-12 21:46:31,440 [ERROR] ConditionMgr:805 - Attr not supported : Dmpu
2025-08-12 21:46:31,440 [ERROR] ConditionMgr:805 - Attr not supported : Dmpu
2025-08-12 21:46:31,440 [ERROR] ConditionMgr:805 - Attr not supported : Dmpu
2025-08-12 21:46:31,440 [ERROR] ConditionMgr:805 - Attr not supported : Dmpu
2025-08-12 21:46:31,440 [ERROR] ConditionMgr:805 - Attr not supported : Dmpu
2025-08-12 21:46:31,440 [ERROR] ConditionMgr:805 - Attr not supported : Dmpu
2025-08-12 21:46:31,440 [ERROR] ConditionMgr:805 - Attr not supported : Dmpu
2025-08-12 21:46:31,440 [ERROR] ConditionMgr:805 - Attr not supported : Dmpu
2025-08-12 21:46:31,440 [ERROR] ConditionMgr:805 - Attr not supported : Dmpu
2025-08-12 21:46:31,440 [ERROR] ConditionMgr:805 - Attr not supported : Dmpu
2025-08-12 21:46:31,440 [ERROR] ConditionMgr:805 - Attr not supported : Dmpu
2025-08-12 21:46:31,440 [ERROR] ConditionMgr:805 - Attr not supported : Dmpu
2025-08-12 21:46:31,441 [ERROR] ConditionMgr:805 - Attr not supported : Dmpu
2025-08-12 21:46:31,441 [ERROR] ConditionMgr:805 - Attr not supported : Dmpu
2025-08-12 21:46:31,441 [ERROR] ConditionMgr:805 - Attr not supported : Dmpu
2025-08-12 21:46:31,441 [ERROR] ConditionMgr:805 - Attr not supported : Dmpu
2025-08-12 21:46:31,441 [ERROR] ConditionMgr:805 - Attr not supported : Dmpu
2025-08-12 21:46:31,441 [ERROR] ConditionMgr:805 - Attr not supported : Dmpu
2025-08-12 21:46:31,441 [ERROR] ConditionMgr:805 - Attr not supported : Dmpu
2025-08-12 21:46:31,441 [ERROR] ConditionMgr:805 - Attr not supported : Dmpu
2025-08-12 21:46:31,441 [ERROR] ConditionMgr:805 - Attr not supported : Dmpu
2025-08-12 21:46:31,441 [ERROR] ConditionMgr:805 - Attr not supported : Dmpu
2025-08-12 21:46:31,441 [ERROR] ConditionMgr:805 - Attr not supported : Dmpu
2025-08-12 21:46:31,441 [ERROR] ConditionMgr:805 - Attr not supported : Dmpu
2025-08-12 21:46:31,441 [ERROR] ConditionMgr:805 - Attr not supported : Dmpu
2025-08-12 21:46:31,441 [ERROR] ConditionMgr:805 - Attr not supported : Dmpu
2025-08-12 21:46:31,447 [WARN] PackLoader:240 - Cannot read IP mode file for STMicroelectronics.X-CUBE-WB05N.2.0.0
2025-08-12 21:46:31,452 [ERROR] Engine:466 - C:\Users\nacho\.stm32cubemx\thirdparties\pdsc\STMicroelectronics.X-CUBE-TCPP.4.2.0.pdsc: PDSC version is not supported
2025-08-12 21:46:31,458 [WARN] PackLoader:240 - Cannot read IP mode file for RealThread.X-CUBE-RT-Thread_Nano.4.1.1
2025-08-12 21:46:31,463 [WARN] PackLoader:240 - Cannot read IP mode file for STMicroelectronics.FP-ATR-SIGFOX1.3.2.0
2025-08-12 21:46:31,470 [WARN] ConditionMgr:438 - getConditionDescription Invalid condition id : Cortex-A Device cause : null
2025-08-12 21:46:31,489 [WARN] ConditionMgr:1039 - genDependencies : Invalid condition id : Cortex-A Device cause : null
2025-08-12 21:46:31,490 [WARN] ConditionMgr:1039 - genDependencies : Invalid condition id : Cortex-A Device cause : null
2025-08-12 21:46:31,490 [WARN] ConditionMgr:1039 - genDependencies : Invalid condition id : Cortex-A Device cause : null
2025-08-12 21:46:31,496 [WARN] PackLoader:240 - Cannot read IP mode file for STMicroelectronics.X-CUBE-EEPRMA1.5.1.0
2025-08-12 21:46:31,502 [WARN] PackLoader:240 - Cannot read IP mode file for wolfSSL.I-CUBE-wolfSSL.5.7.4
2025-08-12 21:46:31,509 [WARN] PackLoader:240 - Cannot read IP mode file for ITTIA_DB.I-CUBE-ITTIADB.8.9.0
2025-08-12 21:46:31,515 [ERROR] Engine:466 - C:\Users\nacho\.stm32cubemx\thirdparties\pdsc\STMicroelectronics.X-CUBE-ST67W61.1.0.0.pdsc: PDSC version is not supported
2025-08-12 21:46:31,518 [WARN] PackLoader:240 - Cannot read IP mode file for STMicroelectronics.X-CUBE-AI.10.2.0
2025-08-12 21:46:31,549 [WARN] PackLoader:240 - Cannot read IP mode file for SEGGER.I-CUBE-embOS.1.3.1
2025-08-12 21:46:31,582 [WARN] PackLoader:240 - Cannot read IP mode file for STMicroelectronics.X-CUBE-ALGOBUILD.1.4.0
2025-08-12 21:46:31,621 [WARN] PackLoader:240 - Cannot read IP mode file for STMicroelectronics.X-CUBE-MEMS1.11.3.0
2025-08-12 21:46:31,735 [WARN] PackLoader:240 - Cannot read IP mode file for STMicroelectronics.X-CUBE-AI.9.1.0
2025-08-12 21:46:31,740 [WARN] PackLoader:240 - Cannot read IP mode file for STMicroelectronics.X-CUBE-PM33A1.1.0.0
2025-08-12 21:46:31,753 [WARN] PackLoader:240 - Cannot read IP mode file for STMicroelectronics.X-CUBE-AZRTOS-F4.1.1.0
2025-08-12 21:46:31,758 [ERROR] Engine:466 - C:\Users\nacho\.stm32cubemx\thirdparties\pdsc\Avnet-IotConnect.X-CUBE-IoTC-DA16k-PMOD.1.0.0.pdsc: PDSC version is not supported
2025-08-12 21:46:31,764 [WARN] PackLoader:240 - Cannot read IP mode file for STMicroelectronics.X-CUBE-ISPU.2.1.0
2025-08-12 21:46:31,770 [WARN] PackLoader:240 - Cannot read IP mode file for STMicroelectronics.X-CUBE-FREERTOS.1.2.0
2025-08-12 21:46:31,777 [WARN] PackLoader:240 - Cannot read IP mode file for STMicroelectronics.X-CUBE-NFC12.1.0.0
2025-08-12 21:46:31,790 [WARN] PackLoader:240 - Cannot read IP mode file for STMicroelectronics.X-CUBE-AZRTOS-L5.2.0.0
2025-08-12 21:46:31,798 [WARN] PackLoader:240 - Cannot read IP mode file for STMicroelectronics.X-CUBE-NFC6.3.1.0
2025-08-12 21:46:31,804 [WARN] PackLoader:240 - Cannot read IP mode file for STMicroelectronics.X-CUBE-DPower.1.2.0
2025-08-12 21:46:31,808 [WARN] PackLoader:240 - Cannot read IP mode file for STMicroelectronics.X-CUBE-FREERTOS.1.3.1
2025-08-12 21:46:31,812 [WARN] PackLoader:240 - Cannot read IP mode file for STMicroelectronics.X-CUBE-FREERTOS.1.3.0
2025-08-12 21:46:31,817 [WARN] PackLoader:240 - Cannot read IP mode file for STMicroelectronics.X-CUBE-NFC7.1.0.1
2025-08-12 21:46:31,819 [ERROR] Engine:466 - C:\Users\nacho\.stm32cubemx\thirdparties\pdsc\STMicroelectronics.FP-SNS-STAIOTCFT.1.0.0.pdsc: PDSC version is not supported
2025-08-12 21:46:31,823 [WARN] PackLoader:240 - Cannot read IP mode file for STMicroelectronics.X-CUBE-DPower.1.3.0
2025-08-12 21:46:31,841 [WARN] ConditionMgr:438 - getConditionDescription Invalid condition id : LAN8742 Phy interface Condition cause : null
2025-08-12 21:46:31,842 [WARN] PackLoader:240 - Cannot read IP mode file for STMicroelectronics.X-CUBE-AZRTOS-L4.2.0.0
2025-08-12 21:46:31,844 [WARN] ConditionMgr:1039 - genDependencies : Invalid condition id : LAN8742 Phy interface Condition cause : null
2025-08-12 21:46:31,845 [WARN] ConditionMgr:1039 - genDependencies : Invalid condition id : LAN8742 Phy interface Condition cause : null
2025-08-12 21:46:31,845 [WARN] ConditionMgr:1039 - genDependencies : Invalid condition id : LAN8742 Phy interface Condition cause : null
2025-08-12 21:46:31,851 [WARN] PackLoader:240 - Cannot read IP mode file for STMicroelectronics.X-CUBE-SFXS2LP1.4.0.0
2025-08-12 21:46:31,867 [WARN] PackLoader:240 - Cannot read IP mode file for STMicroelectronics.X-CUBE-AZRTOS-H7.3.3.0
2025-08-12 21:46:31,872 [ERROR] Engine:466 - C:\Users\nacho\.stm32cubemx\thirdparties\pdsc\STMicroelectronics.X-CUBE-BLEMGR.4.1.0.pdsc: PDSC version is not supported
2025-08-12 21:46:31,881 [WARN] PackLoader:240 - Cannot read IP mode file for STMicroelectronics.X-CUBE-IPS.3.0.0
2025-08-12 21:46:31,897 [WARN] ConditionMgr:438 - getConditionDescription Invalid condition id : UX DEVICE CLASS RTOS Condition cause : null
2025-08-12 21:46:31,897 [WARN] ConditionMgr:438 - getConditionDescription Invalid condition id : UX DEVICE CLASS RTOS Condition cause : null
2025-08-12 21:46:31,899 [WARN] PackLoader:240 - Cannot read IP mode file for STMicroelectronics.X-CUBE-AZRTOS-WB.2.0.0
2025-08-12 21:46:31,900 [WARN] ConditionMgr:1039 - genDependencies : Invalid condition id : UX DEVICE CLASS RTOS Condition cause : null
2025-08-12 21:46:31,900 [WARN] ConditionMgr:1039 - genDependencies : Invalid condition id : UX DEVICE CLASS RTOS Condition cause : null
2025-08-12 21:46:31,900 [WARN] ConditionMgr:1039 - genDependencies : Invalid condition id : UX DEVICE CLASS RTOS Condition cause : null
2025-08-12 21:46:31,900 [WARN] ConditionMgr:1039 - genDependencies : Invalid condition id : UX DEVICE CLASS RTOS Condition cause : null
2025-08-12 21:46:31,900 [WARN] ConditionMgr:1039 - genDependencies : Invalid condition id : UX DEVICE CLASS RTOS Condition cause : null
2025-08-12 21:46:31,907 [WARN] PackLoader:240 - Cannot read IP mode file for STMicroelectronics.X-CUBE-GNSS1.7.0.0
2025-08-12 21:46:31,913 [WARN] PackLoader:240 - Cannot read IP mode file for STMicroelectronics.X-CUBE-GNSS1.7.0.1
2025-08-12 21:46:31,919 [WARN] PackLoader:240 - Cannot read IP mode file for STMicroelectronics.X-CUBE-TOUCHGFX.4.25.0
2025-08-12 21:46:31,924 [WARN] PackLoader:240 - Cannot read IP mode file for STMicroelectronics.FP-SNS-STBOX1.2.0.0
2025-08-12 21:46:31,933 [WARN] PackLoader:240 - Cannot read IP mode file for STMicroelectronics.X-CUBE-SUBG2.5.0.0
2025-08-12 21:46:31,949 [WARN] PackLoader:240 - Cannot read IP mode file for STMicroelectronics.X-CUBE-AZRTOS-H7RS.1.1.0
2025-08-12 21:46:31,955 [WARN] PackLoader:240 - Cannot read IP mode file for Cesanta.I-CUBE-Mongoose.7.13.0
2025-08-12 21:46:31,965 [WARN] PackLoader:240 - Cannot read IP mode file for STMicroelectronics.X-CUBE-AZRTOS-G4.2.0.0
2025-08-12 21:46:31,969 [WARN] PackLoader:240 - Cannot read IP mode file for STMicroelectronics.X-CUBE-NFC7.2.0.0
2025-08-12 21:46:31,973 [ERROR] Engine:466 - C:\Users\nacho\.stm32cubemx\thirdparties\pdsc\STMicroelectronics.X-CUBE-IPS.3.1.0.pdsc: PDSC version is not supported
2025-08-12 21:46:31,976 [WARN] PackLoader:240 - Cannot read IP mode file for STMicroelectronics.X-CUBE-ALS.1.0.2
2025-08-12 21:46:31,978 [WARN] PackLoader:240 - Cannot read IP mode file for STMicroelectronics.X-CUBE-TOUCHGFX.4.24.2
2025-08-12 21:46:31,981 [WARN] PackLoader:240 - Cannot read IP mode file for STMicroelectronics.X-CUBE-TOUCHGFX.4.24.1
2025-08-12 21:46:31,984 [WARN] PackLoader:240 - Cannot read IP mode file for wolfSSL.I-CUBE-wolfTPM.3.4.0
2025-08-12 21:46:31,988 [WARN] PackLoader:240 - Cannot read IP mode file for portGmbH.I-Cube-SoM-uGOAL.1.1.0
2025-08-12 21:46:31,998 [WARN] PackLoader:240 - Cannot read IP mode file for STMicroelectronics.X-CUBE-AZRTOS-H7RS.1.0.0
2025-08-12 21:46:32,007 [WARN] PackLoader:240 - Cannot read IP mode file for STMicroelectronics.X-CUBE-TOF1.3.4.2
2025-08-12 21:46:32,017 [ERROR] Engine:466 - C:\Users\nacho\.stm32cubemx\thirdparties\pdsc\STMicroelectronics.X-CUBE-TOF1.3.4.3.pdsc: PDSC version is not supported
2025-08-12 21:46:32,034 [WARN] PackLoader:240 - Cannot read IP mode file for Infineon.AIROC-Wi-Fi-Bluetooth-STM32.1.6.1
2025-08-12 21:46:32,045 [WARN] PackLoader:240 - Cannot read IP mode file for wolfSSL.I-CUBE-wolfSSH.1.4.17
2025-08-12 21:46:32,046 [INFO] ThirdParty:978 - Integrity check success = true
2025-08-12 21:46:32,046 [INFO] IntegrityCheckThread:100 - exiting critical section [integrity check]
2025-08-12 21:46:32,046 [INFO] IntegrityCheckThread:103 - End integrity checks thread
2025-08-12 23:55:24,564 [INFO] WebApp:189 - Connection lost
2025-08-12 23:55:44,176 [ERROR] LogOutputStream:75 - [STDERR_REDIRECT] 23:55:44.175 ERROR Chromium process exit code: -2,147,483,645
2025-08-12 23:55:44,177 [ERROR] LogOutputStream:75 - [STDERR_REDIRECT] 
2025-08-12 23:55:44,178 [ERROR] LogOutputStream:75 - [STDERR_REDIRECT] 23:55:44.177 ERROR Crash dump dir: C:\Users\nacho\AppData\Local\JxBrowser\7.38.2\CrashReports
2025-08-12 23:55:44,178 [ERROR] LogOutputStream:75 - [STDERR_REDIRECT] 
2025-08-12 23:55:44,180 [ERROR] WebApp:397 - JxBrowser engine crashed! Exit code: -2147483645
